<?xml version="1.0" encoding="ISO-8859-1" ?>
<link_info>
   <banner>TI ARM Linker PC v18.1.5.LTS</banner>
   <copyright>Copyright (c) 1996-2018 Texas Instruments Incorporated</copyright>
   <link_time>0x5c7f459d</link_time>
   <link_errors>0x0</link_errors>
   <output_file>P2_Draft.out</output_file>
   <entry_point>
      <name>_c_int00_noargs</name>
      <address>0x37b1</address>
   </entry_point>
   <input_file_list>
      <input_file id="fl-2">
         <path>.\</path>
         <kind>object</kind>
         <file>Farm.obj</file>
         <name>Farm.obj</name>
      </input_file>
      <input_file id="fl-3">
         <path>.\</path>
         <kind>object</kind>
         <file>UART_HAL.obj</file>
         <name>UART_HAL.obj</name>
      </input_file>
      <input_file id="fl-4">
         <path>.\</path>
         <kind>object</kind>
         <file>draw_Farm.obj</file>
         <name>draw_Farm.obj</name>
      </input_file>
      <input_file id="fl-5">
         <path>.\</path>
         <kind>object</kind>
         <file>gameover.obj</file>
         <name>gameover.obj</name>
      </input_file>
      <input_file id="fl-6">
         <path>.\</path>
         <kind>object</kind>
         <file>graphics_HAL.obj</file>
         <name>graphics_HAL.obj</name>
      </input_file>
      <input_file id="fl-7">
         <path>.\</path>
         <kind>object</kind>
         <file>main_uart.obj</file>
         <name>main_uart.obj</name>
      </input_file>
      <input_file id="fl-8">
         <path>.\</path>
         <kind>object</kind>
         <file>system_msp432p401r.obj</file>
         <name>system_msp432p401r.obj</name>
      </input_file>
      <input_file id="fl-9">
         <path>.\LcdDriver\</path>
         <kind>object</kind>
         <file>Crystalfontz128x128_ST7735.obj</file>
         <name>Crystalfontz128x128_ST7735.obj</name>
      </input_file>
      <input_file id="fl-a">
         <path>.\LcdDriver\</path>
         <kind>object</kind>
         <file>HAL_MSP_EXP432P401R_Crystalfontz128x128_ST7735.obj</file>
         <name>HAL_MSP_EXP432P401R_Crystalfontz128x128_ST7735.obj</name>
      </input_file>
      <input_file id="fl-b">
         <path>.\ccs\</path>
         <kind>object</kind>
         <file>startup_msp432p401r_ccs.obj</file>
         <name>startup_msp432p401r_ccs.obj</name>
      </input_file>
      <input_file id="fl-c">
         <path>.\fonts\</path>
         <kind>object</kind>
         <file>fontcmtt16.obj</file>
         <name>fontcmtt16.obj</name>
      </input_file>
      <input_file id="fl-12">
         <kind>object</kind>
         <file>&lt;internal&gt;</file>
         <name>&lt;internal&gt;</name>
      </input_file>
      <input_file id="fl-13">
         <path>C:\ti\simplelink_msp432p4_sdk_2_40_00_10\source\ti\devices\msp432p4xx\driverlib\ccs\</path>
         <kind>archive</kind>
         <file>msp432p4xx_driverlib.lib</file>
         <name>gpio.o</name>
      </input_file>
      <input_file id="fl-14">
         <path>C:\ti\simplelink_msp432p4_sdk_2_40_00_10\source\ti\devices\msp432p4xx\driverlib\ccs\</path>
         <kind>archive</kind>
         <file>msp432p4xx_driverlib.lib</file>
         <name>interrupt.o</name>
      </input_file>
      <input_file id="fl-15">
         <path>C:\ti\simplelink_msp432p4_sdk_2_40_00_10\source\ti\devices\msp432p4xx\driverlib\ccs\</path>
         <kind>archive</kind>
         <file>msp432p4xx_driverlib.lib</file>
         <name>spi.o</name>
      </input_file>
      <input_file id="fl-16">
         <path>C:\ti\simplelink_msp432p4_sdk_2_40_00_10\source\ti\devices\msp432p4xx\driverlib\ccs\</path>
         <kind>archive</kind>
         <file>msp432p4xx_driverlib.lib</file>
         <name>timer32.o</name>
      </input_file>
      <input_file id="fl-17">
         <path>C:\ti\simplelink_msp432p4_sdk_2_40_00_10\source\ti\devices\msp432p4xx\driverlib\ccs\</path>
         <kind>archive</kind>
         <file>msp432p4xx_driverlib.lib</file>
         <name>uart.o</name>
      </input_file>
      <input_file id="fl-18">
         <path>C:\ti\simplelink_msp432p4_sdk_2_40_00_10\source\ti\devices\msp432p4xx\driverlib\ccs\</path>
         <kind>archive</kind>
         <file>msp432p4xx_driverlib.lib</file>
         <name>wdt_a.o</name>
      </input_file>
      <input_file id="fl-19">
         <path>C:\ti\simplelink_msp432p4_sdk_2_40_00_10\source\ti\devices\msp432p4xx\driverlib\ccs\</path>
         <kind>archive</kind>
         <file>msp432p4xx_driverlib.lib</file>
         <name>cpu.o</name>
      </input_file>
      <input_file id="fl-1a">
         <path>C:\ti\simplelink_msp432p4_sdk_2_40_00_10\source\ti\devices\msp432p4xx\driverlib\ccs\</path>
         <kind>archive</kind>
         <file>msp432p4xx_driverlib.lib</file>
         <name>sysctl_a.o</name>
      </input_file>
      <input_file id="fl-1b">
         <path>C:\ti\simplelink_msp432p4_sdk_2_40_00_10\source\ti\grlib\lib\ccs\m4f\</path>
         <kind>archive</kind>
         <file>grlib.a</file>
         <name>circle.obj</name>
      </input_file>
      <input_file id="fl-1c">
         <path>C:\ti\simplelink_msp432p4_sdk_2_40_00_10\source\ti\grlib\lib\ccs\m4f\</path>
         <kind>archive</kind>
         <file>grlib.a</file>
         <name>context.obj</name>
      </input_file>
      <input_file id="fl-1d">
         <path>C:\ti\simplelink_msp432p4_sdk_2_40_00_10\source\ti\grlib\lib\ccs\m4f\</path>
         <kind>archive</kind>
         <file>grlib.a</file>
         <name>display.obj</name>
      </input_file>
      <input_file id="fl-1e">
         <path>C:\ti\simplelink_msp432p4_sdk_2_40_00_10\source\ti\grlib\lib\ccs\m4f\</path>
         <kind>archive</kind>
         <file>grlib.a</file>
         <name>fontcmtt12.obj</name>
      </input_file>
      <input_file id="fl-1f">
         <path>C:\ti\simplelink_msp432p4_sdk_2_40_00_10\source\ti\grlib\lib\ccs\m4f\</path>
         <kind>archive</kind>
         <file>grlib.a</file>
         <name>image.obj</name>
      </input_file>
      <input_file id="fl-20">
         <path>C:\ti\simplelink_msp432p4_sdk_2_40_00_10\source\ti\grlib\lib\ccs\m4f\</path>
         <kind>archive</kind>
         <file>grlib.a</file>
         <name>line.obj</name>
      </input_file>
      <input_file id="fl-21">
         <path>C:\ti\simplelink_msp432p4_sdk_2_40_00_10\source\ti\grlib\lib\ccs\m4f\</path>
         <kind>archive</kind>
         <file>grlib.a</file>
         <name>rectangle.obj</name>
      </input_file>
      <input_file id="fl-22">
         <path>C:\ti\simplelink_msp432p4_sdk_2_40_00_10\source\ti\grlib\lib\ccs\m4f\</path>
         <kind>archive</kind>
         <file>grlib.a</file>
         <name>string.obj</name>
      </input_file>
      <input_file id="fl-d8">
         <path>C:\ti\ccsv8\tools\compiler\ti-cgt-arm_18.1.5.LTS\lib\</path>
         <kind>archive</kind>
         <file>rtsv7M4_T_le_v4SPD16_eabi.lib</file>
         <name>copy_zero_init.c.obj</name>
      </input_file>
      <input_file id="fl-d9">
         <path>C:\ti\ccsv8\tools\compiler\ti-cgt-arm_18.1.5.LTS\lib\</path>
         <kind>archive</kind>
         <file>rtsv7M4_T_le_v4SPD16_eabi.lib</file>
         <name>copy_decompress_none.c.obj</name>
      </input_file>
      <input_file id="fl-da">
         <path>C:\ti\ccsv8\tools\compiler\ti-cgt-arm_18.1.5.LTS\lib\</path>
         <kind>archive</kind>
         <file>rtsv7M4_T_le_v4SPD16_eabi.lib</file>
         <name>copy_decompress_lzss.c.obj</name>
      </input_file>
      <input_file id="fl-db">
         <path>C:\ti\ccsv8\tools\compiler\ti-cgt-arm_18.1.5.LTS\lib\</path>
         <kind>archive</kind>
         <file>rtsv7M4_T_le_v4SPD16_eabi.lib</file>
         <name>boot_cortex_m.c.obj</name>
      </input_file>
      <input_file id="fl-dc">
         <path>C:\ti\ccsv8\tools\compiler\ti-cgt-arm_18.1.5.LTS\lib\</path>
         <kind>archive</kind>
         <file>rtsv7M4_T_le_v4SPD16_eabi.lib</file>
         <name>exit.c.obj</name>
      </input_file>
      <input_file id="fl-dd">
         <path>C:\ti\ccsv8\tools\compiler\ti-cgt-arm_18.1.5.LTS\lib\</path>
         <kind>archive</kind>
         <file>rtsv7M4_T_le_v4SPD16_eabi.lib</file>
         <name>_lock.c.obj</name>
      </input_file>
      <input_file id="fl-de">
         <path>C:\ti\ccsv8\tools\compiler\ti-cgt-arm_18.1.5.LTS\lib\</path>
         <kind>archive</kind>
         <file>rtsv7M4_T_le_v4SPD16_eabi.lib</file>
         <name>args_main.c.obj</name>
      </input_file>
      <input_file id="fl-df">
         <path>C:\ti\ccsv8\tools\compiler\ti-cgt-arm_18.1.5.LTS\lib\</path>
         <kind>archive</kind>
         <file>rtsv7M4_T_le_v4SPD16_eabi.lib</file>
         <name>memset_t2.asm.obj</name>
      </input_file>
      <input_file id="fl-e0">
         <path>C:\ti\ccsv8\tools\compiler\ti-cgt-arm_18.1.5.LTS\lib\</path>
         <kind>archive</kind>
         <file>rtsv7M4_T_le_v4SPD16_eabi.lib</file>
         <name>memcpy_t2.asm.obj</name>
      </input_file>
      <input_file id="fl-e1">
         <path>C:\ti\ccsv8\tools\compiler\ti-cgt-arm_18.1.5.LTS\lib\</path>
         <kind>archive</kind>
         <file>rtsv7M4_T_le_v4SPD16_eabi.lib</file>
         <name>autoinit.c.obj</name>
      </input_file>
      <input_file id="fl-e2">
         <path>C:\ti\ccsv8\tools\compiler\ti-cgt-arm_18.1.5.LTS\lib\</path>
         <kind>archive</kind>
         <file>rtsv7M4_T_le_v4SPD16_eabi.lib</file>
         <name>pre_init.c.obj</name>
      </input_file>
      <input_file id="fl-e3">
         <path>C:\ti\ccsv8\tools\compiler\ti-cgt-arm_18.1.5.LTS\lib\</path>
         <kind>archive</kind>
         <file>rtsv7M4_T_le_v4SPD16_eabi.lib</file>
         <name>cpy_tbl.c.obj</name>
      </input_file>
   </input_file_list>
   <object_component_list>
      <object_component id="oc-23">
         <name>.intvecs:retain</name>
         <load_address>0x0</load_address>
         <run_address>0x0</run_address>
         <size>0xe4</size>
         <input_file_ref idref="fl-b"/>
      </object_component>
      <object_component id="oc-d2">
         <name>.text</name>
         <load_address>0xe4</load_address>
         <run_address>0xe4</run_address>
         <size>0x948</size>
         <input_file_ref idref="fl-4"/>
      </object_component>
      <object_component id="oc-cc">
         <name>.text</name>
         <load_address>0xa2c</load_address>
         <run_address>0xa2c</run_address>
         <size>0x7a0</size>
         <input_file_ref idref="fl-2"/>
      </object_component>
      <object_component id="oc-157">
         <name>.text</name>
         <load_address>0x11cc</load_address>
         <run_address>0x11cc</run_address>
         <size>0x680</size>
         <input_file_ref idref="fl-9"/>
      </object_component>
      <object_component id="oc-1c9">
         <name>.text:Graphics_drawString</name>
         <load_address>0x184c</load_address>
         <run_address>0x184c</run_address>
         <size>0x47e</size>
         <input_file_ref idref="fl-22"/>
      </object_component>
      <object_component id="oc-1e2">
         <name>.text:Graphics_drawImage</name>
         <load_address>0x1cca</load_address>
         <run_address>0x1cca</run_address>
         <size>0x390</size>
         <input_file_ref idref="fl-1f"/>
      </object_component>
      <object_component id="oc-a2">
         <name>.text</name>
         <load_address>0x205c</load_address>
         <run_address>0x205c</run_address>
         <size>0x378</size>
         <input_file_ref idref="fl-8"/>
      </object_component>
      <object_component id="oc-1cf">
         <name>.text:Graphics_fillCircle</name>
         <load_address>0x23d4</load_address>
         <run_address>0x23d4</run_address>
         <size>0x22a</size>
         <input_file_ref idref="fl-1b"/>
      </object_component>
      <object_component id="oc-90">
         <name>.text</name>
         <load_address>0x2600</load_address>
         <run_address>0x2600</run_address>
         <size>0x1b4</size>
         <input_file_ref idref="fl-7"/>
      </object_component>
      <object_component id="oc-296">
         <name>.text:Graphics_clipLine</name>
         <load_address>0x27b4</load_address>
         <run_address>0x27b4</run_address>
         <size>0x180</size>
         <input_file_ref idref="fl-20"/>
      </object_component>
      <object_component id="oc-1d5">
         <name>.text:Graphics_drawLine</name>
         <load_address>0x2934</load_address>
         <run_address>0x2934</run_address>
         <size>0x174</size>
         <input_file_ref idref="fl-20"/>
      </object_component>
      <object_component id="oc-c6">
         <name>.text</name>
         <load_address>0x2aa8</load_address>
         <run_address>0x2aa8</run_address>
         <size>0x154</size>
         <input_file_ref idref="fl-3"/>
      </object_component>
      <object_component id="oc-1dc">
         <name>.text:Graphics_fillRectangle</name>
         <load_address>0x2bfc</load_address>
         <run_address>0x2bfc</run_address>
         <size>0x112</size>
         <input_file_ref idref="fl-21"/>
      </object_component>
      <object_component id="oc-186">
         <name>.text:UART_initModule</name>
         <load_address>0x2d10</load_address>
         <run_address>0x2d10</run_address>
         <size>0xfc</size>
         <input_file_ref idref="fl-17"/>
      </object_component>
      <object_component id="oc-22c">
         <name>.text</name>
         <load_address>0x2e0c</load_address>
         <run_address>0x2e0c</run_address>
         <size>0xcc</size>
         <input_file_ref idref="fl-a"/>
      </object_component>
      <object_component id="oc-2f1">
         <name>.text:SPI_initMaster</name>
         <load_address>0x2ed8</load_address>
         <run_address>0x2ed8</run_address>
         <size>0xb0</size>
         <input_file_ref idref="fl-15"/>
      </object_component>
      <object_component id="oc-c0">
         <name>.text</name>
         <load_address>0x2f88</load_address>
         <run_address>0x2f88</run_address>
         <size>0xb0</size>
         <input_file_ref idref="fl-6"/>
      </object_component>
      <object_component id="oc-1b7">
         <name>.text:Graphics_drawRectangle</name>
         <load_address>0x3038</load_address>
         <run_address>0x3038</run_address>
         <size>0xa2</size>
         <input_file_ref idref="fl-21"/>
      </object_component>
      <object_component id="oc-1bd">
         <name>.text:Graphics_drawLineH</name>
         <load_address>0x30da</load_address>
         <run_address>0x30da</run_address>
         <size>0x9c</size>
         <input_file_ref idref="fl-20"/>
      </object_component>
      <object_component id="oc-1c3">
         <name>.text:Graphics_drawLineV</name>
         <load_address>0x3176</load_address>
         <run_address>0x3176</run_address>
         <size>0x9c</size>
         <input_file_ref idref="fl-20"/>
      </object_component>
      <object_component id="oc-34">
         <name>.text</name>
         <load_address>0x3212</load_address>
         <run_address>0x3212</run_address>
         <size>0x9c</size>
         <input_file_ref idref="fl-e0"/>
      </object_component>
      <object_component id="oc-192">
         <name>.text:GPIO_setAsPeripheralModuleFunctionInputPin</name>
         <load_address>0x32b0</load_address>
         <run_address>0x32b0</run_address>
         <size>0x88</size>
         <input_file_ref idref="fl-13"/>
      </object_component>
      <object_component id="oc-2e5">
         <name>.text:GPIO_setAsPeripheralModuleFunctionOutputPin</name>
         <load_address>0x3338</load_address>
         <run_address>0x3338</run_address>
         <size>0x88</size>
         <input_file_ref idref="fl-13"/>
      </object_component>
      <object_component id="oc-84">
         <name>.text</name>
         <load_address>0x33c0</load_address>
         <run_address>0x33c0</run_address>
         <size>0x7a</size>
         <input_file_ref idref="fl-df"/>
      </object_component>
      <object_component id="oc-2a4">
         <name>.text:Graphics_convertPalette</name>
         <load_address>0x343c</load_address>
         <run_address>0x343c</run_address>
         <size>0x6c</size>
         <input_file_ref idref="fl-1f"/>
      </object_component>
      <object_component id="oc-f0">
         <name>.text:Timer32_initModule</name>
         <load_address>0x34a8</load_address>
         <run_address>0x34a8</run_address>
         <size>0x68</size>
         <input_file_ref idref="fl-16"/>
      </object_component>
      <object_component id="oc-14">
         <name>.text:decompress:lzss:__TI_decompress_lzss</name>
         <load_address>0x3510</load_address>
         <run_address>0x3510</run_address>
         <size>0x68</size>
         <input_file_ref idref="fl-da"/>
      </object_component>
      <object_component id="oc-32b">
         <name>.text:Graphics_getClipCode</name>
         <load_address>0x3578</load_address>
         <run_address>0x3578</run_address>
         <size>0x64</size>
         <input_file_ref idref="fl-20"/>
      </object_component>
      <object_component id="oc-15d">
         <name>.text:Graphics_initContext</name>
         <load_address>0x35dc</load_address>
         <run_address>0x35dc</run_address>
         <size>0x52</size>
         <input_file_ref idref="fl-1c"/>
      </object_component>
      <object_component id="oc-2aa">
         <name>.text:Graphics_drawMultiplePixelsOnDisplay</name>
         <load_address>0x362e</load_address>
         <run_address>0x362e</run_address>
         <size>0x46</size>
         <input_file_ref idref="fl-1d"/>
      </object_component>
      <object_component id="oc-11b">
         <name>.text:__TI_auto_init_nobinit_nopinit:__TI_auto_init_nobinit_nopinit</name>
         <load_address>0x3674</load_address>
         <run_address>0x3674</run_address>
         <size>0x44</size>
         <input_file_ref idref="fl-e1"/>
      </object_component>
      <object_component id="oc-2eb">
         <name>.text:GPIO_setAsOutputPin</name>
         <load_address>0x36b8</load_address>
         <run_address>0x36b8</run_address>
         <size>0x40</size>
         <input_file_ref idref="fl-13"/>
      </object_component>
      <object_component id="oc-286">
         <name>.text:Graphics_getNumberOfLeadingZeros</name>
         <load_address>0x36f8</load_address>
         <run_address>0x36f8</run_address>
         <size>0x40</size>
         <input_file_ref idref="fl-22"/>
      </object_component>
      <object_component id="oc-351">
         <name>.text:is_A_Module</name>
         <load_address>0x3738</load_address>
         <run_address>0x3738</run_address>
         <size>0x40</size>
         <input_file_ref idref="fl-15"/>
      </object_component>
      <object_component id="oc-de">
         <name>.text:Timer32_startTimer</name>
         <load_address>0x3778</load_address>
         <run_address>0x3778</run_address>
         <size>0x38</size>
         <input_file_ref idref="fl-16"/>
      </object_component>
      <object_component id="oc-52">
         <name>.text:_c_int00_noargs:_c_int00_noargs</name>
         <load_address>0x37b0</load_address>
         <run_address>0x37b0</run_address>
         <size>0x38</size>
         <input_file_ref idref="fl-db"/>
      </object_component>
      <object_component id="oc-277">
         <name>.text:Graphics_drawHorizontalLineOnDisplay</name>
         <load_address>0x37e8</load_address>
         <run_address>0x37e8</run_address>
         <size>0x36</size>
         <input_file_ref idref="fl-1d"/>
      </object_component>
      <object_component id="oc-27f">
         <name>.text:Graphics_drawVerticalLineOnDisplay</name>
         <load_address>0x381e</load_address>
         <run_address>0x381e</run_address>
         <size>0x36</size>
         <input_file_ref idref="fl-1d"/>
      </object_component>
      <object_component id="oc-d8">
         <name>.text:Timer32_setCount</name>
         <load_address>0x3854</load_address>
         <run_address>0x3854</run_address>
         <size>0x34</size>
         <input_file_ref idref="fl-16"/>
      </object_component>
      <object_component id="oc-1a4">
         <name>.text:UART_transmitData</name>
         <load_address>0x3888</load_address>
         <run_address>0x3888</run_address>
         <size>0x34</size>
         <input_file_ref idref="fl-17"/>
      </object_component>
      <object_component id="oc-19e">
         <name>.text:UART_receiveData</name>
         <load_address>0x38bc</load_address>
         <run_address>0x38bc</run_address>
         <size>0x30</size>
         <input_file_ref idref="fl-17"/>
      </object_component>
      <object_component id="oc-28c">
         <name>.text:Graphics_drawPixelOnDisplay</name>
         <load_address>0x38ec</load_address>
         <run_address>0x38ec</run_address>
         <size>0x2c</size>
         <input_file_ref idref="fl-1d"/>
      </object_component>
      <object_component id="oc-238">
         <name>.text:GPIO_setOutputHighOnPin</name>
         <load_address>0x3918</load_address>
         <run_address>0x3918</run_address>
         <size>0x28</size>
         <input_file_ref idref="fl-13"/>
      </object_component>
      <object_component id="oc-232">
         <name>.text:GPIO_setOutputLowOnPin</name>
         <load_address>0x3940</load_address>
         <run_address>0x3940</run_address>
         <size>0x28</size>
         <input_file_ref idref="fl-13"/>
      </object_component>
      <object_component id="oc-ea">
         <name>.text:WDT_A_holdTimer</name>
         <load_address>0x3968</load_address>
         <run_address>0x3968</run_address>
         <size>0x24</size>
         <input_file_ref idref="fl-18"/>
      </object_component>
      <object_component id="oc-29d">
         <name>.text:Graphics_fillRectangleOnDisplay</name>
         <load_address>0x398c</load_address>
         <run_address>0x398c</run_address>
         <size>0x1e</size>
         <input_file_ref idref="fl-1d"/>
      </object_component>
      <object_component id="oc-2f7">
         <name>.text:SPI_enableModule</name>
         <load_address>0x39aa</load_address>
         <run_address>0x39aa</run_address>
         <size>0x1c</size>
         <input_file_ref idref="fl-15"/>
      </object_component>
      <object_component id="oc-256">
         <name>.text:Graphics_clearDisplayOnDisplay</name>
         <load_address>0x39c6</load_address>
         <run_address>0x39c6</run_address>
         <size>0x1a</size>
         <input_file_ref idref="fl-1d"/>
      </object_component>
      <object_component id="oc-169">
         <name>.text:Graphics_setBackgroundColor</name>
         <load_address>0x39e0</load_address>
         <run_address>0x39e0</run_address>
         <size>0x1a</size>
         <input_file_ref idref="fl-1c"/>
      </object_component>
      <object_component id="oc-16f">
         <name>.text:Graphics_setFont</name>
         <load_address>0x39fa</load_address>
         <run_address>0x39fa</run_address>
         <size>0x1a</size>
         <input_file_ref idref="fl-1c"/>
      </object_component>
      <object_component id="oc-198">
         <name>.text:UART_getInterruptStatus</name>
         <load_address>0x3a14</load_address>
         <run_address>0x3a14</run_address>
         <size>0x18</size>
         <input_file_ref idref="fl-17"/>
      </object_component>
      <object_component id="oc-359">
         <name>.text:EUSCI_A_SPI_enable</name>
         <load_address>0x3a2c</load_address>
         <run_address>0x3a2c</run_address>
         <size>0x16</size>
         <input_file_ref idref="fl-15"/>
      </object_component>
      <object_component id="oc-35f">
         <name>.text:EUSCI_B_SPI_enable</name>
         <load_address>0x3a42</load_address>
         <run_address>0x3a42</run_address>
         <size>0x16</size>
         <input_file_ref idref="fl-15"/>
      </object_component>
      <object_component id="oc-163">
         <name>.text:Graphics_setForegroundColor</name>
         <load_address>0x3a58</load_address>
         <run_address>0x3a58</run_address>
         <size>0x16</size>
         <input_file_ref idref="fl-1c"/>
      </object_component>
      <object_component id="oc-24d">
         <name>.text:Graphics_translateColorOnDisplay</name>
         <load_address>0x3a6e</load_address>
         <run_address>0x3a6e</run_address>
         <size>0x16</size>
         <input_file_ref idref="fl-1d"/>
      </object_component>
      <object_component id="oc-18c">
         <name>.text:UART_enableModule</name>
         <load_address>0x3a84</load_address>
         <run_address>0x3a84</run_address>
         <size>0x16</size>
         <input_file_ref idref="fl-17"/>
      </object_component>
      <object_component id="oc-175">
         <name>.text:Graphics_clearDisplay</name>
         <load_address>0x3a9a</load_address>
         <run_address>0x3a9a</run_address>
         <size>0x12</size>
         <input_file_ref idref="fl-1c"/>
      </object_component>
      <object_component id="oc-e4">
         <name>.text:Timer32_getValue</name>
         <load_address>0x3aac</load_address>
         <run_address>0x3aac</run_address>
         <size>0xe</size>
         <input_file_ref idref="fl-16"/>
      </object_component>
      <object_component id="oc-1a">
         <name>.text:decompress:none:__TI_decompress_none</name>
         <load_address>0x3aba</load_address>
         <run_address>0x3aba</run_address>
         <size>0xe</size>
         <input_file_ref idref="fl-d9"/>
      </object_component>
      <object_component id="oc-64">
         <name>.text</name>
         <load_address>0x3ac8</load_address>
         <run_address>0x3ac8</run_address>
         <size>0xe</size>
         <input_file_ref idref="fl-b"/>
      </object_component>
      <object_component id="oc-46">
         <name>.text:decompress:ZI:__TI_zero_init</name>
         <load_address>0x3ad6</load_address>
         <run_address>0x3ad6</run_address>
         <size>0xc</size>
         <input_file_ref idref="fl-d8"/>
      </object_component>
      <object_component id="oc-8a">
         <name>.text:_system_pre_init</name>
         <load_address>0x3ae2</load_address>
         <run_address>0x3ae2</run_address>
         <size>0x4</size>
         <input_file_ref idref="fl-e2"/>
      </object_component>
      <object_component id="oc-10f">
         <name>.text:abort:abort</name>
         <load_address>0x3ae6</load_address>
         <run_address>0x3ae6</run_address>
         <size>0x4</size>
         <input_file_ref idref="fl-dc"/>
      </object_component>
      <object_component id="oc-2b7">
         <name>.const:.string:pixel_gameover1BPP_UNCOMP</name>
         <load_address>0x3aec</load_address>
         <run_address>0x3aec</run_address>
         <size>0x7e0</size>
         <input_file_ref idref="fl-5"/>
      </object_component>
      <object_component id="oc-261">
         <name>.const:.string:g_pucCmtt12Data</name>
         <load_address>0x42cc</load_address>
         <run_address>0x42cc</run_address>
         <size>0x521</size>
         <input_file_ref idref="fl-1e"/>
      </object_component>
      <object_component id="oc-1e8">
         <name>.const:.string:$P$T0$7</name>
         <load_address>0x47ed</load_address>
         <run_address>0x47ed</run_address>
         <size>0x3</size>
         <input_file_ref idref="fl-4"/>
      </object_component>
      <object_component id="oc-181">
         <name>.const:g_sFontCmtt12</name>
         <load_address>0x47f0</load_address>
         <run_address>0x47f0</run_address>
         <size>0xc8</size>
         <input_file_ref idref="fl-1e"/>
      </object_component>
      <object_component id="oc-26c">
         <name>.const:GPIO_PORT_TO_BASE</name>
         <load_address>0x48b8</load_address>
         <run_address>0x48b8</run_address>
         <size>0x30</size>
         <input_file_ref idref="fl-13"/>
      </object_component>
      <object_component id="oc-17e">
         <name>.const:g_sCrystalfontz128x128_funcs</name>
         <load_address>0x48e8</load_address>
         <run_address>0x48e8</run_address>
         <size>0x20</size>
         <input_file_ref idref="fl-9"/>
      </object_component>
      <object_component id="oc-2fd">
         <name>.const:$P$T0$1</name>
         <load_address>0x4908</load_address>
         <run_address>0x4908</run_address>
         <size>0x1c</size>
         <input_file_ref idref="fl-a"/>
      </object_component>
      <object_component id="oc-1eb">
         <name>.const:gameover1BPP_UNCOMP</name>
         <load_address>0x4924</load_address>
         <run_address>0x4924</run_address>
         <size>0x10</size>
         <input_file_ref idref="fl-5"/>
      </object_component>
      <object_component id="oc-247">
         <name>.const:$P$T0$1</name>
         <load_address>0x4934</load_address>
         <run_address>0x4934</run_address>
         <size>0x8</size>
         <input_file_ref idref="fl-9"/>
      </object_component>
      <object_component id="oc-2b4">
         <name>.const:palette_gameover1BPP_UNCOMP</name>
         <load_address>0x493c</load_address>
         <run_address>0x493c</run_address>
         <size>0x8</size>
         <input_file_ref idref="fl-5"/>
      </object_component>
      <object_component id="oc-3a6">
         <name>.cinit..data.load</name>
         <load_address>0x4948</load_address>
         <run_address>0x4948</run_address>
         <size>0x24</size>
      </object_component>
      <object_component id="oc-3a4">
         <name>__TI_handler_table</name>
         <load_address>0x496c</load_address>
         <run_address>0x496c</run_address>
         <size>0xc</size>
      </object_component>
      <object_component id="oc-3a7">
         <name>.cinit..bss.load</name>
         <load_address>0x4978</load_address>
         <run_address>0x4978</run_address>
         <size>0x8</size>
      </object_component>
      <object_component id="oc-3a5">
         <name>__TI_cinit_table</name>
         <load_address>0x4980</load_address>
         <run_address>0x4980</run_address>
         <size>0x10</size>
      </object_component>
      <object_component id="oc-379">
         <name>.binit</name>
         <load_address>0x0</load_address>
         <run_address>0x0</run_address>
         <size>0x0</size>
      </object_component>
      <object_component id="oc-f6">
         <name>.data:uartConfig</name>
         <load_address>0x20000410</load_address>
         <run_address>0x20000410</run_address>
         <size>0x24</size>
         <input_file_ref idref="fl-7"/>
      </object_component>
      <object_component id="oc-14d">
         <name>.data</name>
         <load_address>0x20000444</load_address>
         <run_address>0x20000444</run_address>
         <size>0x4</size>
         <input_file_ref idref="fl-8"/>
      </object_component>
      <object_component id="oc-17b">
         <name>.data:g_sCrystalfontz128x128</name>
         <load_address>0x20000434</load_address>
         <run_address>0x20000434</run_address>
         <size>0x10</size>
         <input_file_ref idref="fl-9"/>
      </object_component>
      <object_component id="oc-1db">
         <name>.bss</name>
         <uninitialized>true</uninitialized>
         <run_address>0x20000400</run_address>
         <size>0x6</size>
         <input_file_ref idref="fl-4"/>
      </object_component>
      <object_component id="oc-333">
         <name>.bss:g_pulConvertedPalette</name>
         <uninitialized>true</uninitialized>
         <run_address>0x20000000</run_address>
         <size>0x400</size>
         <input_file_ref idref="fl-1f"/>
      </object_component>
      <object_component id="oc-246">
         <name>.common:Lcd_Orientation</name>
         <uninitialized>true</uninitialized>
         <run_address>0x2000040e</run_address>
         <size>0x1</size>
      </object_component>
      <object_component id="oc-23e">
         <name>.common:Lcd_ScreenWidth</name>
         <uninitialized>true</uninitialized>
         <run_address>0x20000408</run_address>
         <size>0x2</size>
      </object_component>
      <object_component id="oc-241">
         <name>.common:Lcd_ScreenHeigth</name>
         <uninitialized>true</uninitialized>
         <run_address>0x20000406</run_address>
         <size>0x2</size>
      </object_component>
      <object_component id="oc-242">
         <name>.common:Lcd_PenSolid</name>
         <uninitialized>true</uninitialized>
         <run_address>0x2000040f</run_address>
         <size>0x1</size>
      </object_component>
      <object_component id="oc-243">
         <name>.common:Lcd_FontSolid</name>
         <uninitialized>true</uninitialized>
         <run_address>0x2000040d</run_address>
         <size>0x1</size>
      </object_component>
      <object_component id="oc-244">
         <name>.common:Lcd_FlagRead</name>
         <uninitialized>true</uninitialized>
         <run_address>0x2000040c</run_address>
         <size>0x1</size>
      </object_component>
      <object_component id="oc-245">
         <name>.common:Lcd_TouchTrim</name>
         <uninitialized>true</uninitialized>
         <run_address>0x2000040a</run_address>
         <size>0x2</size>
      </object_component>
      <object_component id="oc-26">
         <name>.stack</name>
         <uninitialized>true</uninitialized>
         <run_address>0x2000fe00</run_address>
         <size>0x4</size>
         <input_file_ref idref="fl-db"/>
      </object_component>
      <object_component id="oc-3a8">
         <name>.stack</name>
         <uninitialized>true</uninitialized>
         <run_address>0x2000fe00</run_address>
         <size>0x0</size>
      </object_component>
      <object_component id="oc-156">
         <name>.debug_info</name>
         <load_address>0x0</load_address>
         <run_address>0x0</run_address>
         <size>0x694</size>
         <input_file_ref idref="fl-2"/>
      </object_component>
      <object_component id="oc-cd">
         <name>.debug_info</name>
         <load_address>0x694</load_address>
         <run_address>0x694</run_address>
         <size>0x77d</size>
         <input_file_ref idref="fl-2"/>
      </object_component>
      <object_component id="oc-ff">
         <name>.debug_info</name>
         <load_address>0xe11</load_address>
         <run_address>0xe11</run_address>
         <size>0x249</size>
         <input_file_ref idref="fl-2"/>
      </object_component>
      <object_component id="oc-1b1">
         <name>.debug_info</name>
         <load_address>0x105a</load_address>
         <run_address>0x105a</run_address>
         <size>0x7c</size>
         <input_file_ref idref="fl-2"/>
      </object_component>
      <object_component id="oc-ab">
         <name>.debug_info</name>
         <load_address>0x10d6</load_address>
         <run_address>0x10d6</run_address>
         <size>0x26b</size>
         <input_file_ref idref="fl-2"/>
      </object_component>
      <object_component id="oc-203">
         <name>.debug_info</name>
         <load_address>0x1341</load_address>
         <run_address>0x1341</run_address>
         <size>0x1055</size>
         <input_file_ref idref="fl-2"/>
      </object_component>
      <object_component id="oc-1fe">
         <name>.debug_info</name>
         <load_address>0x2396</load_address>
         <run_address>0x2396</run_address>
         <size>0x37e2</size>
         <input_file_ref idref="fl-2"/>
      </object_component>
      <object_component id="oc-104">
         <name>.debug_info</name>
         <load_address>0x5b78</load_address>
         <run_address>0x5b78</run_address>
         <size>0x439</size>
         <input_file_ref idref="fl-2"/>
      </object_component>
      <object_component id="oc-fa">
         <name>.debug_info</name>
         <load_address>0x5fb1</load_address>
         <run_address>0x5fb1</run_address>
         <size>0x8b</size>
         <input_file_ref idref="fl-2"/>
      </object_component>
      <object_component id="oc-151">
         <name>.debug_info</name>
         <load_address>0x603c</load_address>
         <run_address>0x603c</run_address>
         <size>0x297</size>
         <input_file_ref idref="fl-2"/>
      </object_component>
      <object_component id="oc-1ac">
         <name>.debug_info</name>
         <load_address>0x62d3</load_address>
         <run_address>0x62d3</run_address>
         <size>0xef</size>
         <input_file_ref idref="fl-2"/>
      </object_component>
      <object_component id="oc-109">
         <name>.debug_info</name>
         <load_address>0x63c2</load_address>
         <run_address>0x63c2</run_address>
         <size>0xbb</size>
         <input_file_ref idref="fl-2"/>
      </object_component>
      <object_component id="oc-301">
         <name>.debug_info</name>
         <load_address>0x647d</load_address>
         <run_address>0x647d</run_address>
         <size>0x131</size>
         <input_file_ref idref="fl-2"/>
      </object_component>
      <object_component id="oc-1f7">
         <name>.debug_info</name>
         <load_address>0x65ae</load_address>
         <run_address>0x65ae</run_address>
         <size>0xee</size>
         <input_file_ref idref="fl-2"/>
      </object_component>
      <object_component id="oc-1ab">
         <name>.debug_info</name>
         <load_address>0x669c</load_address>
         <run_address>0x669c</run_address>
         <size>0x6ce</size>
         <input_file_ref idref="fl-3"/>
      </object_component>
      <object_component id="oc-c7">
         <name>.debug_info</name>
         <load_address>0x6d6a</load_address>
         <run_address>0x6d6a</run_address>
         <size>0x86f</size>
         <input_file_ref idref="fl-3"/>
      </object_component>
      <object_component id="oc-1ef">
         <name>.debug_info</name>
         <load_address>0x75d9</load_address>
         <run_address>0x75d9</run_address>
         <size>0xa17</size>
         <input_file_ref idref="fl-4"/>
      </object_component>
      <object_component id="oc-1e9">
         <name>.debug_info</name>
         <load_address>0x7ff0</load_address>
         <run_address>0x7ff0</run_address>
         <size>0xc1</size>
         <input_file_ref idref="fl-4"/>
      </object_component>
      <object_component id="oc-d3">
         <name>.debug_info</name>
         <load_address>0x80b1</load_address>
         <run_address>0x80b1</run_address>
         <size>0x12cf</size>
         <input_file_ref idref="fl-4"/>
      </object_component>
      <object_component id="oc-2bf">
         <name>.debug_info</name>
         <load_address>0x9380</load_address>
         <run_address>0x9380</run_address>
         <size>0x37e2</size>
         <input_file_ref idref="fl-4"/>
      </object_component>
      <object_component id="oc-2bc">
         <name>.debug_info</name>
         <load_address>0xcb62</load_address>
         <run_address>0xcb62</run_address>
         <size>0x235</size>
         <input_file_ref idref="fl-5"/>
      </object_component>
      <object_component id="oc-2b8">
         <name>.debug_info</name>
         <load_address>0xcd97</load_address>
         <run_address>0xcd97</run_address>
         <size>0xe3</size>
         <input_file_ref idref="fl-5"/>
      </object_component>
      <object_component id="oc-2b5">
         <name>.debug_info</name>
         <load_address>0xce7a</load_address>
         <run_address>0xce7a</run_address>
         <size>0xe7</size>
         <input_file_ref idref="fl-5"/>
      </object_component>
      <object_component id="oc-1ec">
         <name>.debug_info</name>
         <load_address>0xcf61</load_address>
         <run_address>0xcf61</run_address>
         <size>0xd8</size>
         <input_file_ref idref="fl-5"/>
      </object_component>
      <object_component id="oc-2f">
         <name>.debug_info</name>
         <load_address>0xd039</load_address>
         <run_address>0xd039</run_address>
         <size>0x84</size>
         <input_file_ref idref="fl-5"/>
      </object_component>
      <object_component id="oc-185">
         <name>.debug_info</name>
         <load_address>0xd0bd</load_address>
         <run_address>0xd0bd</run_address>
         <size>0x926</size>
         <input_file_ref idref="fl-6"/>
      </object_component>
      <object_component id="oc-c1">
         <name>.debug_info</name>
         <load_address>0xd9e3</load_address>
         <run_address>0xd9e3</run_address>
         <size>0x3f4</size>
         <input_file_ref idref="fl-6"/>
      </object_component>
      <object_component id="oc-10e">
         <name>.debug_info</name>
         <load_address>0xddd7</load_address>
         <run_address>0xddd7</run_address>
         <size>0xada</size>
         <input_file_ref idref="fl-7"/>
      </object_component>
      <object_component id="oc-f7">
         <name>.debug_info</name>
         <load_address>0xe8b1</load_address>
         <run_address>0xe8b1</run_address>
         <size>0xc7</size>
         <input_file_ref idref="fl-7"/>
      </object_component>
      <object_component id="oc-93">
         <name>.debug_info</name>
         <load_address>0xe978</load_address>
         <run_address>0xe978</run_address>
         <size>0x4ba</size>
         <input_file_ref idref="fl-7"/>
      </object_component>
      <object_component id="oc-14e">
         <name>.debug_info</name>
         <load_address>0xee32</load_address>
         <run_address>0xee32</run_address>
         <size>0xda</size>
         <input_file_ref idref="fl-8"/>
      </object_component>
      <object_component id="oc-a4">
         <name>.debug_info</name>
         <load_address>0xef0c</load_address>
         <run_address>0xef0c</run_address>
         <size>0x24c</size>
         <input_file_ref idref="fl-8"/>
      </object_component>
      <object_component id="oc-23f">
         <name>.debug_info</name>
         <load_address>0xf158</load_address>
         <run_address>0xf158</run_address>
         <size>0x917</size>
         <input_file_ref idref="fl-9"/>
      </object_component>
      <object_component id="oc-17c">
         <name>.debug_info</name>
         <load_address>0xfa6f</load_address>
         <run_address>0xfa6f</run_address>
         <size>0xfb</size>
         <input_file_ref idref="fl-9"/>
      </object_component>
      <object_component id="oc-17f">
         <name>.debug_info</name>
         <load_address>0xfb6a</load_address>
         <run_address>0xfb6a</run_address>
         <size>0x107</size>
         <input_file_ref idref="fl-9"/>
      </object_component>
      <object_component id="oc-248">
         <name>.debug_info</name>
         <load_address>0xfc71</load_address>
         <run_address>0xfc71</run_address>
         <size>0xdc</size>
         <input_file_ref idref="fl-9"/>
      </object_component>
      <object_component id="oc-159">
         <name>.debug_info</name>
         <load_address>0xfd4d</load_address>
         <run_address>0xfd4d</run_address>
         <size>0x150a</size>
         <input_file_ref idref="fl-9"/>
      </object_component>
      <object_component id="oc-368">
         <name>.debug_info</name>
         <load_address>0x11257</load_address>
         <run_address>0x11257</run_address>
         <size>0x85d</size>
         <input_file_ref idref="fl-a"/>
      </object_component>
      <object_component id="oc-2fe">
         <name>.debug_info</name>
         <load_address>0x11ab4</load_address>
         <run_address>0x11ab4</run_address>
         <size>0xef</size>
         <input_file_ref idref="fl-a"/>
      </object_component>
      <object_component id="oc-22d">
         <name>.debug_info</name>
         <load_address>0x11ba3</load_address>
         <run_address>0x11ba3</run_address>
         <size>0x589</size>
         <input_file_ref idref="fl-a"/>
      </object_component>
      <object_component id="oc-6c">
         <name>.debug_info</name>
         <load_address>0x1212c</load_address>
         <run_address>0x1212c</run_address>
         <size>0x2b9</size>
         <input_file_ref idref="fl-b"/>
      </object_component>
      <object_component id="oc-24">
         <name>.debug_info</name>
         <load_address>0x123e5</load_address>
         <run_address>0x123e5</run_address>
         <size>0xe5</size>
         <input_file_ref idref="fl-b"/>
      </object_component>
      <object_component id="oc-65">
         <name>.debug_info</name>
         <load_address>0x124ca</load_address>
         <run_address>0x124ca</run_address>
         <size>0x1bc</size>
         <input_file_ref idref="fl-b"/>
      </object_component>
      <object_component id="oc-31e">
         <name>.debug_info</name>
         <load_address>0x12686</load_address>
         <run_address>0x12686</run_address>
         <size>0x6fd</size>
         <input_file_ref idref="fl-13"/>
      </object_component>
      <object_component id="oc-26d">
         <name>.debug_info</name>
         <load_address>0x12d83</load_address>
         <run_address>0x12d83</run_address>
         <size>0x131</size>
         <input_file_ref idref="fl-13"/>
      </object_component>
      <object_component id="oc-2ef">
         <name>.debug_info</name>
         <load_address>0x12eb4</load_address>
         <run_address>0x12eb4</run_address>
         <size>0x24e</size>
         <input_file_ref idref="fl-13"/>
      </object_component>
      <object_component id="oc-2e9">
         <name>.debug_info</name>
         <load_address>0x13102</load_address>
         <run_address>0x13102</run_address>
         <size>0x2a1</size>
         <input_file_ref idref="fl-13"/>
      </object_component>
      <object_component id="oc-195">
         <name>.debug_info</name>
         <load_address>0x133a3</load_address>
         <run_address>0x133a3</run_address>
         <size>0x29f</size>
         <input_file_ref idref="fl-13"/>
      </object_component>
      <object_component id="oc-23a">
         <name>.debug_info</name>
         <load_address>0x13642</load_address>
         <run_address>0x13642</run_address>
         <size>0x256</size>
         <input_file_ref idref="fl-13"/>
      </object_component>
      <object_component id="oc-234">
         <name>.debug_info</name>
         <load_address>0x13898</load_address>
         <run_address>0x13898</run_address>
         <size>0x254</size>
         <input_file_ref idref="fl-13"/>
      </object_component>
      <object_component id="oc-317">
         <name>.debug_info</name>
         <load_address>0x13aec</load_address>
         <run_address>0x13aec</run_address>
         <size>0x431a</size>
         <input_file_ref idref="fl-13"/>
      </object_component>
      <object_component id="oc-358">
         <name>.debug_info</name>
         <load_address>0x17e06</load_address>
         <run_address>0x17e06</run_address>
         <size>0x6f0</size>
         <input_file_ref idref="fl-15"/>
      </object_component>
      <object_component id="oc-355">
         <name>.debug_info</name>
         <load_address>0x184f6</load_address>
         <run_address>0x184f6</run_address>
         <size>0x1c2</size>
         <input_file_ref idref="fl-15"/>
      </object_component>
      <object_component id="oc-2f5">
         <name>.debug_info</name>
         <load_address>0x186b8</load_address>
         <run_address>0x186b8</run_address>
         <size>0x226</size>
         <input_file_ref idref="fl-15"/>
      </object_component>
      <object_component id="oc-2fb">
         <name>.debug_info</name>
         <load_address>0x188de</load_address>
         <run_address>0x188de</run_address>
         <size>0x230</size>
         <input_file_ref idref="fl-15"/>
      </object_component>
      <object_component id="oc-363">
         <name>.debug_info</name>
         <load_address>0x18b0e</load_address>
         <run_address>0x18b0e</run_address>
         <size>0x1e4</size>
         <input_file_ref idref="fl-15"/>
      </object_component>
      <object_component id="oc-35d">
         <name>.debug_info</name>
         <load_address>0x18cf2</load_address>
         <run_address>0x18cf2</run_address>
         <size>0x1e4</size>
         <input_file_ref idref="fl-15"/>
      </object_component>
      <object_component id="oc-f1">
         <name>.debug_info</name>
         <load_address>0x18ed6</load_address>
         <run_address>0x18ed6</run_address>
         <size>0x26b</size>
         <input_file_ref idref="fl-16"/>
      </object_component>
      <object_component id="oc-d9">
         <name>.debug_info</name>
         <load_address>0x19141</load_address>
         <run_address>0x19141</run_address>
         <size>0x1f9</size>
         <input_file_ref idref="fl-16"/>
      </object_component>
      <object_component id="oc-e5">
         <name>.debug_info</name>
         <load_address>0x1933a</load_address>
         <run_address>0x1933a</run_address>
         <size>0x1d6</size>
         <input_file_ref idref="fl-16"/>
      </object_component>
      <object_component id="oc-df">
         <name>.debug_info</name>
         <load_address>0x19510</load_address>
         <run_address>0x19510</run_address>
         <size>0x205</size>
         <input_file_ref idref="fl-16"/>
      </object_component>
      <object_component id="oc-26a">
         <name>.debug_info</name>
         <load_address>0x19715</load_address>
         <run_address>0x19715</run_address>
         <size>0x6e7</size>
         <input_file_ref idref="fl-17"/>
      </object_component>
      <object_component id="oc-18a">
         <name>.debug_info</name>
         <load_address>0x19dfc</load_address>
         <run_address>0x19dfc</run_address>
         <size>0x230</size>
         <input_file_ref idref="fl-17"/>
      </object_component>
      <object_component id="oc-1a8">
         <name>.debug_info</name>
         <load_address>0x1a02c</load_address>
         <run_address>0x1a02c</run_address>
         <size>0x232</size>
         <input_file_ref idref="fl-17"/>
      </object_component>
      <object_component id="oc-1a1">
         <name>.debug_info</name>
         <load_address>0x1a25e</load_address>
         <run_address>0x1a25e</run_address>
         <size>0x1f1</size>
         <input_file_ref idref="fl-17"/>
      </object_component>
      <object_component id="oc-18f">
         <name>.debug_info</name>
         <load_address>0x1a44f</load_address>
         <run_address>0x1a44f</run_address>
         <size>0x1ef</size>
         <input_file_ref idref="fl-17"/>
      </object_component>
      <object_component id="oc-19b">
         <name>.debug_info</name>
         <load_address>0x1a63e</load_address>
         <run_address>0x1a63e</run_address>
         <size>0x225</size>
         <input_file_ref idref="fl-17"/>
      </object_component>
      <object_component id="oc-eb">
         <name>.debug_info</name>
         <load_address>0x1a863</load_address>
         <run_address>0x1a863</run_address>
         <size>0x1c5</size>
         <input_file_ref idref="fl-18"/>
      </object_component>
      <object_component id="oc-295">
         <name>.debug_info</name>
         <load_address>0x1aa28</load_address>
         <run_address>0x1aa28</run_address>
         <size>0x488</size>
         <input_file_ref idref="fl-1b"/>
      </object_component>
      <object_component id="oc-1d0">
         <name>.debug_info</name>
         <load_address>0x1aeb0</load_address>
         <run_address>0x1aeb0</run_address>
         <size>0x29e</size>
         <input_file_ref idref="fl-1b"/>
      </object_component>
      <object_component id="oc-24c">
         <name>.debug_info</name>
         <load_address>0x1b14e</load_address>
         <run_address>0x1b14e</run_address>
         <size>0x55d</size>
         <input_file_ref idref="fl-1c"/>
      </object_component>
      <object_component id="oc-15e">
         <name>.debug_info</name>
         <load_address>0x1b6ab</load_address>
         <run_address>0x1b6ab</run_address>
         <size>0x1eb</size>
         <input_file_ref idref="fl-1c"/>
      </object_component>
      <object_component id="oc-16a">
         <name>.debug_info</name>
         <load_address>0x1b896</load_address>
         <run_address>0x1b896</run_address>
         <size>0x1ff</size>
         <input_file_ref idref="fl-1c"/>
      </object_component>
      <object_component id="oc-170">
         <name>.debug_info</name>
         <load_address>0x1ba95</load_address>
         <run_address>0x1ba95</run_address>
         <size>0x1cc</size>
         <input_file_ref idref="fl-1c"/>
      </object_component>
      <object_component id="oc-164">
         <name>.debug_info</name>
         <load_address>0x1bc61</load_address>
         <run_address>0x1bc61</run_address>
         <size>0x1f2</size>
         <input_file_ref idref="fl-1c"/>
      </object_component>
      <object_component id="oc-176">
         <name>.debug_info</name>
         <load_address>0x1be53</load_address>
         <run_address>0x1be53</run_address>
         <size>0x1bf</size>
         <input_file_ref idref="fl-1c"/>
      </object_component>
      <object_component id="oc-30f">
         <name>.debug_info</name>
         <load_address>0x1c012</load_address>
         <run_address>0x1c012</run_address>
         <size>0x3f7</size>
         <input_file_ref idref="fl-1d"/>
      </object_component>
      <object_component id="oc-28e">
         <name>.debug_info</name>
         <load_address>0x1c409</load_address>
         <run_address>0x1c409</run_address>
         <size>0x1ff</size>
         <input_file_ref idref="fl-1d"/>
      </object_component>
      <object_component id="oc-2ab">
         <name>.debug_info</name>
         <load_address>0x1c608</load_address>
         <run_address>0x1c608</run_address>
         <size>0x253</size>
         <input_file_ref idref="fl-1d"/>
      </object_component>
      <object_component id="oc-278">
         <name>.debug_info</name>
         <load_address>0x1c85b</load_address>
         <run_address>0x1c85b</run_address>
         <size>0x21d</size>
         <input_file_ref idref="fl-1d"/>
      </object_component>
      <object_component id="oc-281">
         <name>.debug_info</name>
         <load_address>0x1ca78</load_address>
         <run_address>0x1ca78</run_address>
         <size>0x219</size>
         <input_file_ref idref="fl-1d"/>
      </object_component>
      <object_component id="oc-29e">
         <name>.debug_info</name>
         <load_address>0x1cc91</load_address>
         <run_address>0x1cc91</run_address>
         <size>0x1fc</size>
         <input_file_ref idref="fl-1d"/>
      </object_component>
      <object_component id="oc-24f">
         <name>.debug_info</name>
         <load_address>0x1ce8d</load_address>
         <run_address>0x1ce8d</run_address>
         <size>0x1df</size>
         <input_file_ref idref="fl-1d"/>
      </object_component>
      <object_component id="oc-257">
         <name>.debug_info</name>
         <load_address>0x1d06c</load_address>
         <run_address>0x1d06c</run_address>
         <size>0x1d7</size>
         <input_file_ref idref="fl-1d"/>
      </object_component>
      <object_component id="oc-266">
         <name>.debug_info</name>
         <load_address>0x1d243</load_address>
         <run_address>0x1d243</run_address>
         <size>0x276</size>
         <input_file_ref idref="fl-1e"/>
      </object_component>
      <object_component id="oc-262">
         <name>.debug_info</name>
         <load_address>0x1d4b9</load_address>
         <run_address>0x1d4b9</run_address>
         <size>0x128</size>
         <input_file_ref idref="fl-1e"/>
      </object_component>
      <object_component id="oc-182">
         <name>.debug_info</name>
         <load_address>0x1d5e1</load_address>
         <run_address>0x1d5e1</run_address>
         <size>0x125</size>
         <input_file_ref idref="fl-1e"/>
      </object_component>
      <object_component id="oc-2b1">
         <name>.debug_info</name>
         <load_address>0x1d706</load_address>
         <run_address>0x1d706</run_address>
         <size>0x552</size>
         <input_file_ref idref="fl-1f"/>
      </object_component>
      <object_component id="oc-334">
         <name>.debug_info</name>
         <load_address>0x1dc58</load_address>
         <run_address>0x1dc58</run_address>
         <size>0x129</size>
         <input_file_ref idref="fl-1f"/>
      </object_component>
      <object_component id="oc-2a6">
         <name>.debug_info</name>
         <load_address>0x1dd81</load_address>
         <run_address>0x1dd81</run_address>
         <size>0x22c</size>
         <input_file_ref idref="fl-1f"/>
      </object_component>
      <object_component id="oc-1e4">
         <name>.debug_info</name>
         <load_address>0x1dfad</load_address>
         <run_address>0x1dfad</run_address>
         <size>0x3de</size>
         <input_file_ref idref="fl-1f"/>
      </object_component>
      <object_component id="oc-27e">
         <name>.debug_info</name>
         <load_address>0x1e38b</load_address>
         <run_address>0x1e38b</run_address>
         <size>0x537</size>
         <input_file_ref idref="fl-20"/>
      </object_component>
      <object_component id="oc-1c1">
         <name>.debug_info</name>
         <load_address>0x1e8c2</load_address>
         <run_address>0x1e8c2</run_address>
         <size>0x212</size>
         <input_file_ref idref="fl-20"/>
      </object_component>
      <object_component id="oc-1c7">
         <name>.debug_info</name>
         <load_address>0x1ead4</load_address>
         <run_address>0x1ead4</run_address>
         <size>0x210</size>
         <input_file_ref idref="fl-20"/>
      </object_component>
      <object_component id="oc-32c">
         <name>.debug_info</name>
         <load_address>0x1ece4</load_address>
         <run_address>0x1ece4</run_address>
         <size>0x1d0</size>
         <input_file_ref idref="fl-20"/>
      </object_component>
      <object_component id="oc-297">
         <name>.debug_info</name>
         <load_address>0x1eeb4</load_address>
         <run_address>0x1eeb4</run_address>
         <size>0x2a9</size>
         <input_file_ref idref="fl-20"/>
      </object_component>
      <object_component id="oc-1d6">
         <name>.debug_info</name>
         <load_address>0x1f15d</load_address>
         <run_address>0x1f15d</run_address>
         <size>0x2de</size>
         <input_file_ref idref="fl-20"/>
      </object_component>
      <object_component id="oc-276">
         <name>.debug_info</name>
         <load_address>0x1f43b</load_address>
         <run_address>0x1f43b</run_address>
         <size>0x4f1</size>
         <input_file_ref idref="fl-21"/>
      </object_component>
      <object_component id="oc-1b9">
         <name>.debug_info</name>
         <load_address>0x1f92c</load_address>
         <run_address>0x1f92c</run_address>
         <size>0x226</size>
         <input_file_ref idref="fl-21"/>
      </object_component>
      <object_component id="oc-1de">
         <name>.debug_info</name>
         <load_address>0x1fb52</load_address>
         <run_address>0x1fb52</run_address>
         <size>0x1fa</size>
         <input_file_ref idref="fl-21"/>
      </object_component>
      <object_component id="oc-293">
         <name>.debug_info</name>
         <load_address>0x1fd4c</load_address>
         <run_address>0x1fd4c</run_address>
         <size>0x4b6</size>
         <input_file_ref idref="fl-22"/>
      </object_component>
      <object_component id="oc-287">
         <name>.debug_info</name>
         <load_address>0x20202</load_address>
         <run_address>0x20202</run_address>
         <size>0x1c1</size>
         <input_file_ref idref="fl-22"/>
      </object_component>
      <object_component id="oc-1ca">
         <name>.debug_info</name>
         <load_address>0x203c3</load_address>
         <run_address>0x203c3</run_address>
         <size>0x426</size>
         <input_file_ref idref="fl-22"/>
      </object_component>
      <object_component id="oc-83">
         <name>.debug_info</name>
         <load_address>0x207e9</load_address>
         <run_address>0x207e9</run_address>
         <size>0x31e</size>
         <input_file_ref idref="fl-d8"/>
      </object_component>
      <object_component id="oc-47">
         <name>.debug_info</name>
         <load_address>0x20b07</load_address>
         <run_address>0x20b07</run_address>
         <size>0x1b5</size>
         <input_file_ref idref="fl-d8"/>
      </object_component>
      <object_component id="oc-7e">
         <name>.debug_info</name>
         <load_address>0x20cbc</load_address>
         <run_address>0x20cbc</run_address>
         <size>0x46</size>
         <input_file_ref idref="fl-d8"/>
      </object_component>
      <object_component id="oc-b7">
         <name>.debug_info</name>
         <load_address>0x20d02</load_address>
         <run_address>0x20d02</run_address>
         <size>0x2c</size>
         <input_file_ref idref="fl-d8"/>
      </object_component>
      <object_component id="oc-3f">
         <name>.debug_info</name>
         <load_address>0x20d2e</load_address>
         <run_address>0x20d2e</run_address>
         <size>0x2a8</size>
         <input_file_ref idref="fl-d9"/>
      </object_component>
      <object_component id="oc-1b">
         <name>.debug_info</name>
         <load_address>0x20fd6</load_address>
         <run_address>0x20fd6</run_address>
         <size>0x1ea</size>
         <input_file_ref idref="fl-d9"/>
      </object_component>
      <object_component id="oc-3a">
         <name>.debug_info</name>
         <load_address>0x211c0</load_address>
         <run_address>0x211c0</run_address>
         <size>0x46</size>
         <input_file_ref idref="fl-d9"/>
      </object_component>
      <object_component id="oc-76">
         <name>.debug_info</name>
         <load_address>0x21206</load_address>
         <run_address>0x21206</run_address>
         <size>0x2c</size>
         <input_file_ref idref="fl-d9"/>
      </object_component>
      <object_component id="oc-74">
         <name>.debug_info</name>
         <load_address>0x21232</load_address>
         <run_address>0x21232</run_address>
         <size>0x29e</size>
         <input_file_ref idref="fl-da"/>
      </object_component>
      <object_component id="oc-18">
         <name>.debug_info</name>
         <load_address>0x214d0</load_address>
         <run_address>0x214d0</run_address>
         <size>0x250</size>
         <input_file_ref idref="fl-da"/>
      </object_component>
      <object_component id="oc-2a">
         <name>.debug_info</name>
         <load_address>0x21720</load_address>
         <run_address>0x21720</run_address>
         <size>0x60</size>
         <input_file_ref idref="fl-da"/>
      </object_component>
      <object_component id="oc-b0">
         <name>.debug_info</name>
         <load_address>0x21780</load_address>
         <run_address>0x21780</run_address>
         <size>0x46</size>
         <input_file_ref idref="fl-da"/>
      </object_component>
      <object_component id="oc-6f">
         <name>.debug_info</name>
         <load_address>0x217c6</load_address>
         <run_address>0x217c6</run_address>
         <size>0x39</size>
         <input_file_ref idref="fl-da"/>
      </object_component>
      <object_component id="oc-27">
         <name>.debug_info</name>
         <load_address>0x217ff</load_address>
         <run_address>0x217ff</run_address>
         <size>0x10b</size>
         <input_file_ref idref="fl-db"/>
      </object_component>
      <object_component id="oc-54">
         <name>.debug_info</name>
         <load_address>0x2190a</load_address>
         <run_address>0x2190a</run_address>
         <size>0x1af</size>
         <input_file_ref idref="fl-db"/>
      </object_component>
      <object_component id="oc-111">
         <name>.debug_info</name>
         <load_address>0x21ab9</load_address>
         <run_address>0x21ab9</run_address>
         <size>0x122</size>
         <input_file_ref idref="fl-dc"/>
      </object_component>
      <object_component id="oc-86">
         <name>.debug_info</name>
         <load_address>0x21bdb</load_address>
         <run_address>0x21bdb</run_address>
         <size>0x14a</size>
         <input_file_ref idref="fl-df"/>
      </object_component>
      <object_component id="oc-37">
         <name>.debug_info</name>
         <load_address>0x21d25</load_address>
         <run_address>0x21d25</run_address>
         <size>0x11c</size>
         <input_file_ref idref="fl-e0"/>
      </object_component>
      <object_component id="oc-213">
         <name>.debug_info</name>
         <load_address>0x21e41</load_address>
         <run_address>0x21e41</run_address>
         <size>0x552</size>
         <input_file_ref idref="fl-e1"/>
      </object_component>
      <object_component id="oc-11d">
         <name>.debug_info</name>
         <load_address>0x22393</load_address>
         <run_address>0x22393</run_address>
         <size>0x1a6</size>
         <input_file_ref idref="fl-e1"/>
      </object_component>
      <object_component id="oc-2d4">
         <name>.debug_info</name>
         <load_address>0x22539</load_address>
         <run_address>0x22539</run_address>
         <size>0x39</size>
         <input_file_ref idref="fl-e1"/>
      </object_component>
      <object_component id="oc-343">
         <name>.debug_info</name>
         <load_address>0x22572</load_address>
         <run_address>0x22572</run_address>
         <size>0x39</size>
         <input_file_ref idref="fl-e1"/>
      </object_component>
      <object_component id="oc-2d9">
         <name>.debug_info</name>
         <load_address>0x225ab</load_address>
         <run_address>0x225ab</run_address>
         <size>0x39</size>
         <input_file_ref idref="fl-e1"/>
      </object_component>
      <object_component id="oc-2de">
         <name>.debug_info</name>
         <load_address>0x225e4</load_address>
         <run_address>0x225e4</run_address>
         <size>0xcd</size>
         <input_file_ref idref="fl-e1"/>
      </object_component>
      <object_component id="oc-8b">
         <name>.debug_info</name>
         <load_address>0x226b1</load_address>
         <run_address>0x226b1</run_address>
         <size>0x153</size>
         <input_file_ref idref="fl-e2"/>
      </object_component>
      <object_component id="oc-3a9">
         <name>.debug_info</name>
         <load_address>0x22804</load_address>
         <run_address>0x22804</run_address>
         <size>0x90</size>
      </object_component>
      <object_component id="oc-22b">
         <name>.debug_line</name>
         <load_address>0x0</load_address>
         <run_address>0x0</run_address>
         <size>0x20</size>
         <input_file_ref idref="fl-2"/>
      </object_component>
      <object_component id="oc-d1">
         <name>.debug_line</name>
         <load_address>0x20</load_address>
         <run_address>0x20</run_address>
         <size>0x346</size>
         <input_file_ref idref="fl-2"/>
      </object_component>
      <object_component id="oc-102">
         <name>.debug_line</name>
         <load_address>0x366</load_address>
         <run_address>0x366</run_address>
         <size>0x2d</size>
         <input_file_ref idref="fl-2"/>
      </object_component>
      <object_component id="oc-1b4">
         <name>.debug_line</name>
         <load_address>0x393</load_address>
         <run_address>0x393</run_address>
         <size>0x31</size>
         <input_file_ref idref="fl-2"/>
      </object_component>
      <object_component id="oc-ae">
         <name>.debug_line</name>
         <load_address>0x3c4</load_address>
         <run_address>0x3c4</run_address>
         <size>0x69</size>
         <input_file_ref idref="fl-2"/>
      </object_component>
      <object_component id="oc-206">
         <name>.debug_line</name>
         <load_address>0x42d</load_address>
         <run_address>0x42d</run_address>
         <size>0x78</size>
         <input_file_ref idref="fl-2"/>
      </object_component>
      <object_component id="oc-201">
         <name>.debug_line</name>
         <load_address>0x4a5</load_address>
         <run_address>0x4a5</run_address>
         <size>0x7b</size>
         <input_file_ref idref="fl-2"/>
      </object_component>
      <object_component id="oc-107">
         <name>.debug_line</name>
         <load_address>0x520</load_address>
         <run_address>0x520</run_address>
         <size>0x64</size>
         <input_file_ref idref="fl-2"/>
      </object_component>
      <object_component id="oc-fd">
         <name>.debug_line</name>
         <load_address>0x584</load_address>
         <run_address>0x584</run_address>
         <size>0x20</size>
         <input_file_ref idref="fl-2"/>
      </object_component>
      <object_component id="oc-154">
         <name>.debug_line</name>
         <load_address>0x5a4</load_address>
         <run_address>0x5a4</run_address>
         <size>0x6d</size>
         <input_file_ref idref="fl-2"/>
      </object_component>
      <object_component id="oc-1af">
         <name>.debug_line</name>
         <load_address>0x611</load_address>
         <run_address>0x611</run_address>
         <size>0x69</size>
         <input_file_ref idref="fl-2"/>
      </object_component>
      <object_component id="oc-10c">
         <name>.debug_line</name>
         <load_address>0x67a</load_address>
         <run_address>0x67a</run_address>
         <size>0x6a</size>
         <input_file_ref idref="fl-2"/>
      </object_component>
      <object_component id="oc-304">
         <name>.debug_line</name>
         <load_address>0x6e4</load_address>
         <run_address>0x6e4</run_address>
         <size>0x79</size>
         <input_file_ref idref="fl-2"/>
      </object_component>
      <object_component id="oc-1fa">
         <name>.debug_line</name>
         <load_address>0x75d</load_address>
         <run_address>0x75d</run_address>
         <size>0x7a</size>
         <input_file_ref idref="fl-2"/>
      </object_component>
      <object_component id="oc-274">
         <name>.debug_line</name>
         <load_address>0x7d7</load_address>
         <run_address>0x7d7</run_address>
         <size>0xd4</size>
         <input_file_ref idref="fl-3"/>
      </object_component>
      <object_component id="oc-ca">
         <name>.debug_line</name>
         <load_address>0x8ab</load_address>
         <run_address>0x8ab</run_address>
         <size>0x114</size>
         <input_file_ref idref="fl-3"/>
      </object_component>
      <object_component id="oc-2be">
         <name>.debug_line</name>
         <load_address>0x9bf</load_address>
         <run_address>0x9bf</run_address>
         <size>0x8b</size>
         <input_file_ref idref="fl-4"/>
      </object_component>
      <object_component id="oc-2b3">
         <name>.debug_line</name>
         <load_address>0xa4a</load_address>
         <run_address>0xa4a</run_address>
         <size>0x32</size>
         <input_file_ref idref="fl-4"/>
      </object_component>
      <object_component id="oc-d6">
         <name>.debug_line</name>
         <load_address>0xa7c</load_address>
         <run_address>0xa7c</run_address>
         <size>0x34b</size>
         <input_file_ref idref="fl-4"/>
      </object_component>
      <object_component id="oc-2c2">
         <name>.debug_line</name>
         <load_address>0xdc7</load_address>
         <run_address>0xdc7</run_address>
         <size>0x7b</size>
         <input_file_ref idref="fl-4"/>
      </object_component>
      <object_component id="oc-33f">
         <name>.debug_line</name>
         <load_address>0xe42</load_address>
         <run_address>0xe42</run_address>
         <size>0x20</size>
         <input_file_ref idref="fl-5"/>
      </object_component>
      <object_component id="oc-33d">
         <name>.debug_line</name>
         <load_address>0xe62</load_address>
         <run_address>0xe62</run_address>
         <size>0x31</size>
         <input_file_ref idref="fl-5"/>
      </object_component>
      <object_component id="oc-33b">
         <name>.debug_line</name>
         <load_address>0xe93</load_address>
         <run_address>0xe93</run_address>
         <size>0x31</size>
         <input_file_ref idref="fl-5"/>
      </object_component>
      <object_component id="oc-2bb">
         <name>.debug_line</name>
         <load_address>0xec4</load_address>
         <run_address>0xec4</run_address>
         <size>0x31</size>
         <input_file_ref idref="fl-5"/>
      </object_component>
      <object_component id="oc-32">
         <name>.debug_line</name>
         <load_address>0xef5</load_address>
         <run_address>0xef5</run_address>
         <size>0x20</size>
         <input_file_ref idref="fl-5"/>
      </object_component>
      <object_component id="oc-268">
         <name>.debug_line</name>
         <load_address>0xf15</load_address>
         <run_address>0xf15</run_address>
         <size>0x91</size>
         <input_file_ref idref="fl-6"/>
      </object_component>
      <object_component id="oc-c4">
         <name>.debug_line</name>
         <load_address>0xfa6</load_address>
         <run_address>0xfa6</run_address>
         <size>0x9f</size>
         <input_file_ref idref="fl-6"/>
      </object_component>
      <object_component id="oc-1fd">
         <name>.debug_line</name>
         <load_address>0x1045</load_address>
         <run_address>0x1045</run_address>
         <size>0x11d</size>
         <input_file_ref idref="fl-7"/>
      </object_component>
      <object_component id="oc-1f6">
         <name>.debug_line</name>
         <load_address>0x1162</load_address>
         <run_address>0x1162</run_address>
         <size>0x32</size>
         <input_file_ref idref="fl-7"/>
      </object_component>
      <object_component id="oc-91">
         <name>.debug_line</name>
         <load_address>0x1194</load_address>
         <run_address>0x1194</run_address>
         <size>0x107</size>
         <input_file_ref idref="fl-7"/>
      </object_component>
      <object_component id="oc-229">
         <name>.debug_line</name>
         <load_address>0x129b</load_address>
         <run_address>0x129b</run_address>
         <size>0x3b</size>
         <input_file_ref idref="fl-8"/>
      </object_component>
      <object_component id="oc-a7">
         <name>.debug_line</name>
         <load_address>0x12d6</load_address>
         <run_address>0x12d6</run_address>
         <size>0x174</size>
         <input_file_ref idref="fl-8"/>
      </object_component>
      <object_component id="oc-309">
         <name>.debug_line</name>
         <load_address>0x144a</load_address>
         <run_address>0x144a</run_address>
         <size>0xe8</size>
         <input_file_ref idref="fl-9"/>
      </object_component>
      <object_component id="oc-25e">
         <name>.debug_line</name>
         <load_address>0x1532</load_address>
         <run_address>0x1532</run_address>
         <size>0x4d</size>
         <input_file_ref idref="fl-9"/>
      </object_component>
      <object_component id="oc-260">
         <name>.debug_line</name>
         <load_address>0x157f</load_address>
         <run_address>0x157f</run_address>
         <size>0x4d</size>
         <input_file_ref idref="fl-9"/>
      </object_component>
      <object_component id="oc-30b">
         <name>.debug_line</name>
         <load_address>0x15cc</load_address>
         <run_address>0x15cc</run_address>
         <size>0x4d</size>
         <input_file_ref idref="fl-9"/>
      </object_component>
      <object_component id="oc-158">
         <name>.debug_line</name>
         <load_address>0x1619</load_address>
         <run_address>0x1619</run_address>
         <size>0x38c</size>
         <input_file_ref idref="fl-9"/>
      </object_component>
      <object_component id="oc-376">
         <name>.debug_line</name>
         <load_address>0x19a5</load_address>
         <run_address>0x19a5</run_address>
         <size>0xd3</size>
         <input_file_ref idref="fl-a"/>
      </object_component>
      <object_component id="oc-367">
         <name>.debug_line</name>
         <load_address>0x1a78</load_address>
         <run_address>0x1a78</run_address>
         <size>0x61</size>
         <input_file_ref idref="fl-a"/>
      </object_component>
      <object_component id="oc-231">
         <name>.debug_line</name>
         <load_address>0x1ad9</load_address>
         <run_address>0x1ad9</run_address>
         <size>0xd8</size>
         <input_file_ref idref="fl-a"/>
      </object_component>
      <object_component id="oc-aa">
         <name>.debug_line</name>
         <load_address>0x1bb1</load_address>
         <run_address>0x1bb1</run_address>
         <size>0x44</size>
         <input_file_ref idref="fl-b"/>
      </object_component>
      <object_component id="oc-6b">
         <name>.debug_line</name>
         <load_address>0x1bf5</load_address>
         <run_address>0x1bf5</run_address>
         <size>0x44</size>
         <input_file_ref idref="fl-b"/>
      </object_component>
      <object_component id="oc-68">
         <name>.debug_line</name>
         <load_address>0x1c39</load_address>
         <run_address>0x1c39</run_address>
         <size>0x75</size>
         <input_file_ref idref="fl-b"/>
      </object_component>
      <object_component id="oc-36c">
         <name>.debug_line</name>
         <load_address>0x1cae</load_address>
         <run_address>0x1cae</run_address>
         <size>0x56</size>
         <input_file_ref idref="fl-13"/>
      </object_component>
      <object_component id="oc-31d">
         <name>.debug_line</name>
         <load_address>0x1d04</load_address>
         <run_address>0x1d04</run_address>
         <size>0x51</size>
         <input_file_ref idref="fl-13"/>
      </object_component>
      <object_component id="oc-2ec">
         <name>.debug_line</name>
         <load_address>0x1d55</load_address>
         <run_address>0x1d55</run_address>
         <size>0x6e</size>
         <input_file_ref idref="fl-13"/>
      </object_component>
      <object_component id="oc-2e6">
         <name>.debug_line</name>
         <load_address>0x1dc3</load_address>
         <run_address>0x1dc3</run_address>
         <size>0x78</size>
         <input_file_ref idref="fl-13"/>
      </object_component>
      <object_component id="oc-194">
         <name>.debug_line</name>
         <load_address>0x1e3b</load_address>
         <run_address>0x1e3b</run_address>
         <size>0x78</size>
         <input_file_ref idref="fl-13"/>
      </object_component>
      <object_component id="oc-23d">
         <name>.debug_line</name>
         <load_address>0x1eb3</load_address>
         <run_address>0x1eb3</run_address>
         <size>0x6c</size>
         <input_file_ref idref="fl-13"/>
      </object_component>
      <object_component id="oc-237">
         <name>.debug_line</name>
         <load_address>0x1f1f</load_address>
         <run_address>0x1f1f</run_address>
         <size>0x6c</size>
         <input_file_ref idref="fl-13"/>
      </object_component>
      <object_component id="oc-31a">
         <name>.debug_line</name>
         <load_address>0x1f8b</load_address>
         <run_address>0x1f8b</run_address>
         <size>0x51</size>
         <input_file_ref idref="fl-13"/>
      </object_component>
      <object_component id="oc-372">
         <name>.debug_line</name>
         <load_address>0x1fdc</load_address>
         <run_address>0x1fdc</run_address>
         <size>0x56</size>
         <input_file_ref idref="fl-15"/>
      </object_component>
      <object_component id="oc-354">
         <name>.debug_line</name>
         <load_address>0x2032</load_address>
         <run_address>0x2032</run_address>
         <size>0x6b</size>
         <input_file_ref idref="fl-15"/>
      </object_component>
      <object_component id="oc-2f4">
         <name>.debug_line</name>
         <load_address>0x209d</load_address>
         <run_address>0x209d</run_address>
         <size>0x7a</size>
         <input_file_ref idref="fl-15"/>
      </object_component>
      <object_component id="oc-2fa">
[...]
      </symbol>
      <symbol id="sm-17a">
         <name>InitGraphics</name>
         <value>0x2f97</value>
         <object_component_ref idref="oc-c0"/>
      </symbol>
      <symbol id="sm-1a1">
         <name>uartConfig</name>
         <value>0x20000410</value>
         <object_component_ref idref="oc-f6"/>
      </symbol>
      <symbol id="sm-1a2">
         <name>initialize</name>
         <value>0x26c9</value>
         <object_component_ref idref="oc-90"/>
      </symbol>
      <symbol id="sm-1a3">
         <name>main</name>
         <value>0x2601</value>
         <object_component_ref idref="oc-90"/>
      </symbol>
      <symbol id="sm-1a4">
         <name>PlayerInput</name>
         <value>0x26e9</value>
         <object_component_ref idref="oc-90"/>
      </symbol>
      <symbol id="sm-1f1">
         <name>SystemInit</name>
         <value>0x22d5</value>
         <object_component_ref idref="oc-a2"/>
      </symbol>
      <symbol id="sm-1f2">
         <name>SystemCoreClockUpdate</name>
         <value>0x205d</value>
         <object_component_ref idref="oc-a2"/>
      </symbol>
      <symbol id="sm-1f3">
         <name>SystemCoreClock</name>
         <value>0x20000444</value>
         <object_component_ref idref="oc-14d"/>
      </symbol>
      <symbol id="sm-25a">
         <name>Lcd_Orientation</name>
         <value>0x2000040e</value>
      </symbol>
      <symbol id="sm-25b">
         <name>Lcd_ScreenWidth</name>
         <value>0x20000408</value>
      </symbol>
      <symbol id="sm-25c">
         <name>Lcd_ScreenHeigth</name>
         <value>0x20000406</value>
      </symbol>
      <symbol id="sm-25d">
         <name>Lcd_PenSolid</name>
         <value>0x2000040f</value>
      </symbol>
      <symbol id="sm-25e">
         <name>Lcd_FontSolid</name>
         <value>0x2000040d</value>
      </symbol>
      <symbol id="sm-25f">
         <name>Lcd_FlagRead</name>
         <value>0x2000040c</value>
      </symbol>
      <symbol id="sm-260">
         <name>Lcd_TouchTrim</name>
         <value>0x2000040a</value>
      </symbol>
      <symbol id="sm-261">
         <name>Crystalfontz128x128_SetDrawFrame</name>
         <value>0x12e1</value>
         <object_component_ref idref="oc-157"/>
      </symbol>
      <symbol id="sm-262">
         <name>Crystalfontz128x128_SetOrientation</name>
         <value>0x140f</value>
         <object_component_ref idref="oc-157"/>
      </symbol>
      <symbol id="sm-263">
         <name>g_sCrystalfontz128x128_funcs</name>
         <value>0x48e8</value>
         <object_component_ref idref="oc-17e"/>
      </symbol>
      <symbol id="sm-264">
         <name>g_sCrystalfontz128x128</name>
         <value>0x20000434</value>
         <object_component_ref idref="oc-17b"/>
      </symbol>
      <symbol id="sm-265">
         <name>Crystalfontz128x128_Init</name>
         <value>0x11cd</value>
         <object_component_ref idref="oc-157"/>
      </symbol>
      <symbol id="sm-285">
         <name>HAL_LCD_writeData</name>
         <value>0x2ea3</value>
         <object_component_ref idref="oc-22c"/>
      </symbol>
      <symbol id="sm-286">
         <name>HAL_LCD_SpiInit</name>
         <value>0x2e3d</value>
         <object_component_ref idref="oc-22c"/>
      </symbol>
      <symbol id="sm-287">
         <name>HAL_LCD_PortInit</name>
         <value>0x2e0d</value>
         <object_component_ref idref="oc-22c"/>
      </symbol>
      <symbol id="sm-288">
         <name>HAL_LCD_writeCommand</name>
         <value>0x2e73</value>
         <object_component_ref idref="oc-22c"/>
      </symbol>
      <symbol id="sm-29d">
         <name>Reset_Handler</name>
         <value>0x3ac9</value>
         <object_component_ref idref="oc-64"/>
      </symbol>
      <symbol id="sm-29e">
         <name>Default_Handler</name>
         <value>0x3ad5</value>
         <object_component_ref idref="oc-64"/>
      </symbol>
      <symbol id="sm-29f">
         <name>interruptVectors</name>
         <value>0x0</value>
         <object_component_ref idref="oc-23"/>
      </symbol>
      <symbol id="sm-2ed">
         <name>GPIO_setOutputHighOnPin</name>
         <value>0x3919</value>
         <object_component_ref idref="oc-238"/>
      </symbol>
      <symbol id="sm-2ee">
         <name>GPIO_setAsOutputPin</name>
         <value>0x36b9</value>
         <object_component_ref idref="oc-2eb"/>
      </symbol>
      <symbol id="sm-2ef">
         <name>GPIO_setOutputLowOnPin</name>
         <value>0x3941</value>
         <object_component_ref idref="oc-232"/>
      </symbol>
      <symbol id="sm-2f0">
         <name>GPIO_setAsPeripheralModuleFunctionOutputPin</name>
         <value>0x3339</value>
         <object_component_ref idref="oc-2e5"/>
      </symbol>
      <symbol id="sm-2f1">
         <name>GPIO_setAsPeripheralModuleFunctionInputPin</name>
         <value>0x32b1</value>
         <object_component_ref idref="oc-192"/>
      </symbol>
      <symbol id="sm-32c">
         <name>EUSCI_B_SPI_enable</name>
         <value>0x3a43</value>
         <object_component_ref idref="oc-35f"/>
      </symbol>
      <symbol id="sm-32d">
         <name>SPI_enableModule</name>
         <value>0x39ab</value>
         <object_component_ref idref="oc-2f7"/>
      </symbol>
      <symbol id="sm-32e">
         <name>EUSCI_A_SPI_enable</name>
         <value>0x3a2d</value>
         <object_component_ref idref="oc-359"/>
      </symbol>
      <symbol id="sm-32f">
         <name>SPI_initMaster</name>
         <value>0x2ed9</value>
         <object_component_ref idref="oc-2f1"/>
      </symbol>
      <symbol id="sm-360">
         <name>Timer32_startTimer</name>
         <value>0x3779</value>
         <object_component_ref idref="oc-de"/>
      </symbol>
      <symbol id="sm-361">
         <name>Timer32_setCount</name>
         <value>0x3855</value>
         <object_component_ref idref="oc-d8"/>
      </symbol>
      <symbol id="sm-362">
         <name>Timer32_getValue</name>
         <value>0x3aad</value>
         <object_component_ref idref="oc-e4"/>
      </symbol>
      <symbol id="sm-363">
         <name>Timer32_initModule</name>
         <value>0x34a9</value>
         <object_component_ref idref="oc-f0"/>
      </symbol>
      <symbol id="sm-3a8">
         <name>UART_receiveData</name>
         <value>0x38bd</value>
         <object_component_ref idref="oc-19e"/>
      </symbol>
      <symbol id="sm-3a9">
         <name>UART_enableModule</name>
         <value>0x3a85</value>
         <object_component_ref idref="oc-18c"/>
      </symbol>
      <symbol id="sm-3aa">
         <name>UART_transmitData</name>
         <value>0x3889</value>
         <object_component_ref idref="oc-1a4"/>
      </symbol>
      <symbol id="sm-3ab">
         <name>UART_getInterruptStatus</name>
         <value>0x3a15</value>
         <object_component_ref idref="oc-198"/>
      </symbol>
      <symbol id="sm-3ac">
         <name>UART_initModule</name>
         <value>0x2d11</value>
         <object_component_ref idref="oc-186"/>
      </symbol>
      <symbol id="sm-3b8">
         <name>WDT_A_holdTimer</name>
         <value>0x3969</value>
         <object_component_ref idref="oc-ea"/>
      </symbol>
      <symbol id="sm-3d7">
         <name>Graphics_fillCircle</name>
         <value>0x23d5</value>
         <object_component_ref idref="oc-1cf"/>
      </symbol>
      <symbol id="sm-404">
         <name>Graphics_setBackgroundColor</name>
         <value>0x39e1</value>
         <object_component_ref idref="oc-169"/>
      </symbol>
      <symbol id="sm-405">
         <name>Graphics_setFont</name>
         <value>0x39fb</value>
         <object_component_ref idref="oc-16f"/>
      </symbol>
      <symbol id="sm-406">
         <name>Graphics_initContext</name>
         <value>0x35dd</value>
         <object_component_ref idref="oc-15d"/>
      </symbol>
      <symbol id="sm-407">
         <name>Graphics_setForegroundColor</name>
         <value>0x3a59</value>
         <object_component_ref idref="oc-163"/>
      </symbol>
      <symbol id="sm-408">
         <name>Graphics_clearDisplay</name>
         <value>0x3a9b</value>
         <object_component_ref idref="oc-175"/>
      </symbol>
      <symbol id="sm-445">
         <name>Graphics_clearDisplayOnDisplay</name>
         <value>0x39c7</value>
         <object_component_ref idref="oc-256"/>
      </symbol>
      <symbol id="sm-446">
         <name>Graphics_drawPixelOnDisplay</name>
         <value>0x38ed</value>
         <object_component_ref idref="oc-28c"/>
      </symbol>
      <symbol id="sm-447">
         <name>Graphics_translateColorOnDisplay</name>
         <value>0x3a6f</value>
         <object_component_ref idref="oc-24d"/>
      </symbol>
      <symbol id="sm-448">
         <name>Graphics_drawHorizontalLineOnDisplay</name>
         <value>0x37e9</value>
         <object_component_ref idref="oc-277"/>
      </symbol>
      <symbol id="sm-449">
         <name>Graphics_drawVerticalLineOnDisplay</name>
         <value>0x381f</value>
         <object_component_ref idref="oc-27f"/>
      </symbol>
      <symbol id="sm-44a">
         <name>Graphics_drawMultiplePixelsOnDisplay</name>
         <value>0x362f</value>
         <object_component_ref idref="oc-2aa"/>
      </symbol>
      <symbol id="sm-44b">
         <name>Graphics_fillRectangleOnDisplay</name>
         <value>0x398d</value>
         <object_component_ref idref="oc-29d"/>
      </symbol>
      <symbol id="sm-45d">
         <name>g_sFontCmtt12</name>
         <value>0x47f0</value>
         <object_component_ref idref="oc-181"/>
      </symbol>
      <symbol id="sm-493">
         <name>Graphics_drawImage</name>
         <value>0x1ccb</value>
         <object_component_ref idref="oc-1e2"/>
      </symbol>
      <symbol id="sm-4f0">
         <name>Graphics_drawLineH</name>
         <value>0x30db</value>
         <object_component_ref idref="oc-1bd"/>
      </symbol>
      <symbol id="sm-4f1">
         <name>Graphics_drawLineV</name>
         <value>0x3177</value>
         <object_component_ref idref="oc-1c3"/>
      </symbol>
      <symbol id="sm-4f2">
         <name>Graphics_drawLine</name>
         <value>0x2935</value>
         <object_component_ref idref="oc-1d5"/>
      </symbol>
      <symbol id="sm-512">
         <name>Graphics_drawRectangle</name>
         <value>0x3039</value>
         <object_component_ref idref="oc-1b7"/>
      </symbol>
      <symbol id="sm-513">
         <name>Graphics_fillRectangle</name>
         <value>0x2bfd</value>
         <object_component_ref idref="oc-1dc"/>
      </symbol>
      <symbol id="sm-553">
         <name>Graphics_drawString</name>
         <value>0x184d</value>
         <object_component_ref idref="oc-1c9"/>
      </symbol>
      <symbol id="sm-56a">
         <name>__TI_zero_init</name>
         <value>0x3ad7</value>
         <object_component_ref idref="oc-46"/>
      </symbol>
      <symbol id="sm-581">
         <name>__TI_decompress_none</name>
         <value>0x3abb</value>
         <object_component_ref idref="oc-1a"/>
      </symbol>
      <symbol id="sm-5a4">
         <name>__TI_decompress_lzss</name>
         <value>0x3511</value>
         <object_component_ref idref="oc-14"/>
      </symbol>
      <symbol id="sm-5b7">
         <name>__stack</name>
         <value>0x2000fe00</value>
         <object_component_ref idref="oc-26"/>
      </symbol>
      <symbol id="sm-5b8">
         <name>_c_int00_noargs</name>
         <value>0x37b1</value>
         <object_component_ref idref="oc-52"/>
      </symbol>
      <symbol id="sm-5c3">
         <name>C$$EXIT</name>
         <value>0x3ae7</value>
         <object_component_ref idref="oc-10f"/>
      </symbol>
      <symbol id="sm-5c4">
         <name>abort</name>
         <value>0x3ae7</value>
         <object_component_ref idref="oc-10f"/>
      </symbol>
      <symbol id="sm-5d5">
         <name>__aeabi_memset</name>
         <value>0x33c3</value>
         <object_component_ref idref="oc-84"/>
      </symbol>
      <symbol id="sm-5d6">
         <name>memset</name>
         <value>0x33c9</value>
         <object_component_ref idref="oc-84"/>
      </symbol>
      <symbol id="sm-5d7">
         <name>__aeabi_memset8</name>
         <value>0x33c3</value>
         <object_component_ref idref="oc-84"/>
      </symbol>
      <symbol id="sm-5d8">
         <name>__aeabi_memset4</name>
         <value>0x33c3</value>
         <object_component_ref idref="oc-84"/>
      </symbol>
      <symbol id="sm-5d9">
         <name>__aeabi_memclr8</name>
         <value>0x33c1</value>
         <object_component_ref idref="oc-84"/>
      </symbol>
      <symbol id="sm-5da">
         <name>__aeabi_memclr4</name>
         <value>0x33c1</value>
         <object_component_ref idref="oc-84"/>
      </symbol>
      <symbol id="sm-5db">
         <name>__aeabi_memclr</name>
         <value>0x33c1</value>
         <object_component_ref idref="oc-84"/>
      </symbol>
      <symbol id="sm-5f6">
         <name>memcpy</name>
         <value>0x3213</value>
         <object_component_ref idref="oc-34"/>
      </symbol>
      <symbol id="sm-5f7">
         <name>__aeabi_memcpy</name>
         <value>0x3213</value>
         <object_component_ref idref="oc-34"/>
      </symbol>
      <symbol id="sm-5f8">
         <name>__aeabi_memcpy8</name>
         <value>0x3213</value>
         <object_component_ref idref="oc-34"/>
      </symbol>
      <symbol id="sm-5f9">
         <name>__aeabi_memcpy4</name>
         <value>0x3213</value>
         <object_component_ref idref="oc-34"/>
      </symbol>
      <symbol id="sm-621">
         <name>__TI_auto_init_nobinit_nopinit</name>
         <value>0x3675</value>
         <object_component_ref idref="oc-11b"/>
      </symbol>
      <symbol id="sm-62b">
         <name>_system_pre_init</name>
         <value>0x3ae3</value>
         <object_component_ref idref="oc-8a"/>
      </symbol>
      <symbol id="sm-62d">
         <name>__TI_static_base__</name>
         <value>0x0</value>
      </symbol>
      <symbol id="sm-630">
         <name>__mpu_init</name>
         <value>0x0</value>
      </symbol>
      <symbol id="sm-631">
         <name>_system_post_cinit</name>
         <value>0x0</value>
      </symbol>
      <symbol id="sm-632">
         <name>NMI_Handler</name>
         <value>0x3ad5</value>
      </symbol>
      <symbol id="sm-633">
         <name>HardFault_Handler</name>
         <value>0x3ad5</value>
      </symbol>
      <symbol id="sm-634">
         <name>MemManage_Handler</name>
         <value>0x3ad5</value>
      </symbol>
      <symbol id="sm-635">
         <name>BusFault_Handler</name>
         <value>0x3ad5</value>
      </symbol>
      <symbol id="sm-636">
         <name>UsageFault_Handler</name>
         <value>0x3ad5</value>
      </symbol>
      <symbol id="sm-637">
         <name>SVC_Handler</name>
         <value>0x3ad5</value>
      </symbol>
      <symbol id="sm-638">
         <name>DebugMon_Handler</name>
         <value>0x3ad5</value>
      </symbol>
      <symbol id="sm-639">
         <name>PendSV_Handler</name>
         <value>0x3ad5</value>
      </symbol>
      <symbol id="sm-63a">
         <name>SysTick_Handler</name>
         <value>0x3ad5</value>
      </symbol>
      <symbol id="sm-63b">
         <name>PSS_IRQHandler</name>
         <value>0x3ad5</value>
      </symbol>
      <symbol id="sm-63c">
         <name>CS_IRQHandler</name>
         <value>0x3ad5</value>
      </symbol>
      <symbol id="sm-63d">
         <name>PCM_IRQHandler</name>
         <value>0x3ad5</value>
      </symbol>
      <symbol id="sm-63e">
         <name>WDT_A_IRQHandler</name>
         <value>0x3ad5</value>
      </symbol>
      <symbol id="sm-63f">
         <name>FPU_IRQHandler</name>
         <value>0x3ad5</value>
      </symbol>
      <symbol id="sm-640">
         <name>FLCTL_IRQHandler</name>
         <value>0x3ad5</value>
      </symbol>
      <symbol id="sm-641">
         <name>COMP_E0_IRQHandler</name>
         <value>0x3ad5</value>
      </symbol>
      <symbol id="sm-642">
         <name>COMP_E1_IRQHandler</name>
         <value>0x3ad5</value>
      </symbol>
      <symbol id="sm-643">
         <name>TA0_0_IRQHandler</name>
         <value>0x3ad5</value>
      </symbol>
      <symbol id="sm-644">
         <name>TA0_N_IRQHandler</name>
         <value>0x3ad5</value>
      </symbol>
      <symbol id="sm-645">
         <name>TA1_0_IRQHandler</name>
         <value>0x3ad5</value>
      </symbol>
      <symbol id="sm-646">
         <name>TA1_N_IRQHandler</name>
         <value>0x3ad5</value>
      </symbol>
      <symbol id="sm-647">
         <name>TA2_0_IRQHandler</name>
         <value>0x3ad5</value>
      </symbol>
      <symbol id="sm-648">
         <name>TA2_N_IRQHandler</name>
         <value>0x3ad5</value>
      </symbol>
      <symbol id="sm-649">
         <name>TA3_0_IRQHandler</name>
         <value>0x3ad5</value>
      </symbol>
      <symbol id="sm-64a">
         <name>TA3_N_IRQHandler</name>
         <value>0x3ad5</value>
      </symbol>
      <symbol id="sm-64b">
         <name>EUSCIA0_IRQHandler</name>
         <value>0x3ad5</value>
      </symbol>
      <symbol id="sm-64c">
         <name>EUSCIA1_IRQHandler</name>
         <value>0x3ad5</value>
      </symbol>
      <symbol id="sm-64d">
         <name>EUSCIA2_IRQHandler</name>
         <value>0x3ad5</value>
      </symbol>
      <symbol id="sm-64e">
         <name>EUSCIA3_IRQHandler</name>
         <value>0x3ad5</value>
      </symbol>
      <symbol id="sm-64f">
         <name>EUSCIB0_IRQHandler</name>
         <value>0x3ad5</value>
      </symbol>
      <symbol id="sm-650">
         <name>EUSCIB1_IRQHandler</name>
         <value>0x3ad5</value>
      </symbol>
      <symbol id="sm-651">
         <name>EUSCIB2_IRQHandler</name>
         <value>0x3ad5</value>
      </symbol>
      <symbol id="sm-652">
         <name>EUSCIB3_IRQHandler</name>
         <value>0x3ad5</value>
      </symbol>
      <symbol id="sm-653">
         <name>ADC14_IRQHandler</name>
         <value>0x3ad5</value>
      </symbol>
      <symbol id="sm-654">
         <name>T32_INT1_IRQHandler</name>
         <value>0x3ad5</value>
      </symbol>
      <symbol id="sm-655">
         <name>T32_INT2_IRQHandler</name>
         <value>0x3ad5</value>
      </symbol>
      <symbol id="sm-656">
         <name>T32_INTC_IRQHandler</name>
         <value>0x3ad5</value>
      </symbol>
      <symbol id="sm-657">
         <name>AES256_IRQHandler</name>
         <value>0x3ad5</value>
      </symbol>
      <symbol id="sm-658">
         <name>RTC_C_IRQHandler</name>
         <value>0x3ad5</value>
      </symbol>
      <symbol id="sm-659">
         <name>DMA_ERR_IRQHandler</name>
         <value>0x3ad5</value>
      </symbol>
      <symbol id="sm-65a">
         <name>DMA_INT3_IRQHandler</name>
         <value>0x3ad5</value>
      </symbol>
      <symbol id="sm-65b">
         <name>DMA_INT2_IRQHandler</name>
         <value>0x3ad5</value>
      </symbol>
      <symbol id="sm-65c">
         <name>DMA_INT1_IRQHandler</name>
         <value>0x3ad5</value>
      </symbol>
      <symbol id="sm-65d">
         <name>DMA_INT0_IRQHandler</name>
         <value>0x3ad5</value>
      </symbol>
      <symbol id="sm-65e">
         <name>PORT1_IRQHandler</name>
         <value>0x3ad5</value>
      </symbol>
      <symbol id="sm-65f">
         <name>PORT2_IRQHandler</name>
         <value>0x3ad5</value>
      </symbol>
      <symbol id="sm-660">
         <name>PORT3_IRQHandler</name>
         <value>0x3ad5</value>
      </symbol>
      <symbol id="sm-661">
         <name>PORT4_IRQHandler</name>
         <value>0x3ad5</value>
      </symbol>
      <symbol id="sm-662">
         <name>PORT5_IRQHandler</name>
         <value>0x3ad5</value>
      </symbol>
      <symbol id="sm-663">
         <name>PORT6_IRQHandler</name>
         <value>0x3ad5</value>
      </symbol>
   </symbol_table>
   <title>Link successful</title>
</link_info>
