******************************************************************************
                  TI ARM Linker PC v18.1.5                     
******************************************************************************
>> Linked Fri Mar 22 16:52:51 2019

OUTPUT FILE NAME:   <Proj2.out>
ENTRY POINT SYMBOL: "_c_int00_noargs"  address: 00005715


MEMORY CONFIGURATION

         name            origin    length      used     unused   attr    fill
----------------------  --------  ---------  --------  --------  ----  --------
  MAIN                  00000000   00040000  0000a576  00035a8a  R  X
  INFO                  00200000   00004000  00000000  00004000  R  X
  SRAM_CODE             01000000   00010000  0000061e  0000f9e2  RW X
  SRAM_DATA             20000000   00010000  0000061e  0000f9e2  RW  


SEGMENT ALLOCATION MAP

run origin  load origin   length   init length attrs members
----------  ----------- ---------- ----------- ----- -------
00000000    00000000    0000a578   0000a578    r-x
  00000000    00000000    000000e4   000000e4    r-- .intvecs
  000000e4    000000e4    000059c2   000059c2    r-x .text
  00005aa8    00005aa8    00004a98   00004a98    r-- .const
  0000a540    0000a540    00000038   00000038    r-- .cinit
20000000    20000000    00000420   00000000    rw-
  20000000    20000000    0000040a   00000000    rw- .bss
  2000040c    2000040c    00000014   00000000    rw- .data
2000fe00    2000fe00    00000200   00000000    rw-
  2000fe00    2000fe00    00000200   00000000    rw- .stack


SECTION ALLOCATION MAP

 output                                  attributes/
section   page    origin      length       input sections
--------  ----  ----------  ----------   ----------------
.intvecs   0    00000000    000000e4     
                  00000000    000000e4     startup_msp432p401r_ccs.obj (.intvecs:retain)

.text      0    000000e4    000059c2     
                  000000e4    00001b84     graphics_HAL.obj (.text)
                  00001c68    00001184     PlotStatus_Update_HAL.obj (.text)
                  00002dec    00000680     Crystalfontz128x128_ST7735.obj (.text)
                  0000346c    0000047e     grlib.a : string.obj (.text:Graphics_drawString)
                  000038ea    00000002     --HOLE-- [fill = 0]
                  000038ec    00000424     Proj2_main.obj (.text)
                  00003d10    00000390     grlib.a : image.obj (.text:Graphics_drawImage)
                  000040a0    00000378     system_msp432p401r.obj (.text)
                  00004418    00000338     ButtonLED_HAL.obj (.text)
                  00004750    0000022a     grlib.a : circle.obj (.text:Graphics_fillCircle)
                  0000497a    00000122     UART_HAL.obj (.text)
                  00004a9c    00000114     Timer32_HAL.obj (.text)
                  00004bb0    00000112     grlib.a : rectangle.obj (.text:Graphics_fillRectangle)
                  00004cc2    00000002     --HOLE-- [fill = 0]
                  00004cc4    000000fc     msp432p4xx_driverlib.lib : uart.o (.text:UART_initModule)
                  00004dc0    000000cc     HAL_MSP_EXP432P401R_Crystalfontz128x128_ST7735.obj (.text)
                  00004e8c    000000b0     msp432p4xx_driverlib.lib : spi.o (.text:SPI_initMaster)
                  00004f3c    000000a2     grlib.a : rectangle.obj (.text:Graphics_drawRectangle)
                  00004fde    0000009c             : line.obj (.text:Graphics_drawLineH)
                  0000507a    0000009c             : line.obj (.text:Graphics_drawLineV)
                  00005116    0000009c     rtsv7M4_T_le_v4SPD16_eabi.lib : memcpy_t2.asm.obj (.text)
                  000051b2    00000002     --HOLE-- [fill = 0]
                  000051b4    00000088     msp432p4xx_driverlib.lib : gpio.o (.text:GPIO_setAsPeripheralModuleFunctionInputPin)
                  0000523c    00000088                              : gpio.o (.text:GPIO_setAsPeripheralModuleFunctionOutputPin)
                  000052c4    0000007a     rtsv7M4_T_le_v4SPD16_eabi.lib : memset_t2.asm.obj (.text)
                  0000533e    0000006e     Farm.obj (.text)
                  000053ac    0000006c     grlib.a : image.obj (.text:Graphics_convertPalette)
                  00005418    00000068     msp432p4xx_driverlib.lib : timer32.o (.text:Timer32_initModule)
                  00005480    00000068     rtsv7M4_T_le_v4SPD16_eabi.lib : copy_decompress_lzss.c.obj (.text:decompress:lzss:__TI_decompress_lzss)
                  000054e8    00000058     msp432p4xx_driverlib.lib : gpio.o (.text:GPIO_setAsInputPinWithPullUpResistor)
                  00005540    00000052     grlib.a : context.obj (.text:Graphics_initContext)
                  00005592    00000046             : display.obj (.text:Graphics_drawMultiplePixelsOnDisplay)
                  000055d8    00000044     rtsv7M4_T_le_v4SPD16_eabi.lib : autoinit.c.obj (.text:__TI_auto_init_nobinit_nopinit:__TI_auto_init_nobinit_nopinit)
                  0000561c    00000040     msp432p4xx_driverlib.lib : gpio.o (.text:GPIO_setAsOutputPin)
                  0000565c    00000040     grlib.a : string.obj (.text:Graphics_getNumberOfLeadingZeros)
                  0000569c    00000040     msp432p4xx_driverlib.lib : spi.o (.text:is_A_Module)
                  000056dc    00000038                              : timer32.o (.text:Timer32_startTimer)
                  00005714    00000038     rtsv7M4_T_le_v4SPD16_eabi.lib : boot_cortex_m.c.obj (.text:_c_int00_noargs:_c_int00_noargs)
                  0000574c    00000036     grlib.a : display.obj (.text:Graphics_drawHorizontalLineOnDisplay)
                  00005782    00000036             : display.obj (.text:Graphics_drawVerticalLineOnDisplay)
                  000057b8    00000034     msp432p4xx_driverlib.lib : timer32.o (.text:Timer32_setCount)
                  000057ec    00000034                              : uart.o (.text:UART_transmitData)
                  00005820    00000030                              : gpio.o (.text:GPIO_getInputPinValue)
                  00005850    00000030                              : uart.o (.text:UART_receiveData)
                  00005880    0000002c     grlib.a : display.obj (.text:Graphics_drawPixelOnDisplay)
                  000058ac    00000028     msp432p4xx_driverlib.lib : gpio.o (.text:GPIO_setOutputHighOnPin)
                  000058d4    00000028                              : gpio.o (.text:GPIO_setOutputLowOnPin)
                  000058fc    00000028                              : gpio.o (.text:GPIO_toggleOutputOnPin)
                  00005924    00000024                              : wdt_a.o (.text:WDT_A_holdTimer)
                  00005948    0000001e     grlib.a : display.obj (.text:Graphics_fillRectangleOnDisplay)
                  00005966    0000001c     msp432p4xx_driverlib.lib : spi.o (.text:SPI_enableModule)
                  00005982    0000001a     grlib.a : display.obj (.text:Graphics_clearDisplayOnDisplay)
                  0000599c    0000001a             : context.obj (.text:Graphics_setBackgroundColor)
                  000059b6    0000001a             : context.obj (.text:Graphics_setFont)
                  000059d0    00000018     msp432p4xx_driverlib.lib : uart.o (.text:UART_getInterruptStatus)
                  000059e8    00000016                              : spi.o (.text:EUSCI_A_SPI_enable)
                  000059fe    00000016                              : spi.o (.text:EUSCI_B_SPI_enable)
                  00005a14    00000016     grlib.a : context.obj (.text:Graphics_setForegroundColor)
                  00005a2a    00000016             : display.obj (.text:Graphics_translateColorOnDisplay)
                  00005a40    00000016     msp432p4xx_driverlib.lib : uart.o (.text:UART_enableModule)
                  00005a56    00000012     grlib.a : context.obj (.text:Graphics_clearDisplay)
                  00005a68    0000000e     msp432p4xx_driverlib.lib : timer32.o (.text:Timer32_getValue)
                  00005a76    0000000e     rtsv7M4_T_le_v4SPD16_eabi.lib : copy_decompress_none.c.obj (.text:decompress:none:__TI_decompress_none)
                  00005a84    0000000e     startup_msp432p401r_ccs.obj (.text)
                  00005a92    0000000c     rtsv7M4_T_le_v4SPD16_eabi.lib : copy_zero_init.c.obj (.text:decompress:ZI:__TI_zero_init)
                  00005a9e    00000004                                   : pre_init.c.obj (.text:_system_pre_init)
                  00005aa2    00000004                                   : exit.c.obj (.text:abort:abort)

.const     0    00005aa8    00004a98     
                  00005aa8    00004000     Image.obj (.const:.string:pixel_Jon_Bunting8BPP_UNCOMP)
                  00009aa8    00000521     grlib.a : fontcmtt12.obj (.const:.string:g_pucCmtt12Data)
                  00009fc9    00000002     Proj2_main.obj (.const:.string:$P$T3$4)
                  00009fcb    00000001     --HOLE-- [fill = 0]
                  00009fcc    00000400     Image.obj (.const:palette_Jon_Bunting8BPP_UNCOMP)
                  0000a3cc    000000c8     grlib.a : fontcmtt12.obj (.const:g_sFontCmtt12)
                  0000a494    00000030     msp432p4xx_driverlib.lib : gpio.o (.const:GPIO_PORT_TO_BASE)
                  0000a4c4    00000020     Crystalfontz128x128_ST7735.obj (.const:g_sCrystalfontz128x128_funcs)
                  0000a4e4    0000001c     HAL_MSP_EXP432P401R_Crystalfontz128x128_ST7735.obj (.const:$P$T0$1)
                  0000a500    00000010     Image.obj (.const:Jon_Bunting8BPP_UNCOMP)
                  0000a510    0000000c     graphics_HAL.obj (.const:.string:$P$T0$1)
                  0000a51c    0000000b     Proj2_main.obj (.const:.string:$P$T1$2)
                  0000a527    0000000b     Proj2_main.obj (.const:.string:$P$T2$3)
                  0000a532    00000008     Crystalfontz128x128_ST7735.obj (.const:$P$T0$1)
                  0000a53a    00000006     Proj2_main.obj (.const:.string:$P$T0$1)

.cinit     0    0000a540    00000038     
                  0000a540    00000011     (.cinit..data.load) [load image, compression = lzss]
                  0000a551    00000003     --HOLE-- [fill = 0]
                  0000a554    0000000c     (__TI_handler_table)
                  0000a560    00000008     (.cinit..bss.load) [load image, compression = zero_init]
                  0000a568    00000010     (__TI_cinit_table)

.init_array 
*          0    00000000    00000000     UNINITIALIZED

.binit     0    00000000    00000000     

.bss       0    20000000    0000040a     UNINITIALIZED
                  20000000    00000400     grlib.a : image.obj (.bss:g_pulConvertedPalette)
                  20000400    00000002     (.common:Lcd_ScreenHeigth)
                  20000402    00000002     (.common:Lcd_ScreenWidth)
                  20000404    00000002     (.common:Lcd_TouchTrim)
                  20000406    00000001     (.common:Lcd_FlagRead)
                  20000407    00000001     (.common:Lcd_FontSolid)
                  20000408    00000001     (.common:Lcd_Orientation)
                  20000409    00000001     (.common:Lcd_PenSolid)

.data      0    2000040c    00000014     UNINITIALIZED
                  2000040c    00000010     Crystalfontz128x128_ST7735.obj (.data:g_sCrystalfontz128x128)
                  2000041c    00000004     system_msp432p401r.obj (.data)

.stack     0    2000fe00    00000200     UNINITIALIZED
                  2000fe00    00000004     rtsv7M4_T_le_v4SPD16_eabi.lib : boot_cortex_m.c.obj (.stack)
                  2000fe04    000001fc     --HOLE--

MODULE SUMMARY

       Module                                               code    ro data   rw data
       ------                                               ----    -------   -------
    .\
       Image.obj                                            0       17424     0      
       graphics_HAL.obj                                     7044    12        0      
       PlotStatus_Update_HAL.obj                            4484    0         0      
       Proj2_main.obj                                       1060    30        0      
       system_msp432p401r.obj                               888     0         8      
       ButtonLED_HAL.obj                                    824     0         0      
       UART_HAL.obj                                         290     0         0      
       Timer32_HAL.obj                                      276     0         0      
       Farm.obj                                             110     0         0      
    +--+----------------------------------------------------+-------+---------+---------+
       Total:                                               14976   17466     8      
                                                                                     
    .\LcdDriver\
       Crystalfontz128x128_ST7735.obj                       1664    40        52     
       HAL_MSP_EXP432P401R_Crystalfontz128x128_ST7735.obj   204     28        0      
    +--+----------------------------------------------------+-------+---------+---------+
       Total:                                               1868    68        52     
                                                                                     
    .\ccs\
       startup_msp432p401r_ccs.obj                          14      228       0      
    +--+----------------------------------------------------+-------+---------+---------+
       Total:                                               14      228       0      
                                                                                     
    C:/ti/simplelink_msp432p4_sdk_2_40_00_10/source/ti/devices/msp432p4xx/driverlib/ccs/msp432p4xx_driverlib.lib
       gpio.o                                               592     48        0      
       uart.o                                               398     0         0      
       spi.o                                                312     0         0      
       timer32.o                                            226     0         0      
       wdt_a.o                                              36      0         0      
    +--+----------------------------------------------------+-------+---------+---------+
       Total:                                               1564    48        0      
                                                                                     
    C:/ti/simplelink_msp432p4_sdk_2_40_00_10/source/ti/grlib/lib/ccs/m4f/grlib.a
       image.obj                                            1020    0         2048   
       fontcmtt12.obj                                       0       1513      0      
       string.obj                                           1214    0         0      
       circle.obj                                           554     0         0      
       rectangle.obj                                        436     0         0      
       line.obj                                             312     0         0      
       display.obj                                          300     0         0      
       context.obj                                          174     0         0      
    +--+----------------------------------------------------+-------+---------+---------+
       Total:                                               4010    1513      2048   
                                                                                     
    C:\Users\abarh\Desktop\ECE 2534\ccsv8\tools\compiler\ti-cgt-arm_18.1.5.LTS\lib\rtsv7M4_T_le_v4SPD16_eabi.lib
       memcpy_t2.asm.obj                                    156     0         0      
       memset_t2.asm.obj                                    122     0         0      
       copy_decompress_lzss.c.obj                           104     0         0      
       autoinit.c.obj                                       68      0         0      
       boot_cortex_m.c.obj                                  56      0         0      
       copy_decompress_none.c.obj                           14      0         0      
       copy_zero_init.c.obj                                 12      0         0      
       exit.c.obj                                           4       0         0      
       pre_init.c.obj                                       4       0         0      
    +--+----------------------------------------------------+-------+---------+---------+
       Total:                                               540     0         0      
                                                                                     
       Stack:                                               0       0         1024   
       Linker Generated:                                    0       53        0      
    +--+----------------------------------------------------+-------+---------+---------+
       Grand Total:                                         22972   19376     3132   


LINKER GENERATED COPY TABLES

__TI_cinit_table @ 0000a568 records: 2, size/record: 8, table size: 16
	.data: load addr=0000a540, load size=00000011 bytes, run addr=2000040c, run size=00000014 bytes, compression=lzss
	.bss: load addr=0000a560, load size=00000008 bytes, run addr=20000000, run size=0000040a bytes, compression=zero_init


LINKER GENERATED HANDLER TABLE

__TI_handler_table @ 0000a554 records: 3, size/record: 4, table size: 12
	index: 0, handler: __TI_decompress_lzss
	index: 1, handler: __TI_decompress_none
	index: 2, handler: __TI_zero_init


GLOBAL SYMBOLS: SORTED ALPHABETICALLY BY Name 

address   name                                       
-------   ----                                       
00005a91  ADC14_IRQHandler                           
00005a91  AES256_IRQHandler                          
00004605  BoosterpackBottomButton_pressed            
000045f1  BoosterpackTopButton_pressed               
00005a91  BusFault_Handler                           
000046ff  ButtonPushed                               
00005aa3  C$$EXIT                                    
00005a91  COMP_E0_IRQHandler                         
00005a91  COMP_E1_IRQHandler                         
00005a91  CS_IRQHandler                              
00002d7d  ChangeDifficulty                           
00002ded  Crystalfontz128x128_Init                   
00002f01  Crystalfontz128x128_SetDrawFrame           
0000302f  Crystalfontz128x128_SetOrientation         
00005a91  DMA_ERR_IRQHandler                         
00005a91  DMA_INT0_IRQHandler                        
00005a91  DMA_INT1_IRQHandler                        
00005a91  DMA_INT2_IRQHandler                        
00005a91  DMA_INT3_IRQHandler                        
00000f43  Dead                                       
00004619  Debounce                                   
00005a91  DebugMon_Handler                           
00005a91  Default_Handler                            
00001bcf  DrawHealth                                 
00001bab  DrawTime                                   
00005a91  EUSCIA0_IRQHandler                         
00005a91  EUSCIA1_IRQHandler                         
00005a91  EUSCIA2_IRQHandler                         
00005a91  EUSCIA3_IRQHandler                         
00005a91  EUSCIB0_IRQHandler                         
00005a91  EUSCIB1_IRQHandler                         
00005a91  EUSCIB2_IRQHandler                         
00005a91  EUSCIB3_IRQHandler                         
000059e9  EUSCI_A_SPI_enable                         
000059ff  EUSCI_B_SPI_enable                         
00005a91  FLCTL_IRQHandler                           
00005a91  FPU_IRQHandler                             
0000533f  Farm_init                                  
00005821  GPIO_getInputPinValue                      
000054e9  GPIO_setAsInputPinWithPullUpResistor       
0000561d  GPIO_setAsOutputPin                        
000051b5  GPIO_setAsPeripheralModuleFunctionInputPin 
0000523d  GPIO_setAsPeripheralModuleFunctionOutputPin
000058ad  GPIO_setOutputHighOnPin                    
000058d5  GPIO_setOutputLowOnPin                     
000058fd  GPIO_toggleOutputOnPin                     
00005a57  Graphics_clearDisplay                      
00005983  Graphics_clearDisplayOnDisplay             
0000574d  Graphics_drawHorizontalLineOnDisplay       
00003d11  Graphics_drawImage                         
00004fdf  Graphics_drawLineH                         
0000507b  Graphics_drawLineV                         
00005593  Graphics_drawMultiplePixelsOnDisplay       
00005881  Graphics_drawPixelOnDisplay                
00004f3d  Graphics_drawRectangle                     
0000346d  Graphics_drawString                        
00005783  Graphics_drawVerticalLineOnDisplay         
00004751  Graphics_fillCircle                        
00004bb1  Graphics_fillRectangle                     
00005949  Graphics_fillRectangleOnDisplay            
00005541  Graphics_initContext                       
0000599d  Graphics_setBackgroundColor                
000059b7  Graphics_setFont                           
00005a15  Graphics_setForegroundColor                
00005a2b  Graphics_translateColorOnDisplay           
00004dc1  HAL_LCD_PortInit                           
00004df1  HAL_LCD_SpiInit                            
00004e27  HAL_LCD_writeCommand                       
00004e57  HAL_LCD_writeData                          
00005a91  HardFault_Handler                          
00001755  Harvest                                    
000000e5  InitFonts                                  
000000f3  InitGraphics                               
00004ac9  InitTimer                                  
0000497b  InitUART                                   
00004a5b  InitializeUART                             
0000a500  Jon_Bunting8BPP_UNCOMP                     
000045c9  LaunchpadLeftButton_pressed                
000045dd  LaunchpadRightButton_pressed               
20000406  Lcd_FlagRead                               
20000407  Lcd_FontSolid                              
20000408  Lcd_Orientation                            
20000409  Lcd_PenSolid                               
20000400  Lcd_ScreenHeigth                           
20000402  Lcd_ScreenWidth                            
20000404  Lcd_TouchTrim                              
00005a91  MemManage_Handler                          
00005a91  NMI_Handler                                
00005a91  PCM_IRQHandler                             
00005a91  PORT1_IRQHandler                           
00005a91  PORT2_IRQHandler                           
00005a91  PORT3_IRQHandler                           
00005a91  PORT4_IRQHandler                           
00005a91  PORT5_IRQHandler                           
00005a91  PORT6_IRQHandler                           
00005a91  PSS_IRQHandler                             
00005a91  PendSV_Handler                             
00000277  Plot_init                                  
00005a91  RTC_C_IRQHandler                           
000009b1  Ready                                      
00005a85  Reset_Handler                              
00005967  SPI_enableModule                           
00004e8d  SPI_initMaster                             
00005a91  SVC_Handler                                
00005a91  SysTick_Handler                            
2000041c  SystemCoreClock                            
000040a1  SystemCoreClockUpdate                      
00004319  SystemInit                                 
00005a91  T32_INT1_IRQHandler                        
00005a91  T32_INT2_IRQHandler                        
00005a91  T32_INTC_IRQHandler                        
00005a91  TA0_0_IRQHandler                           
00005a91  TA0_N_IRQHandler                           
00005a91  TA1_0_IRQHandler                           
00005a91  TA1_N_IRQHandler                           
00005a91  TA2_0_IRQHandler                           
00005a91  TA2_N_IRQHandler                           
00005a91  TA3_0_IRQHandler                           
00005a91  TA3_N_IRQHandler                           
00005a69  Timer32_getValue                           
00005419  Timer32_initModule                         
000057b9  Timer32_setCount                           
000056dd  Timer32_startTimer                         
000049df  UARTCanSend                                
000049d3  UARTGetChar                                
000049bb  UARTHasChar                                
000049f7  UARTPutChar                                
00004a0b  UARTSetBaud                                
00005a41  UART_enableModule                          
000059d1  UART_getInterruptStatus                    
00004cc5  UART_initModule                            
00005851  UART_receiveData                           
000057ed  UART_transmitData                          
000049a5  UpdateUART                                 
00005a91  UsageFault_Handler                         
4000480c  WDTCTL_SYM                                 
00005a91  WDT_A_IRQHandler                           
00005925  WDT_A_holdTimer                            
20010000  __STACK_END                                
00000200  __STACK_SIZE                               
0000a568  __TI_CINIT_Base                            
0000a578  __TI_CINIT_Limit                           
0000a554  __TI_Handler_Table_Base                    
0000a560  __TI_Handler_Table_Limit                   
000055d9  __TI_auto_init_nobinit_nopinit             
00005481  __TI_decompress_lzss                       
00005a77  __TI_decompress_none                       
ffffffff  __TI_pprof_out_hndl                        
ffffffff  __TI_prof_data_size                        
ffffffff  __TI_prof_data_start                       
00000000  __TI_static_base__                         
00005a93  __TI_zero_init                             
000052c5  __aeabi_memclr                             
000052c5  __aeabi_memclr4                            
000052c5  __aeabi_memclr8                            
00005117  __aeabi_memcpy                             
00005117  __aeabi_memcpy4                            
00005117  __aeabi_memcpy8                            
000052c7  __aeabi_memset                             
000052c7  __aeabi_memset4                            
000052c7  __aeabi_memset8                            
ffffffff  __binit__                                  
ffffffff  __c_args__                                 
UNDEFED   __mpu_init                                 
2000fe00  __stack                                    
00005715  _c_int00_noargs                            
UNDEFED   _system_post_cinit                         
00005a9f  _system_pre_init                           
00005aa3  abort                                      
ffffffff  binit                                      
000025d5  changeHealth                               
000028b1  changeHydration                            
00002085  changeStatus                               
00001c69  checkStatus                                
000016a7  display                                    
00001c1f  drawGameOver                               
2000040c  g_sCrystalfontz128x128                     
0000a4c4  g_sCrystalfontz128x128_funcs               
0000a3cc  g_sFontCmtt12                              
000012c5  growing                                    
00004b77  increaseTime                               
00003cf9  initialize                                 
0000458d  initialize_BoosterpackBottomButton         
00004461  initialize_BoosterpackLED_blue             
00004455  initialize_BoosterpackLED_green            
00004449  initialize_BoosterpackLED_red              
00004581  initialize_BoosterpackTopButton            
00004419  initialize_LaunchpadLED1                   
0000443d  initialize_LaunchpadLED2_blue              
00004431  initialize_LaunchpadLED2_green             
00004425  initialize_LaunchpadLED2_red               
00004569  initialize_LaunchpadLeftButton             
00004575  initialize_LaunchpadRightButton            
00000000  interruptVectors                           
000008bf  isEmpty                                    
00000885  isEmptyDead                                
000038ed  main                                       
00004b1d  makeToString                               
00005117  memcpy                                     
000052cd  memset                                     
00000127  movePlots                                  
000002c1  plots                                      
00002b81  reset                                      
00004a9d  startOneShotTimer0                         
00004ab3  startOneShotTimer1                         
000045bd  switchStatus_BoosterpackBottom             
000045b1  switchStatus_BoosterpackTop                
00004599  switchStatus_LaunchpadLeft                 
000045a5  switchStatus_LaunchpadRight                
00004b05  timer0Expired                              
0000455d  toggle_BoosterpackLED_blue                 
00004551  toggle_BoosterpackLED_green                
00004545  toggle_BoosterpackLED_red                  
00004515  toggle_LaunchpadLED1                       
00004539  toggle_LaunchpadLED2_blue                  
0000452d  toggle_LaunchpadLED2_green                 
00004521  toggle_LaunchpadLED2_red                   
00004509  turnOff_BoosterpackLED_blue                
000044fd  turnOff_BoosterpackLED_green               
000044f1  turnOff_BoosterpackLED_red                 
000044c1  turnOff_LaunchpadLED1                      
000044e5  turnOff_LaunchpadLED2_blue                 
000044d9  turnOff_LaunchpadLED2_green                
000044cd  turnOff_LaunchpadLED2_red                  
000044b5  turnOn_BoosterpackLED_blue                 
000044a9  turnOn_BoosterpackLED_green                
0000449d  turnOn_BoosterpackLED_red                  
0000446d  turnOn_LaunchpadLED1                       
00004491  turnOn_LaunchpadLED2_blue                  
00004485  turnOn_LaunchpadLED2_green                 
00004479  turnOn_LaunchpadLED2_red                   
00002dc3  update                                     


GLOBAL SYMBOLS: SORTED BY Symbol Address 

address   name                                       
-------   ----                                       
00000000  __TI_static_base__                         
00000000  interruptVectors                           
000000e5  InitFonts                                  
000000f3  InitGraphics                               
00000127  movePlots                                  
00000200  __STACK_SIZE                               
00000277  Plot_init                                  
000002c1  plots                                      
00000885  isEmptyDead                                
000008bf  isEmpty                                    
000009b1  Ready                                      
00000f43  Dead                                       
000012c5  growing                                    
000016a7  display                                    
00001755  Harvest                                    
00001bab  DrawTime                                   
00001bcf  DrawHealth                                 
00001c1f  drawGameOver                               
00001c69  checkStatus                                
00002085  changeStatus                               
000025d5  changeHealth                               
000028b1  changeHydration                            
00002b81  reset                                      
00002d7d  ChangeDifficulty                           
00002dc3  update                                     
00002ded  Crystalfontz128x128_Init                   
00002f01  Crystalfontz128x128_SetDrawFrame           
0000302f  Crystalfontz128x128_SetOrientation         
0000346d  Graphics_drawString                        
000038ed  main                                       
00003cf9  initialize                                 
00003d11  Graphics_drawImage                         
000040a1  SystemCoreClockUpdate                      
00004319  SystemInit                                 
00004419  initialize_LaunchpadLED1                   
00004425  initialize_LaunchpadLED2_red               
00004431  initialize_LaunchpadLED2_green             
0000443d  initialize_LaunchpadLED2_blue              
00004449  initialize_BoosterpackLED_red              
00004455  initialize_BoosterpackLED_green            
00004461  initialize_BoosterpackLED_blue             
0000446d  turnOn_LaunchpadLED1                       
00004479  turnOn_LaunchpadLED2_red                   
00004485  turnOn_LaunchpadLED2_green                 
00004491  turnOn_LaunchpadLED2_blue                  
0000449d  turnOn_BoosterpackLED_red                  
000044a9  turnOn_BoosterpackLED_green                
000044b5  turnOn_BoosterpackLED_blue                 
000044c1  turnOff_LaunchpadLED1                      
000044cd  turnOff_LaunchpadLED2_red                  
000044d9  turnOff_LaunchpadLED2_green                
000044e5  turnOff_LaunchpadLED2_blue                 
000044f1  turnOff_BoosterpackLED_red                 
000044fd  turnOff_BoosterpackLED_green               
00004509  turnOff_BoosterpackLED_blue                
00004515  toggle_LaunchpadLED1                       
00004521  toggle_LaunchpadLED2_red                   
0000452d  toggle_LaunchpadLED2_green                 
00004539  toggle_LaunchpadLED2_blue                  
00004545  toggle_BoosterpackLED_red                  
00004551  toggle_BoosterpackLED_green                
0000455d  toggle_BoosterpackLED_blue                 
00004569  initialize_LaunchpadLeftButton             
00004575  initialize_LaunchpadRightButton            
00004581  initialize_BoosterpackTopButton            
0000458d  initialize_BoosterpackBottomButton         
00004599  switchStatus_LaunchpadLeft                 
000045a5  switchStatus_LaunchpadRight                
000045b1  switchStatus_BoosterpackTop                
000045bd  switchStatus_BoosterpackBottom             
000045c9  LaunchpadLeftButton_pressed                
000045dd  LaunchpadRightButton_pressed               
000045f1  BoosterpackTopButton_pressed               
00004605  BoosterpackBottomButton_pressed            
00004619  Debounce                                   
000046ff  ButtonPushed                               
00004751  Graphics_fillCircle                        
0000497b  InitUART                                   
000049a5  UpdateUART                                 
000049bb  UARTHasChar                                
000049d3  UARTGetChar                                
000049df  UARTCanSend                                
000049f7  UARTPutChar                                
00004a0b  UARTSetBaud                                
00004a5b  InitializeUART                             
00004a9d  startOneShotTimer0                         
00004ab3  startOneShotTimer1                         
00004ac9  InitTimer                                  
00004b05  timer0Expired                              
00004b1d  makeToString                               
00004b77  increaseTime                               
00004bb1  Graphics_fillRectangle                     
00004cc5  UART_initModule                            
00004dc1  HAL_LCD_PortInit                           
00004df1  HAL_LCD_SpiInit                            
00004e27  HAL_LCD_writeCommand                       
00004e57  HAL_LCD_writeData                          
00004e8d  SPI_initMaster                             
00004f3d  Graphics_drawRectangle                     
00004fdf  Graphics_drawLineH                         
0000507b  Graphics_drawLineV                         
00005117  __aeabi_memcpy                             
00005117  __aeabi_memcpy4                            
00005117  __aeabi_memcpy8                            
00005117  memcpy                                     
000051b5  GPIO_setAsPeripheralModuleFunctionInputPin 
0000523d  GPIO_setAsPeripheralModuleFunctionOutputPin
000052c5  __aeabi_memclr                             
000052c5  __aeabi_memclr4                            
000052c5  __aeabi_memclr8                            
000052c7  __aeabi_memset                             
000052c7  __aeabi_memset4                            
000052c7  __aeabi_memset8                            
000052cd  memset                                     
0000533f  Farm_init                                  
00005419  Timer32_initModule                         
00005481  __TI_decompress_lzss                       
000054e9  GPIO_setAsInputPinWithPullUpResistor       
00005541  Graphics_initContext                       
00005593  Graphics_drawMultiplePixelsOnDisplay       
000055d9  __TI_auto_init_nobinit_nopinit             
0000561d  GPIO_setAsOutputPin                        
000056dd  Timer32_startTimer                         
00005715  _c_int00_noargs                            
0000574d  Graphics_drawHorizontalLineOnDisplay       
00005783  Graphics_drawVerticalLineOnDisplay         
000057b9  Timer32_setCount                           
000057ed  UART_transmitData                          
00005821  GPIO_getInputPinValue                      
00005851  UART_receiveData                           
00005881  Graphics_drawPixelOnDisplay                
000058ad  GPIO_setOutputHighOnPin                    
000058d5  GPIO_setOutputLowOnPin                     
000058fd  GPIO_toggleOutputOnPin                     
00005925  WDT_A_holdTimer                            
00005949  Graphics_fillRectangleOnDisplay            
00005967  SPI_enableModule                           
00005983  Graphics_clearDisplayOnDisplay             
0000599d  Graphics_setBackgroundColor                
000059b7  Graphics_setFont                           
000059d1  UART_getInterruptStatus                    
000059e9  EUSCI_A_SPI_enable                         
000059ff  EUSCI_B_SPI_enable                         
00005a15  Graphics_setForegroundColor                
00005a2b  Graphics_translateColorOnDisplay           
00005a41  UART_enableModule                          
00005a57  Graphics_clearDisplay                      
00005a69  Timer32_getValue                           
00005a77  __TI_decompress_none                       
00005a85  Reset_Handler                              
00005a91  ADC14_IRQHandler                           
00005a91  AES256_IRQHandler                          
00005a91  BusFault_Handler                           
00005a91  COMP_E0_IRQHandler                         
00005a91  COMP_E1_IRQHandler                         
00005a91  CS_IRQHandler                              
00005a91  DMA_ERR_IRQHandler                         
00005a91  DMA_INT0_IRQHandler                        
00005a91  DMA_INT1_IRQHandler                        
00005a91  DMA_INT2_IRQHandler                        
00005a91  DMA_INT3_IRQHandler                        
00005a91  DebugMon_Handler                           
00005a91  Default_Handler                            
00005a91  EUSCIA0_IRQHandler                         
00005a91  EUSCIA1_IRQHandler                         
00005a91  EUSCIA2_IRQHandler                         
00005a91  EUSCIA3_IRQHandler                         
00005a91  EUSCIB0_IRQHandler                         
00005a91  EUSCIB1_IRQHandler                         
00005a91  EUSCIB2_IRQHandler                         
00005a91  EUSCIB3_IRQHandler                         
00005a91  FLCTL_IRQHandler                           
00005a91  FPU_IRQHandler                             
00005a91  HardFault_Handler                          
00005a91  MemManage_Handler                          
00005a91  NMI_Handler                                
00005a91  PCM_IRQHandler                             
00005a91  PORT1_IRQHandler                           
00005a91  PORT2_IRQHandler                           
00005a91  PORT3_IRQHandler                           
00005a91  PORT4_IRQHandler                           
00005a91  PORT5_IRQHandler                           
00005a91  PORT6_IRQHandler                           
00005a91  PSS_IRQHandler                             
00005a91  PendSV_Handler                             
00005a91  RTC_C_IRQHandler                           
00005a91  SVC_Handler                                
00005a91  SysTick_Handler                            
00005a91  T32_INT1_IRQHandler                        
00005a91  T32_INT2_IRQHandler                        
00005a91  T32_INTC_IRQHandler                        
00005a91  TA0_0_IRQHandler                           
00005a91  TA0_N_IRQHandler                           
00005a91  TA1_0_IRQHandler                           
00005a91  TA1_N_IRQHandler                           
00005a91  TA2_0_IRQHandler                           
00005a91  TA2_N_IRQHandler                           
00005a91  TA3_0_IRQHandler                           
00005a91  TA3_N_IRQHandler                           
00005a91  UsageFault_Handler                         
00005a91  WDT_A_IRQHandler                           
00005a93  __TI_zero_init                             
00005a9f  _system_pre_init                           
00005aa3  C$$EXIT                                    
00005aa3  abort                                      
0000a3cc  g_sFontCmtt12                              
0000a4c4  g_sCrystalfontz128x128_funcs               
0000a500  Jon_Bunting8BPP_UNCOMP                     
0000a554  __TI_Handler_Table_Base                    
0000a560  __TI_Handler_Table_Limit                   
0000a568  __TI_CINIT_Base                            
0000a578  __TI_CINIT_Limit                           
20000400  Lcd_ScreenHeigth                           
20000402  Lcd_ScreenWidth                            
20000404  Lcd_TouchTrim                              
20000406  Lcd_FlagRead                               
20000407  Lcd_FontSolid                              
20000408  Lcd_Orientation                            
20000409  Lcd_PenSolid                               
2000040c  g_sCrystalfontz128x128                     
2000041c  SystemCoreClock                            
2000fe00  __stack                                    
20010000  __STACK_END                                
4000480c  WDTCTL_SYM                                 
ffffffff  __TI_pprof_out_hndl                        
ffffffff  __TI_prof_data_size                        
ffffffff  __TI_prof_data_start                       
ffffffff  __binit__                                  
ffffffff  __c_args__                                 
ffffffff  binit                                      
UNDEFED   __mpu_init                                 
UNDEFED   _system_post_cinit                         

[232 symbols]
