<?xml version="1.0" encoding="ISO-8859-1" ?>
<link_info>
   <banner>TI ARM Linker PC v18.1.5.LTS</banner>
   <copyright>Copyright (c) 1996-2018 Texas Instruments Incorporated</copyright>
   <link_time>0x5c954b23</link_time>
   <link_errors>0x0</link_errors>
   <output_file>Proj2.out</output_file>
   <entry_point>
      <name>_c_int00_noargs</name>
      <address>0x5715</address>
   </entry_point>
   <input_file_list>
      <input_file id="fl-2">
         <path>.\</path>
         <kind>object</kind>
         <file>ButtonLED_HAL.obj</file>
         <name>ButtonLED_HAL.obj</name>
      </input_file>
      <input_file id="fl-3">
         <path>.\</path>
         <kind>object</kind>
         <file>Farm.obj</file>
         <name>Farm.obj</name>
      </input_file>
      <input_file id="fl-4">
         <path>.\</path>
         <kind>object</kind>
         <file>Image.obj</file>
         <name>Image.obj</name>
      </input_file>
      <input_file id="fl-5">
         <path>.\</path>
         <kind>object</kind>
         <file>PlotStatus_Update_HAL.obj</file>
         <name>PlotStatus_Update_HAL.obj</name>
      </input_file>
      <input_file id="fl-6">
         <path>.\</path>
         <kind>object</kind>
         <file>Proj2_main.obj</file>
         <name>Proj2_main.obj</name>
      </input_file>
      <input_file id="fl-7">
         <path>.\</path>
         <kind>object</kind>
         <file>Timer32_HAL.obj</file>
         <name>Timer32_HAL.obj</name>
      </input_file>
      <input_file id="fl-8">
         <path>.\</path>
         <kind>object</kind>
         <file>UART_HAL.obj</file>
         <name>UART_HAL.obj</name>
      </input_file>
      <input_file id="fl-9">
         <path>.\</path>
         <kind>object</kind>
         <file>graphics_HAL.obj</file>
         <name>graphics_HAL.obj</name>
      </input_file>
      <input_file id="fl-a">
         <path>.\</path>
         <kind>object</kind>
         <file>system_msp432p401r.obj</file>
         <name>system_msp432p401r.obj</name>
      </input_file>
      <input_file id="fl-b">
         <path>.\LcdDriver\</path>
         <kind>object</kind>
         <file>Crystalfontz128x128_ST7735.obj</file>
         <name>Crystalfontz128x128_ST7735.obj</name>
      </input_file>
      <input_file id="fl-c">
         <path>.\LcdDriver\</path>
         <kind>object</kind>
         <file>HAL_MSP_EXP432P401R_Crystalfontz128x128_ST7735.obj</file>
         <name>HAL_MSP_EXP432P401R_Crystalfontz128x128_ST7735.obj</name>
      </input_file>
      <input_file id="fl-d">
         <path>.\ccs\</path>
         <kind>object</kind>
         <file>startup_msp432p401r_ccs.obj</file>
         <name>startup_msp432p401r_ccs.obj</name>
      </input_file>
      <input_file id="fl-e">
         <path>.\fonts\</path>
         <kind>object</kind>
         <file>fontcmtt16.obj</file>
         <name>fontcmtt16.obj</name>
      </input_file>
      <input_file id="fl-14">
         <kind>object</kind>
         <file>&lt;internal&gt;</file>
         <name>&lt;internal&gt;</name>
      </input_file>
      <input_file id="fl-15">
         <path>C:\ti\simplelink_msp432p4_sdk_2_40_00_10\source\ti\devices\msp432p4xx\driverlib\ccs\</path>
         <kind>archive</kind>
         <file>msp432p4xx_driverlib.lib</file>
         <name>gpio.o</name>
      </input_file>
      <input_file id="fl-16">
         <path>C:\ti\simplelink_msp432p4_sdk_2_40_00_10\source\ti\devices\msp432p4xx\driverlib\ccs\</path>
         <kind>archive</kind>
         <file>msp432p4xx_driverlib.lib</file>
         <name>interrupt.o</name>
      </input_file>
      <input_file id="fl-17">
         <path>C:\ti\simplelink_msp432p4_sdk_2_40_00_10\source\ti\devices\msp432p4xx\driverlib\ccs\</path>
         <kind>archive</kind>
         <file>msp432p4xx_driverlib.lib</file>
         <name>spi.o</name>
      </input_file>
      <input_file id="fl-18">
         <path>C:\ti\simplelink_msp432p4_sdk_2_40_00_10\source\ti\devices\msp432p4xx\driverlib\ccs\</path>
         <kind>archive</kind>
         <file>msp432p4xx_driverlib.lib</file>
         <name>timer32.o</name>
      </input_file>
      <input_file id="fl-19">
         <path>C:\ti\simplelink_msp432p4_sdk_2_40_00_10\source\ti\devices\msp432p4xx\driverlib\ccs\</path>
         <kind>archive</kind>
         <file>msp432p4xx_driverlib.lib</file>
         <name>uart.o</name>
      </input_file>
      <input_file id="fl-1a">
         <path>C:\ti\simplelink_msp432p4_sdk_2_40_00_10\source\ti\devices\msp432p4xx\driverlib\ccs\</path>
         <kind>archive</kind>
         <file>msp432p4xx_driverlib.lib</file>
         <name>wdt_a.o</name>
      </input_file>
      <input_file id="fl-1b">
         <path>C:\ti\simplelink_msp432p4_sdk_2_40_00_10\source\ti\devices\msp432p4xx\driverlib\ccs\</path>
         <kind>archive</kind>
         <file>msp432p4xx_driverlib.lib</file>
         <name>cpu.o</name>
      </input_file>
      <input_file id="fl-1c">
         <path>C:\ti\simplelink_msp432p4_sdk_2_40_00_10\source\ti\devices\msp432p4xx\driverlib\ccs\</path>
         <kind>archive</kind>
         <file>msp432p4xx_driverlib.lib</file>
         <name>sysctl_a.o</name>
      </input_file>
      <input_file id="fl-1d">
         <path>C:\ti\simplelink_msp432p4_sdk_2_40_00_10\source\ti\grlib\lib\ccs\m4f\</path>
         <kind>archive</kind>
         <file>grlib.a</file>
         <name>circle.obj</name>
      </input_file>
      <input_file id="fl-1e">
         <path>C:\ti\simplelink_msp432p4_sdk_2_40_00_10\source\ti\grlib\lib\ccs\m4f\</path>
         <kind>archive</kind>
         <file>grlib.a</file>
         <name>context.obj</name>
      </input_file>
      <input_file id="fl-1f">
         <path>C:\ti\simplelink_msp432p4_sdk_2_40_00_10\source\ti\grlib\lib\ccs\m4f\</path>
         <kind>archive</kind>
         <file>grlib.a</file>
         <name>display.obj</name>
      </input_file>
      <input_file id="fl-20">
         <path>C:\ti\simplelink_msp432p4_sdk_2_40_00_10\source\ti\grlib\lib\ccs\m4f\</path>
         <kind>archive</kind>
         <file>grlib.a</file>
         <name>fontcmtt12.obj</name>
      </input_file>
      <input_file id="fl-21">
         <path>C:\ti\simplelink_msp432p4_sdk_2_40_00_10\source\ti\grlib\lib\ccs\m4f\</path>
         <kind>archive</kind>
         <file>grlib.a</file>
         <name>image.obj</name>
      </input_file>
      <input_file id="fl-22">
         <path>C:\ti\simplelink_msp432p4_sdk_2_40_00_10\source\ti\grlib\lib\ccs\m4f\</path>
         <kind>archive</kind>
         <file>grlib.a</file>
         <name>line.obj</name>
      </input_file>
      <input_file id="fl-23">
         <path>C:\ti\simplelink_msp432p4_sdk_2_40_00_10\source\ti\grlib\lib\ccs\m4f\</path>
         <kind>archive</kind>
         <file>grlib.a</file>
         <name>rectangle.obj</name>
      </input_file>
      <input_file id="fl-24">
         <path>C:\ti\simplelink_msp432p4_sdk_2_40_00_10\source\ti\grlib\lib\ccs\m4f\</path>
         <kind>archive</kind>
         <file>grlib.a</file>
         <name>string.obj</name>
      </input_file>
      <input_file id="fl-da">
         <path>C:\Users\abarh\Desktop\ECE 2534\ccsv8\tools\compiler\ti-cgt-arm_18.1.5.LTS\lib\</path>
         <kind>archive</kind>
         <file>rtsv7M4_T_le_v4SPD16_eabi.lib</file>
         <name>memcpy_t2.asm.obj</name>
      </input_file>
      <input_file id="fl-db">
         <path>C:\Users\abarh\Desktop\ECE 2534\ccsv8\tools\compiler\ti-cgt-arm_18.1.5.LTS\lib\</path>
         <kind>archive</kind>
         <file>rtsv7M4_T_le_v4SPD16_eabi.lib</file>
         <name>copy_zero_init.c.obj</name>
      </input_file>
      <input_file id="fl-dc">
         <path>C:\Users\abarh\Desktop\ECE 2534\ccsv8\tools\compiler\ti-cgt-arm_18.1.5.LTS\lib\</path>
         <kind>archive</kind>
         <file>rtsv7M4_T_le_v4SPD16_eabi.lib</file>
         <name>copy_decompress_none.c.obj</name>
      </input_file>
      <input_file id="fl-dd">
         <path>C:\Users\abarh\Desktop\ECE 2534\ccsv8\tools\compiler\ti-cgt-arm_18.1.5.LTS\lib\</path>
         <kind>archive</kind>
         <file>rtsv7M4_T_le_v4SPD16_eabi.lib</file>
         <name>copy_decompress_lzss.c.obj</name>
      </input_file>
      <input_file id="fl-de">
         <path>C:\Users\abarh\Desktop\ECE 2534\ccsv8\tools\compiler\ti-cgt-arm_18.1.5.LTS\lib\</path>
         <kind>archive</kind>
         <file>rtsv7M4_T_le_v4SPD16_eabi.lib</file>
         <name>boot_cortex_m.c.obj</name>
      </input_file>
      <input_file id="fl-df">
         <path>C:\Users\abarh\Desktop\ECE 2534\ccsv8\tools\compiler\ti-cgt-arm_18.1.5.LTS\lib\</path>
         <kind>archive</kind>
         <file>rtsv7M4_T_le_v4SPD16_eabi.lib</file>
         <name>exit.c.obj</name>
      </input_file>
      <input_file id="fl-e0">
         <path>C:\Users\abarh\Desktop\ECE 2534\ccsv8\tools\compiler\ti-cgt-arm_18.1.5.LTS\lib\</path>
         <kind>archive</kind>
         <file>rtsv7M4_T_le_v4SPD16_eabi.lib</file>
         <name>_lock.c.obj</name>
      </input_file>
      <input_file id="fl-e1">
         <path>C:\Users\abarh\Desktop\ECE 2534\ccsv8\tools\compiler\ti-cgt-arm_18.1.5.LTS\lib\</path>
         <kind>archive</kind>
         <file>rtsv7M4_T_le_v4SPD16_eabi.lib</file>
         <name>args_main.c.obj</name>
      </input_file>
      <input_file id="fl-e2">
         <path>C:\Users\abarh\Desktop\ECE 2534\ccsv8\tools\compiler\ti-cgt-arm_18.1.5.LTS\lib\</path>
         <kind>archive</kind>
         <file>rtsv7M4_T_le_v4SPD16_eabi.lib</file>
         <name>memset_t2.asm.obj</name>
      </input_file>
      <input_file id="fl-e3">
         <path>C:\Users\abarh\Desktop\ECE 2534\ccsv8\tools\compiler\ti-cgt-arm_18.1.5.LTS\lib\</path>
         <kind>archive</kind>
         <file>rtsv7M4_T_le_v4SPD16_eabi.lib</file>
         <name>autoinit.c.obj</name>
      </input_file>
      <input_file id="fl-e4">
         <path>C:\Users\abarh\Desktop\ECE 2534\ccsv8\tools\compiler\ti-cgt-arm_18.1.5.LTS\lib\</path>
         <kind>archive</kind>
         <file>rtsv7M4_T_le_v4SPD16_eabi.lib</file>
         <name>pre_init.c.obj</name>
      </input_file>
      <input_file id="fl-e5">
         <path>C:\Users\abarh\Desktop\ECE 2534\ccsv8\tools\compiler\ti-cgt-arm_18.1.5.LTS\lib\</path>
         <kind>archive</kind>
         <file>rtsv7M4_T_le_v4SPD16_eabi.lib</file>
         <name>cpy_tbl.c.obj</name>
      </input_file>
   </input_file_list>
   <object_component_list>
      <object_component id="oc-23">
         <name>.intvecs:retain</name>
         <load_address>0x0</load_address>
         <run_address>0x0</run_address>
         <size>0xe4</size>
         <input_file_ref idref="fl-d"/>
      </object_component>
      <object_component id="oc-c6">
         <name>.text</name>
         <load_address>0xe4</load_address>
         <run_address>0xe4</run_address>
         <size>0x1b84</size>
         <input_file_ref idref="fl-9"/>
      </object_component>
      <object_component id="oc-e4">
         <name>.text</name>
         <load_address>0x1c68</load_address>
         <run_address>0x1c68</run_address>
         <size>0x1184</size>
         <input_file_ref idref="fl-5"/>
      </object_component>
      <object_component id="oc-18d">
         <name>.text</name>
         <load_address>0x2dec</load_address>
         <run_address>0x2dec</run_address>
         <size>0x680</size>
         <input_file_ref idref="fl-b"/>
      </object_component>
      <object_component id="oc-1ba">
         <name>.text:Graphics_drawString</name>
         <load_address>0x346c</load_address>
         <run_address>0x346c</run_address>
         <size>0x47e</size>
         <input_file_ref idref="fl-24"/>
      </object_component>
      <object_component id="oc-90">
         <name>.text</name>
         <load_address>0x38ec</load_address>
         <run_address>0x38ec</run_address>
         <size>0x424</size>
         <input_file_ref idref="fl-6"/>
      </object_component>
      <object_component id="oc-1d2">
         <name>.text:Graphics_drawImage</name>
         <load_address>0x3d10</load_address>
         <run_address>0x3d10</run_address>
         <size>0x390</size>
         <input_file_ref idref="fl-21"/>
      </object_component>
      <object_component id="oc-a2">
         <name>.text</name>
         <load_address>0x40a0</load_address>
         <run_address>0x40a0</run_address>
         <size>0x378</size>
         <input_file_ref idref="fl-a"/>
      </object_component>
      <object_component id="oc-203">
         <name>.text</name>
         <load_address>0x4418</load_address>
         <run_address>0x4418</run_address>
         <size>0x338</size>
         <input_file_ref idref="fl-2"/>
      </object_component>
      <object_component id="oc-1b4">
         <name>.text:Graphics_fillCircle</name>
         <load_address>0x4750</load_address>
         <run_address>0x4750</run_address>
         <size>0x22a</size>
         <input_file_ref idref="fl-1d"/>
      </object_component>
      <object_component id="oc-c0">
         <name>.text</name>
         <load_address>0x497a</load_address>
         <run_address>0x497a</run_address>
         <size>0x122</size>
         <input_file_ref idref="fl-8"/>
      </object_component>
      <object_component id="oc-de">
         <name>.text</name>
         <load_address>0x4a9c</load_address>
         <run_address>0x4a9c</run_address>
         <size>0x114</size>
         <input_file_ref idref="fl-7"/>
      </object_component>
      <object_component id="oc-1c6">
         <name>.text:Graphics_fillRectangle</name>
         <load_address>0x4bb0</load_address>
         <run_address>0x4bb0</run_address>
         <size>0x112</size>
         <input_file_ref idref="fl-23"/>
      </object_component>
      <object_component id="oc-162">
         <name>.text:UART_initModule</name>
         <load_address>0x4cc4</load_address>
         <run_address>0x4cc4</run_address>
         <size>0xfc</size>
         <input_file_ref idref="fl-19"/>
      </object_component>
      <object_component id="oc-263">
         <name>.text</name>
         <load_address>0x4dc0</load_address>
         <run_address>0x4dc0</run_address>
         <size>0xcc</size>
         <input_file_ref idref="fl-c"/>
      </object_component>
      <object_component id="oc-333">
         <name>.text:SPI_initMaster</name>
         <load_address>0x4e8c</load_address>
         <run_address>0x4e8c</run_address>
         <size>0xb0</size>
         <input_file_ref idref="fl-17"/>
      </object_component>
      <object_component id="oc-d8">
         <name>.text:Graphics_drawRectangle</name>
         <load_address>0x4f3c</load_address>
         <run_address>0x4f3c</run_address>
         <size>0xa2</size>
         <input_file_ref idref="fl-23"/>
      </object_component>
      <object_component id="oc-1cc">
         <name>.text:Graphics_drawLineH</name>
         <load_address>0x4fde</load_address>
         <run_address>0x4fde</run_address>
         <size>0x9c</size>
         <input_file_ref idref="fl-22"/>
      </object_component>
      <object_component id="oc-1c0">
         <name>.text:Graphics_drawLineV</name>
         <load_address>0x507a</load_address>
         <run_address>0x507a</run_address>
         <size>0x9c</size>
         <input_file_ref idref="fl-22"/>
      </object_component>
      <object_component id="oc-34">
         <name>.text</name>
         <load_address>0x5116</load_address>
         <run_address>0x5116</run_address>
         <size>0x9c</size>
         <input_file_ref idref="fl-da"/>
      </object_component>
      <object_component id="oc-16e">
         <name>.text:GPIO_setAsPeripheralModuleFunctionInputPin</name>
         <load_address>0x51b4</load_address>
         <run_address>0x51b4</run_address>
         <size>0x88</size>
         <input_file_ref idref="fl-15"/>
      </object_component>
      <object_component id="oc-32d">
         <name>.text:GPIO_setAsPeripheralModuleFunctionOutputPin</name>
         <load_address>0x523c</load_address>
         <run_address>0x523c</run_address>
         <size>0x88</size>
         <input_file_ref idref="fl-15"/>
      </object_component>
      <object_component id="oc-84">
         <name>.text</name>
         <load_address>0x52c4</load_address>
         <run_address>0x52c4</run_address>
         <size>0x7a</size>
         <input_file_ref idref="fl-e2"/>
      </object_component>
      <object_component id="oc-cc">
         <name>.text</name>
         <load_address>0x533e</load_address>
         <run_address>0x533e</run_address>
         <size>0x6e</size>
         <input_file_ref idref="fl-3"/>
      </object_component>
      <object_component id="oc-2bc">
         <name>.text:Graphics_convertPalette</name>
         <load_address>0x53ac</load_address>
         <run_address>0x53ac</run_address>
         <size>0x6c</size>
         <input_file_ref idref="fl-21"/>
      </object_component>
      <object_component id="oc-1f5">
         <name>.text:Timer32_initModule</name>
         <load_address>0x5418</load_address>
         <run_address>0x5418</run_address>
         <size>0x68</size>
         <input_file_ref idref="fl-18"/>
      </object_component>
      <object_component id="oc-14">
         <name>.text:decompress:lzss:__TI_decompress_lzss</name>
         <load_address>0x5480</load_address>
         <run_address>0x5480</run_address>
         <size>0x68</size>
         <input_file_ref idref="fl-dd"/>
      </object_component>
      <object_component id="oc-2ed">
         <name>.text:GPIO_setAsInputPinWithPullUpResistor</name>
         <load_address>0x54e8</load_address>
         <run_address>0x54e8</run_address>
         <size>0x58</size>
         <input_file_ref idref="fl-15"/>
      </object_component>
      <object_component id="oc-193">
         <name>.text:Graphics_initContext</name>
         <load_address>0x5540</load_address>
         <run_address>0x5540</run_address>
         <size>0x52</size>
         <input_file_ref idref="fl-1e"/>
      </object_component>
      <object_component id="oc-2c2">
         <name>.text:Graphics_drawMultiplePixelsOnDisplay</name>
         <load_address>0x5592</load_address>
         <run_address>0x5592</run_address>
         <size>0x46</size>
         <input_file_ref idref="fl-1f"/>
      </object_component>
      <object_component id="oc-126">
         <name>.text:__TI_auto_init_nobinit_nopinit:__TI_auto_init_nobinit_nopinit</name>
         <load_address>0x55d8</load_address>
         <run_address>0x55d8</run_address>
         <size>0x44</size>
         <input_file_ref idref="fl-e3"/>
      </object_component>
      <object_component id="oc-2e1">
         <name>.text:GPIO_setAsOutputPin</name>
         <load_address>0x561c</load_address>
         <run_address>0x561c</run_address>
         <size>0x40</size>
         <input_file_ref idref="fl-15"/>
      </object_component>
      <object_component id="oc-298">
         <name>.text:Graphics_getNumberOfLeadingZeros</name>
         <load_address>0x565c</load_address>
         <run_address>0x565c</run_address>
         <size>0x40</size>
         <input_file_ref idref="fl-24"/>
      </object_component>
      <object_component id="oc-37d">
         <name>.text:is_A_Module</name>
         <load_address>0x569c</load_address>
         <run_address>0x569c</run_address>
         <size>0x40</size>
         <input_file_ref idref="fl-17"/>
      </object_component>
      <object_component id="oc-1ef">
         <name>.text:Timer32_startTimer</name>
         <load_address>0x56dc</load_address>
         <run_address>0x56dc</run_address>
         <size>0x38</size>
         <input_file_ref idref="fl-18"/>
      </object_component>
      <object_component id="oc-52">
         <name>.text:_c_int00_noargs:_c_int00_noargs</name>
         <load_address>0x5714</load_address>
         <run_address>0x5714</run_address>
         <size>0x38</size>
         <input_file_ref idref="fl-de"/>
      </object_component>
      <object_component id="oc-2b5">
         <name>.text:Graphics_drawHorizontalLineOnDisplay</name>
         <load_address>0x574c</load_address>
         <run_address>0x574c</run_address>
         <size>0x36</size>
         <input_file_ref idref="fl-1f"/>
      </object_component>
      <object_component id="oc-2a6">
         <name>.text:Graphics_drawVerticalLineOnDisplay</name>
         <load_address>0x5782</load_address>
         <run_address>0x5782</run_address>
         <size>0x36</size>
         <input_file_ref idref="fl-1f"/>
      </object_component>
      <object_component id="oc-1e9">
         <name>.text:Timer32_setCount</name>
         <load_address>0x57b8</load_address>
         <run_address>0x57b8</run_address>
         <size>0x34</size>
         <input_file_ref idref="fl-18"/>
      </object_component>
      <object_component id="oc-180">
         <name>.text:UART_transmitData</name>
         <load_address>0x57ec</load_address>
         <run_address>0x57ec</run_address>
         <size>0x34</size>
         <input_file_ref idref="fl-19"/>
      </object_component>
      <object_component id="oc-2f3">
         <name>.text:GPIO_getInputPinValue</name>
         <load_address>0x5820</load_address>
         <run_address>0x5820</run_address>
         <size>0x30</size>
         <input_file_ref idref="fl-15"/>
      </object_component>
      <object_component id="oc-17a">
         <name>.text:UART_receiveData</name>
         <load_address>0x5850</load_address>
         <run_address>0x5850</run_address>
         <size>0x30</size>
         <input_file_ref idref="fl-19"/>
      </object_component>
      <object_component id="oc-29e">
         <name>.text:Graphics_drawPixelOnDisplay</name>
         <load_address>0x5880</load_address>
         <run_address>0x5880</run_address>
         <size>0x2c</size>
         <input_file_ref idref="fl-1f"/>
      </object_component>
      <object_component id="oc-26f">
         <name>.text:GPIO_setOutputHighOnPin</name>
         <load_address>0x58ac</load_address>
         <run_address>0x58ac</run_address>
         <size>0x28</size>
         <input_file_ref idref="fl-15"/>
      </object_component>
      <object_component id="oc-269">
         <name>.text:GPIO_setOutputLowOnPin</name>
         <load_address>0x58d4</load_address>
         <run_address>0x58d4</run_address>
         <size>0x28</size>
         <input_file_ref idref="fl-15"/>
      </object_component>
      <object_component id="oc-2e7">
         <name>.text:GPIO_toggleOutputOnPin</name>
         <load_address>0x58fc</load_address>
         <run_address>0x58fc</run_address>
         <size>0x28</size>
         <input_file_ref idref="fl-15"/>
      </object_component>
      <object_component id="oc-f6">
         <name>.text:WDT_A_holdTimer</name>
         <load_address>0x5924</load_address>
         <run_address>0x5924</run_address>
         <size>0x24</size>
         <input_file_ref idref="fl-1a"/>
      </object_component>
      <object_component id="oc-2ae">
         <name>.text:Graphics_fillRectangleOnDisplay</name>
         <load_address>0x5948</load_address>
         <run_address>0x5948</run_address>
         <size>0x1e</size>
         <input_file_ref idref="fl-1f"/>
      </object_component>
      <object_component id="oc-339">
         <name>.text:SPI_enableModule</name>
         <load_address>0x5966</load_address>
         <run_address>0x5966</run_address>
         <size>0x1c</size>
         <input_file_ref idref="fl-17"/>
      </object_component>
      <object_component id="oc-285">
         <name>.text:Graphics_clearDisplayOnDisplay</name>
         <load_address>0x5982</load_address>
         <run_address>0x5982</run_address>
         <size>0x1a</size>
         <input_file_ref idref="fl-1f"/>
      </object_component>
      <object_component id="oc-199">
         <name>.text:Graphics_setBackgroundColor</name>
         <load_address>0x599c</load_address>
         <run_address>0x599c</run_address>
         <size>0x1a</size>
         <input_file_ref idref="fl-1e"/>
      </object_component>
      <object_component id="oc-19f">
         <name>.text:Graphics_setFont</name>
         <load_address>0x59b6</load_address>
         <run_address>0x59b6</run_address>
         <size>0x1a</size>
         <input_file_ref idref="fl-1e"/>
      </object_component>
      <object_component id="oc-174">
         <name>.text:UART_getInterruptStatus</name>
         <load_address>0x59d0</load_address>
         <run_address>0x59d0</run_address>
         <size>0x18</size>
         <input_file_ref idref="fl-19"/>
      </object_component>
      <object_component id="oc-385">
         <name>.text:EUSCI_A_SPI_enable</name>
         <load_address>0x59e8</load_address>
         <run_address>0x59e8</run_address>
         <size>0x16</size>
         <input_file_ref idref="fl-17"/>
      </object_component>
      <object_component id="oc-38b">
         <name>.text:EUSCI_B_SPI_enable</name>
         <load_address>0x59fe</load_address>
         <run_address>0x59fe</run_address>
         <size>0x16</size>
         <input_file_ref idref="fl-17"/>
      </object_component>
      <object_component id="oc-d2">
         <name>.text:Graphics_setForegroundColor</name>
         <load_address>0x5a14</load_address>
         <run_address>0x5a14</run_address>
         <size>0x16</size>
         <input_file_ref idref="fl-1e"/>
      </object_component>
      <object_component id="oc-1df">
         <name>.text:Graphics_translateColorOnDisplay</name>
         <load_address>0x5a2a</load_address>
         <run_address>0x5a2a</run_address>
         <size>0x16</size>
         <input_file_ref idref="fl-1f"/>
      </object_component>
      <object_component id="oc-168">
         <name>.text:UART_enableModule</name>
         <load_address>0x5a40</load_address>
         <run_address>0x5a40</run_address>
         <size>0x16</size>
         <input_file_ref idref="fl-19"/>
      </object_component>
      <object_component id="oc-1a5">
         <name>.text:Graphics_clearDisplay</name>
         <load_address>0x5a56</load_address>
         <run_address>0x5a56</run_address>
         <size>0x12</size>
         <input_file_ref idref="fl-1e"/>
      </object_component>
      <object_component id="oc-1fb">
         <name>.text:Timer32_getValue</name>
         <load_address>0x5a68</load_address>
         <run_address>0x5a68</run_address>
         <size>0xe</size>
         <input_file_ref idref="fl-18"/>
      </object_component>
      <object_component id="oc-1a">
         <name>.text:decompress:none:__TI_decompress_none</name>
         <load_address>0x5a76</load_address>
         <run_address>0x5a76</run_address>
         <size>0xe</size>
         <input_file_ref idref="fl-dc"/>
      </object_component>
      <object_component id="oc-64">
         <name>.text</name>
         <load_address>0x5a84</load_address>
         <run_address>0x5a84</run_address>
         <size>0xe</size>
         <input_file_ref idref="fl-d"/>
      </object_component>
      <object_component id="oc-46">
         <name>.text:decompress:ZI:__TI_zero_init</name>
         <load_address>0x5a92</load_address>
         <run_address>0x5a92</run_address>
         <size>0xc</size>
         <input_file_ref idref="fl-db"/>
      </object_component>
      <object_component id="oc-8a">
         <name>.text:_system_pre_init</name>
         <load_address>0x5a9e</load_address>
         <run_address>0x5a9e</run_address>
         <size>0x4</size>
         <input_file_ref idref="fl-e4"/>
      </object_component>
      <object_component id="oc-11a">
         <name>.text:abort:abort</name>
         <load_address>0x5aa2</load_address>
         <run_address>0x5aa2</run_address>
         <size>0x4</size>
         <input_file_ref idref="fl-df"/>
      </object_component>
      <object_component id="oc-217">
         <name>.const:.string:pixel_Jon_Bunting8BPP_UNCOMP</name>
         <load_address>0x5aa8</load_address>
         <run_address>0x5aa8</run_address>
         <size>0x4000</size>
         <input_file_ref idref="fl-4"/>
      </object_component>
      <object_component id="oc-290">
         <name>.const:.string:g_pucCmtt12Data</name>
         <load_address>0x9aa8</load_address>
         <run_address>0x9aa8</run_address>
         <size>0x521</size>
         <input_file_ref idref="fl-20"/>
      </object_component>
      <object_component id="oc-f3">
         <name>.const:.string:$P$T3$4</name>
         <load_address>0x9fc9</load_address>
         <run_address>0x9fc9</run_address>
         <size>0x2</size>
         <input_file_ref idref="fl-6"/>
      </object_component>
      <object_component id="oc-214">
         <name>.const:palette_Jon_Bunting8BPP_UNCOMP</name>
         <load_address>0x9fcc</load_address>
         <run_address>0x9fcc</run_address>
         <size>0x400</size>
         <input_file_ref idref="fl-4"/>
      </object_component>
      <object_component id="oc-1b1">
         <name>.const:g_sFontCmtt12</name>
         <load_address>0xa3cc</load_address>
         <run_address>0xa3cc</run_address>
         <size>0xc8</size>
         <input_file_ref idref="fl-20"/>
      </object_component>
      <object_component id="oc-25a">
         <name>.const:GPIO_PORT_TO_BASE</name>
         <load_address>0xa494</load_address>
         <run_address>0xa494</run_address>
         <size>0x30</size>
         <input_file_ref idref="fl-15"/>
      </object_component>
      <object_component id="oc-1ae">
         <name>.const:g_sCrystalfontz128x128_funcs</name>
         <load_address>0xa4c4</load_address>
         <run_address>0xa4c4</run_address>
         <size>0x20</size>
         <input_file_ref idref="fl-b"/>
      </object_component>
      <object_component id="oc-33f">
         <name>.const:$P$T0$1</name>
         <load_address>0xa4e4</load_address>
         <run_address>0xa4e4</run_address>
         <size>0x1c</size>
         <input_file_ref idref="fl-c"/>
      </object_component>
      <object_component id="oc-fc">
         <name>.const:Jon_Bunting8BPP_UNCOMP</name>
         <load_address>0xa500</load_address>
         <run_address>0xa500</run_address>
         <size>0x10</size>
         <input_file_ref idref="fl-4"/>
      </object_component>
      <object_component id="oc-1d8">
         <name>.const:.string:$P$T0$1</name>
         <load_address>0xa510</load_address>
         <run_address>0xa510</run_address>
         <size>0xc</size>
         <input_file_ref idref="fl-9"/>
      </object_component>
      <object_component id="oc-ed">
         <name>.const:.string:$P$T1$2</name>
         <load_address>0xa51c</load_address>
         <run_address>0xa51c</run_address>
         <size>0xb</size>
         <input_file_ref idref="fl-6"/>
      </object_component>
      <object_component id="oc-f0">
         <name>.const:.string:$P$T2$3</name>
         <load_address>0xa527</load_address>
         <run_address>0xa527</run_address>
         <size>0xb</size>
         <input_file_ref idref="fl-6"/>
      </object_component>
      <object_component id="oc-27e">
         <name>.const:$P$T0$1</name>
         <load_address>0xa532</load_address>
         <run_address>0xa532</run_address>
         <size>0x8</size>
         <input_file_ref idref="fl-b"/>
      </object_component>
      <object_component id="oc-ea">
         <name>.const:.string:$P$T0$1</name>
         <load_address>0xa53a</load_address>
         <run_address>0xa53a</run_address>
         <size>0x6</size>
         <input_file_ref idref="fl-6"/>
      </object_component>
      <object_component id="oc-3cd">
         <name>.cinit..data.load</name>
         <load_address>0xa540</load_address>
         <run_address>0xa540</run_address>
         <size>0x11</size>
      </object_component>
      <object_component id="oc-3cb">
         <name>__TI_handler_table</name>
         <load_address>0xa554</load_address>
         <run_address>0xa554</run_address>
         <size>0xc</size>
      </object_component>
      <object_component id="oc-3ce">
         <name>.cinit..bss.load</name>
         <load_address>0xa560</load_address>
         <run_address>0xa560</run_address>
         <size>0x8</size>
      </object_component>
      <object_component id="oc-3cc">
         <name>__TI_cinit_table</name>
         <load_address>0xa568</load_address>
         <run_address>0xa568</run_address>
         <size>0x10</size>
      </object_component>
      <object_component id="oc-3a0">
         <name>.binit</name>
         <load_address>0x0</load_address>
         <run_address>0x0</run_address>
         <size>0x0</size>
      </object_component>
      <object_component id="oc-158">
         <name>.data</name>
         <load_address>0x2000041c</load_address>
         <run_address>0x2000041c</run_address>
         <size>0x4</size>
         <input_file_ref idref="fl-a"/>
      </object_component>
      <object_component id="oc-1ab">
         <name>.data:g_sCrystalfontz128x128</name>
         <load_address>0x2000040c</load_address>
         <run_address>0x2000040c</run_address>
         <size>0x10</size>
         <input_file_ref idref="fl-b"/>
      </object_component>
      <object_component id="oc-35e">
         <name>.bss:g_pulConvertedPalette</name>
         <uninitialized>true</uninitialized>
         <run_address>0x20000000</run_address>
         <size>0x400</size>
         <input_file_ref idref="fl-21"/>
      </object_component>
      <object_component id="oc-27d">
         <name>.common:Lcd_Orientation</name>
         <uninitialized>true</uninitialized>
         <run_address>0x20000408</run_address>
         <size>0x1</size>
      </object_component>
      <object_component id="oc-275">
         <name>.common:Lcd_ScreenWidth</name>
         <uninitialized>true</uninitialized>
         <run_address>0x20000402</run_address>
         <size>0x2</size>
      </object_component>
      <object_component id="oc-278">
         <name>.common:Lcd_ScreenHeigth</name>
         <uninitialized>true</uninitialized>
         <run_address>0x20000400</run_address>
         <size>0x2</size>
      </object_component>
      <object_component id="oc-279">
         <name>.common:Lcd_PenSolid</name>
         <uninitialized>true</uninitialized>
         <run_address>0x20000409</run_address>
         <size>0x1</size>
      </object_component>
      <object_component id="oc-27a">
         <name>.common:Lcd_FontSolid</name>
         <uninitialized>true</uninitialized>
         <run_address>0x20000407</run_address>
         <size>0x1</size>
      </object_component>
      <object_component id="oc-27b">
         <name>.common:Lcd_FlagRead</name>
         <uninitialized>true</uninitialized>
         <run_address>0x20000406</run_address>
         <size>0x1</size>
      </object_component>
      <object_component id="oc-27c">
         <name>.common:Lcd_TouchTrim</name>
         <uninitialized>true</uninitialized>
         <run_address>0x20000404</run_address>
         <size>0x2</size>
      </object_component>
      <object_component id="oc-26">
         <name>.stack</name>
         <uninitialized>true</uninitialized>
         <run_address>0x2000fe00</run_address>
         <size>0x4</size>
         <input_file_ref idref="fl-de"/>
      </object_component>
      <object_component id="oc-3cf">
         <name>.stack</name>
         <uninitialized>true</uninitialized>
         <run_address>0x2000fe00</run_address>
         <size>0x0</size>
      </object_component>
      <object_component id="oc-161">
         <name>.debug_info</name>
         <load_address>0x0</load_address>
         <run_address>0x0</run_address>
         <size>0x797</size>
         <input_file_ref idref="fl-2"/>
      </object_component>
      <object_component id="oc-204">
         <name>.debug_info</name>
         <load_address>0x797</load_address>
         <run_address>0x797</run_address>
         <size>0x1b2f</size>
         <input_file_ref idref="fl-2"/>
      </object_component>
      <object_component id="oc-24d">
         <name>.debug_info</name>
         <load_address>0x22c6</load_address>
         <run_address>0x22c6</run_address>
         <size>0xfe</size>
         <input_file_ref idref="fl-2"/>
      </object_component>
      <object_component id="oc-ab">
         <name>.debug_info</name>
         <load_address>0x23c4</load_address>
         <run_address>0x23c4</run_address>
         <size>0x26b</size>
         <input_file_ref idref="fl-2"/>
      </object_component>
      <object_component id="oc-224">
         <name>.debug_info</name>
         <load_address>0x262f</load_address>
         <run_address>0x262f</run_address>
         <size>0x1055</size>
         <input_file_ref idref="fl-2"/>
      </object_component>
      <object_component id="oc-252">
         <name>.debug_info</name>
         <load_address>0x3684</load_address>
         <run_address>0x3684</run_address>
         <size>0x37e2</size>
         <input_file_ref idref="fl-2"/>
      </object_component>
      <object_component id="oc-100">
         <name>.debug_info</name>
         <load_address>0x6e66</load_address>
         <run_address>0x6e66</run_address>
         <size>0x8b</size>
         <input_file_ref idref="fl-2"/>
      </object_component>
      <object_component id="oc-15c">
         <name>.debug_info</name>
         <load_address>0x6ef1</load_address>
         <run_address>0x6ef1</run_address>
         <size>0x297</size>
         <input_file_ref idref="fl-2"/>
      </object_component>
      <object_component id="oc-188">
         <name>.debug_info</name>
         <load_address>0x7188</load_address>
         <run_address>0x7188</run_address>
         <size>0xef</size>
         <input_file_ref idref="fl-2"/>
      </object_component>
      <object_component id="oc-115">
         <name>.debug_info</name>
         <load_address>0x7277</load_address>
         <run_address>0x7277</run_address>
         <size>0xbb</size>
         <input_file_ref idref="fl-2"/>
      </object_component>
      <object_component id="oc-343">
         <name>.debug_info</name>
         <load_address>0x7332</load_address>
         <run_address>0x7332</run_address>
         <size>0x131</size>
         <input_file_ref idref="fl-2"/>
      </object_component>
      <object_component id="oc-10f">
         <name>.debug_info</name>
         <load_address>0x7463</load_address>
         <run_address>0x7463</run_address>
         <size>0xee</size>
         <input_file_ref idref="fl-2"/>
      </object_component>
      <object_component id="oc-1de">
         <name>.debug_info</name>
         <load_address>0x7551</load_address>
         <run_address>0x7551</run_address>
         <size>0x25a</size>
         <input_file_ref idref="fl-3"/>
      </object_component>
      <object_component id="oc-ce">
         <name>.debug_info</name>
         <load_address>0x77ab</load_address>
         <run_address>0x77ab</run_address>
         <size>0x128</size>
         <input_file_ref idref="fl-3"/>
      </object_component>
      <object_component id="oc-10a">
         <name>.debug_info</name>
         <load_address>0x78d3</load_address>
         <run_address>0x78d3</run_address>
         <size>0x101</size>
         <input_file_ref idref="fl-3"/>
      </object_component>
      <object_component id="oc-2f">
         <name>.debug_info</name>
         <load_address>0x79d4</load_address>
         <run_address>0x79d4</run_address>
         <size>0x84</size>
         <input_file_ref idref="fl-3"/>
      </object_component>
      <object_component id="oc-21c">
         <name>.debug_info</name>
         <load_address>0x7a58</load_address>
         <run_address>0x7a58</run_address>
         <size>0x247</size>
         <input_file_ref idref="fl-4"/>
      </object_component>
      <object_component id="oc-218">
         <name>.debug_info</name>
         <load_address>0x7c9f</load_address>
         <run_address>0x7c9f</run_address>
         <size>0xf5</size>
         <input_file_ref idref="fl-4"/>
      </object_component>
      <object_component id="oc-215">
         <name>.debug_info</name>
         <load_address>0x7d94</load_address>
         <run_address>0x7d94</run_address>
         <size>0xf9</size>
         <input_file_ref idref="fl-4"/>
      </object_component>
      <object_component id="oc-fd">
         <name>.debug_info</name>
         <load_address>0x7e8d</load_address>
         <run_address>0x7e8d</run_address>
         <size>0xea</size>
         <input_file_ref idref="fl-4"/>
      </object_component>
      <object_component id="oc-105">
         <name>.debug_info</name>
         <load_address>0x7f77</load_address>
         <run_address>0x7f77</run_address>
         <size>0x439</size>
         <input_file_ref idref="fl-4"/>
      </object_component>
      <object_component id="oc-20a">
         <name>.debug_info</name>
         <load_address>0x83b0</load_address>
         <run_address>0x83b0</run_address>
         <size>0x9c4</size>
         <input_file_ref idref="fl-5"/>
      </object_component>
      <object_component id="oc-e7">
         <name>.debug_info</name>
         <load_address>0x8d74</load_address>
         <run_address>0x8d74</run_address>
         <size>0x1a9e</size>
         <input_file_ref idref="fl-5"/>
      </object_component>
      <object_component id="oc-114">
         <name>.debug_info</name>
         <load_address>0xa812</load_address>
         <run_address>0xa812</run_address>
         <size>0xcb4</size>
         <input_file_ref idref="fl-6"/>
      </object_component>
      <object_component id="oc-eb">
         <name>.debug_info</name>
         <load_address>0xb4c6</load_address>
         <run_address>0xb4c6</run_address>
         <size>0xd0</size>
         <input_file_ref idref="fl-6"/>
      </object_component>
      <object_component id="oc-ee">
         <name>.debug_info</name>
         <load_address>0xb596</load_address>
         <run_address>0xb596</run_address>
         <size>0xd0</size>
         <input_file_ref idref="fl-6"/>
      </object_component>
      <object_component id="oc-f1">
         <name>.debug_info</name>
         <load_address>0xb666</load_address>
         <run_address>0xb666</run_address>
         <size>0xd0</size>
         <input_file_ref idref="fl-6"/>
      </object_component>
      <object_component id="oc-f4">
         <name>.debug_info</name>
         <load_address>0xb736</load_address>
         <run_address>0xb736</run_address>
         <size>0xd0</size>
         <input_file_ref idref="fl-6"/>
      </object_component>
      <object_component id="oc-91">
         <name>.debug_info</name>
         <load_address>0xb806</load_address>
         <run_address>0xb806</run_address>
         <size>0x6f5</size>
         <input_file_ref idref="fl-6"/>
      </object_component>
      <object_component id="oc-21f">
         <name>.debug_info</name>
         <load_address>0xbefb</load_address>
         <run_address>0xbefb</run_address>
         <size>0x37e2</size>
         <input_file_ref idref="fl-6"/>
      </object_component>
      <object_component id="oc-202">
         <name>.debug_info</name>
         <load_address>0xf6dd</load_address>
         <run_address>0xf6dd</run_address>
         <size>0x63d</size>
         <input_file_ref idref="fl-7"/>
      </object_component>
      <object_component id="oc-df">
         <name>.debug_info</name>
         <load_address>0xfd1a</load_address>
         <run_address>0xfd1a</run_address>
         <size>0x4a0</size>
         <input_file_ref idref="fl-7"/>
      </object_component>
      <object_component id="oc-187">
         <name>.debug_info</name>
         <load_address>0x101ba</load_address>
         <run_address>0x101ba</run_address>
         <size>0x6dd</size>
         <input_file_ref idref="fl-8"/>
      </object_component>
      <object_component id="oc-c1">
         <name>.debug_info</name>
         <load_address>0x10897</load_address>
         <run_address>0x10897</run_address>
         <size>0x851</size>
         <input_file_ref idref="fl-8"/>
      </object_component>
      <object_component id="oc-1dc">
         <name>.debug_info</name>
         <load_address>0x110e8</load_address>
         <run_address>0x110e8</run_address>
         <size>0xb91</size>
         <input_file_ref idref="fl-9"/>
      </object_component>
      <object_component id="oc-1d9">
         <name>.debug_info</name>
         <load_address>0x11c79</load_address>
         <run_address>0x11c79</run_address>
         <size>0xd3</size>
         <input_file_ref idref="fl-9"/>
      </object_component>
      <object_component id="oc-c8">
         <name>.debug_info</name>
         <load_address>0x11d4c</load_address>
         <run_address>0x11d4c</run_address>
         <size>0x3659</size>
         <input_file_ref idref="fl-9"/>
      </object_component>
      <object_component id="oc-2ce">
         <name>.debug_info</name>
         <load_address>0x153a5</load_address>
         <run_address>0x153a5</run_address>
         <size>0x37e2</size>
         <input_file_ref idref="fl-9"/>
      </object_component>
      <object_component id="oc-159">
         <name>.debug_info</name>
         <load_address>0x18b87</load_address>
         <run_address>0x18b87</run_address>
         <size>0xe9</size>
         <input_file_ref idref="fl-a"/>
      </object_component>
      <object_component id="oc-a6">
         <name>.debug_info</name>
         <load_address>0x18c70</load_address>
         <run_address>0x18c70</run_address>
         <size>0x25b</size>
         <input_file_ref idref="fl-a"/>
      </object_component>
      <object_component id="oc-276">
         <name>.debug_info</name>
         <load_address>0x18ecb</load_address>
         <run_address>0x18ecb</run_address>
         <size>0x926</size>
         <input_file_ref idref="fl-b"/>
      </object_component>
      <object_component id="oc-1ac">
         <name>.debug_info</name>
         <load_address>0x197f1</load_address>
         <run_address>0x197f1</run_address>
         <size>0x10a</size>
         <input_file_ref idref="fl-b"/>
      </object_component>
      <object_component id="oc-1af">
         <name>.debug_info</name>
         <load_address>0x198fb</load_address>
         <run_address>0x198fb</run_address>
         <size>0x116</size>
         <input_file_ref idref="fl-b"/>
      </object_component>
      <object_component id="oc-27f">
         <name>.debug_info</name>
         <load_address>0x19a11</load_address>
         <run_address>0x19a11</run_address>
         <size>0xeb</size>
         <input_file_ref idref="fl-b"/>
      </object_component>
      <object_component id="oc-18e">
         <name>.debug_info</name>
         <load_address>0x19afc</load_address>
         <run_address>0x19afc</run_address>
         <size>0x1519</size>
         <input_file_ref idref="fl-b"/>
      </object_component>
      <object_component id="oc-394">
         <name>.debug_info</name>
         <load_address>0x1b015</load_address>
         <run_address>0x1b015</run_address>
         <size>0x86c</size>
         <input_file_ref idref="fl-c"/>
      </object_component>
      <object_component id="oc-340">
         <name>.debug_info</name>
         <load_address>0x1b881</load_address>
         <run_address>0x1b881</run_address>
         <size>0xfe</size>
         <input_file_ref idref="fl-c"/>
      </object_component>
      <object_component id="oc-264">
         <name>.debug_info</name>
         <load_address>0x1b97f</load_address>
         <run_address>0x1b97f</run_address>
         <size>0x598</size>
         <input_file_ref idref="fl-c"/>
      </object_component>
      <object_component id="oc-6c">
         <name>.debug_info</name>
         <load_address>0x1bf17</load_address>
         <run_address>0x1bf17</run_address>
         <size>0x2c8</size>
         <input_file_ref idref="fl-d"/>
      </object_component>
      <object_component id="oc-24">
         <name>.debug_info</name>
         <load_address>0x1c1df</load_address>
         <run_address>0x1c1df</run_address>
         <size>0xf4</size>
         <input_file_ref idref="fl-d"/>
      </object_component>
      <object_component id="oc-68">
         <name>.debug_info</name>
         <load_address>0x1c2d3</load_address>
         <run_address>0x1c2d3</run_address>
         <size>0x1cb</size>
         <input_file_ref idref="fl-d"/>
      </object_component>
      <object_component id="oc-32c">
         <name>.debug_info</name>
         <load_address>0x1c49e</load_address>
         <run_address>0x1c49e</run_address>
         <size>0x6fd</size>
         <input_file_ref idref="fl-15"/>
      </object_component>
      <object_component id="oc-25b">
         <name>.debug_info</name>
         <load_address>0x1cb9b</load_address>
         <run_address>0x1cb9b</run_address>
         <size>0x131</size>
         <input_file_ref idref="fl-15"/>
      </object_component>
      <object_component id="oc-2e2">
         <name>.debug_info</name>
         <load_address>0x1cccc</load_address>
         <run_address>0x1cccc</run_address>
         <size>0x24e</size>
         <input_file_ref idref="fl-15"/>
      </object_component>
      <object_component id="oc-32e">
         <name>.debug_info</name>
         <load_address>0x1cf1a</load_address>
         <run_address>0x1cf1a</run_address>
         <size>0x2a1</size>
         <input_file_ref idref="fl-15"/>
      </object_component>
      <object_component id="oc-16f">
         <name>.debug_info</name>
         <load_address>0x1d1bb</load_address>
         <run_address>0x1d1bb</run_address>
         <size>0x29f</size>
         <input_file_ref idref="fl-15"/>
      </object_component>
      <object_component id="oc-270">
         <name>.debug_info</name>
         <load_address>0x1d45a</load_address>
         <run_address>0x1d45a</run_address>
         <size>0x256</size>
         <input_file_ref idref="fl-15"/>
      </object_component>
      <object_component id="oc-26a">
         <name>.debug_info</name>
         <load_address>0x1d6b0</load_address>
         <run_address>0x1d6b0</run_address>
         <size>0x254</size>
         <input_file_ref idref="fl-15"/>
      </object_component>
      <object_component id="oc-2e8">
         <name>.debug_info</name>
         <load_address>0x1d904</load_address>
         <run_address>0x1d904</run_address>
         <size>0x254</size>
         <input_file_ref idref="fl-15"/>
      </object_component>
      <object_component id="oc-2ee">
         <name>.debug_info</name>
         <load_address>0x1db58</load_address>
         <run_address>0x1db58</run_address>
         <size>0x270</size>
         <input_file_ref idref="fl-15"/>
      </object_component>
      <object_component id="oc-2f4">
         <name>.debug_info</name>
         <load_address>0x1ddc8</load_address>
         <run_address>0x1ddc8</run_address>
         <size>0x27a</size>
         <input_file_ref idref="fl-15"/>
      </object_component>
      <object_component id="oc-325">
         <name>.debug_info</name>
         <load_address>0x1e042</load_address>
         <run_address>0x1e042</run_address>
         <size>0x431a</size>
         <input_file_ref idref="fl-15"/>
      </object_component>
      <object_component id="oc-384">
         <name>.debug_info</name>
         <load_address>0x2235c</load_address>
         <run_address>0x2235c</run_address>
         <size>0x6f0</size>
         <input_file_ref idref="fl-17"/>
      </object_component>
      <object_component id="oc-37e">
         <name>.debug_info</name>
         <load_address>0x22a4c</load_address>
         <run_address>0x22a4c</run_address>
         <size>0x1c2</size>
         <input_file_ref idref="fl-17"/>
      </object_component>
      <object_component id="oc-334">
         <name>.debug_info</name>
         <load_address>0x22c0e</load_address>
         <run_address>0x22c0e</run_address>
         <size>0x226</size>
         <input_file_ref idref="fl-17"/>
      </object_component>
      <object_component id="oc-33a">
         <name>.debug_info</name>
         <load_address>0x22e34</load_address>
         <run_address>0x22e34</run_address>
         <size>0x230</size>
         <input_file_ref idref="fl-17"/>
      </object_component>
      <object_component id="oc-38d">
         <name>.debug_info</name>
         <load_address>0x23064</load_address>
         <run_address>0x23064</run_address>
         <size>0x1e4</size>
         <input_file_ref idref="fl-17"/>
      </object_component>
      <object_component id="oc-387">
         <name>.debug_info</name>
         <load_address>0x23248</load_address>
         <run_address>0x23248</run_address>
         <size>0x1e4</size>
         <input_file_ref idref="fl-17"/>
      </object_component>
      <object_component id="oc-1f6">
         <name>.debug_info</name>
         <load_address>0x2342c</load_address>
         <run_address>0x2342c</run_address>
         <size>0x26b</size>
         <input_file_ref idref="fl-18"/>
      </object_component>
      <object_component id="oc-1ea">
         <name>.debug_info</name>
         <load_address>0x23697</load_address>
         <run_address>0x23697</run_address>
         <size>0x1f9</size>
         <input_file_ref idref="fl-18"/>
      </object_component>
      <object_component id="oc-1fc">
         <name>.debug_info</name>
         <load_address>0x23890</load_address>
         <run_address>0x23890</run_address>
         <size>0x1d6</size>
         <input_file_ref idref="fl-18"/>
      </object_component>
      <object_component id="oc-1f0">
         <name>.debug_info</name>
         <load_address>0x23a66</load_address>
         <run_address>0x23a66</run_address>
         <size>0x205</size>
         <input_file_ref idref="fl-18"/>
      </object_component>
      <object_component id="oc-258">
         <name>.debug_info</name>
         <load_address>0x23c6b</load_address>
         <run_address>0x23c6b</run_address>
         <size>0x6e7</size>
         <input_file_ref idref="fl-19"/>
      </object_component>
      <object_component id="oc-164">
         <name>.debug_info</name>
         <load_address>0x24352</load_address>
         <run_address>0x24352</run_address>
         <size>0x230</size>
         <input_file_ref idref="fl-19"/>
      </object_component>
      <object_component id="oc-182">
         <name>.debug_info</name>
         <load_address>0x24582</load_address>
         <run_address>0x24582</run_address>
         <size>0x232</size>
         <input_file_ref idref="fl-19"/>
      </object_component>
      <object_component id="oc-17c">
         <name>.debug_info</name>
         <load_address>0x247b4</load_address>
         <run_address>0x247b4</run_address>
         <size>0x1f1</size>
         <input_file_ref idref="fl-19"/>
      </object_component>
      <object_component id="oc-16a">
         <name>.debug_info</name>
         <load_address>0x249a5</load_address>
         <run_address>0x249a5</run_address>
         <size>0x1ef</size>
         <input_file_ref idref="fl-19"/>
      </object_component>
      <object_component id="oc-175">
         <name>.debug_info</name>
         <load_address>0x24b94</load_address>
         <run_address>0x24b94</run_address>
         <size>0x225</size>
         <input_file_ref idref="fl-19"/>
      </object_component>
      <object_component id="oc-f7">
         <name>.debug_info</name>
         <load_address>0x24db9</load_address>
         <run_address>0x24db9</run_address>
         <size>0x1c5</size>
         <input_file_ref idref="fl-1a"/>
      </object_component>
      <object_component id="oc-297">
         <name>.debug_info</name>
         <load_address>0x24f7e</load_address>
         <run_address>0x24f7e</run_address>
         <size>0x488</size>
         <input_file_ref idref="fl-1d"/>
      </object_component>
      <object_component id="oc-1b5">
         <name>.debug_info</name>
         <load_address>0x25406</load_address>
         <run_address>0x25406</run_address>
         <size>0x29e</size>
         <input_file_ref idref="fl-1d"/>
      </object_component>
      <object_component id="oc-1e6">
         <name>.debug_info</name>
         <load_address>0x256a4</load_address>
         <run_address>0x256a4</run_address>
         <size>0x55d</size>
         <input_file_ref idref="fl-1e"/>
      </object_component>
      <object_component id="oc-197">
         <name>.debug_info</name>
         <load_address>0x25c01</load_address>
         <run_address>0x25c01</run_address>
         <size>0x1eb</size>
         <input_file_ref idref="fl-1e"/>
      </object_component>
      <object_component id="oc-19d">
         <name>.debug_info</name>
         <load_address>0x25dec</load_address>
         <run_address>0x25dec</run_address>
         <size>0x1ff</size>
         <input_file_ref idref="fl-1e"/>
      </object_component>
      <object_component id="oc-1a3">
         <name>.debug_info</name>
         <load_address>0x25feb</load_address>
         <run_address>0x25feb</run_address>
         <size>0x1cc</size>
         <input_file_ref idref="fl-1e"/>
      </object_component>
      <object_component id="oc-d6">
         <name>.debug_info</name>
         <load_address>0x261b7</load_address>
         <run_address>0x261b7</run_address>
         <size>0x1f2</size>
         <input_file_ref idref="fl-1e"/>
      </object_component>
      <object_component id="oc-1a8">
         <name>.debug_info</name>
         <load_address>0x263a9</load_address>
         <run_address>0x263a9</run_address>
         <size>0x1bf</size>
         <input_file_ref idref="fl-1e"/>
      </object_component>
      <object_component id="oc-2d6">
         <name>.debug_info</name>
         <load_address>0x26568</load_address>
         <run_address>0x26568</run_address>
         <size>0x3f7</size>
         <input_file_ref idref="fl-1f"/>
      </object_component>
      <object_component id="oc-2a0">
         <name>.debug_info</name>
         <load_address>0x2695f</load_address>
         <run_address>0x2695f</run_address>
         <size>0x1ff</size>
         <input_file_ref idref="fl-1f"/>
      </object_component>
      <object_component id="oc-2c3">
         <name>.debug_info</name>
         <load_address>0x26b5e</load_address>
         <run_address>0x26b5e</run_address>
         <size>0x253</size>
         <input_file_ref idref="fl-1f"/>
      </object_component>
      <object_component id="oc-2b6">
         <name>.debug_info</name>
         <load_address>0x26db1</load_address>
         <run_address>0x26db1</run_address>
         <size>0x21d</size>
         <input_file_ref idref="fl-1f"/>
      </object_component>
      <object_component id="oc-2a8">
         <name>.debug_info</name>
         <load_address>0x26fce</load_address>
         <run_address>0x26fce</run_address>
         <size>0x219</size>
         <input_file_ref idref="fl-1f"/>
      </object_component>
      <object_component id="oc-2af">
         <name>.debug_info</name>
         <load_address>0x271e7</load_address>
         <run_address>0x271e7</run_address>
         <size>0x1fc</size>
         <input_file_ref idref="fl-1f"/>
      </object_component>
      <object_component id="oc-1e0">
         <name>.debug_info</name>
         <load_address>0x273e3</load_address>
         <run_address>0x273e3</run_address>
         <size>0x1df</size>
         <input_file_ref idref="fl-1f"/>
      </object_component>
      <object_component id="oc-287">
         <name>.debug_info</name>
         <load_address>0x275c2</load_address>
         <run_address>0x275c2</run_address>
         <size>0x1d7</size>
         <input_file_ref idref="fl-1f"/>
      </object_component>
      <object_component id="oc-295">
         <name>.debug_info</name>
         <load_address>0x27799</load_address>
         <run_address>0x27799</run_address>
         <size>0x276</size>
         <input_file_ref idref="fl-20"/>
      </object_component>
      <object_component id="oc-291">
         <name>.debug_info</name>
         <load_address>0x27a0f</load_address>
         <run_address>0x27a0f</run_address>
         <size>0x128</size>
         <input_file_ref idref="fl-20"/>
      </object_component>
      <object_component id="oc-1b2">
         <name>.debug_info</name>
         <load_address>0x27b37</load_address>
         <run_address>0x27b37</run_address>
         <size>0x125</size>
         <input_file_ref idref="fl-20"/>
      </object_component>
      <object_component id="oc-2c9">
         <name>.debug_info</name>
         <load_address>0x27c5c</load_address>
         <run_address>0x27c5c</run_address>
         <size>0x552</size>
         <input_file_ref idref="fl-21"/>
      </object_component>
      <object_component id="oc-35f">
         <name>.debug_info</name>
         <load_address>0x281ae</load_address>
         <run_address>0x281ae</run_address>
         <size>0x129</size>
         <input_file_ref idref="fl-21"/>
      </object_component>
      <object_component id="oc-2bd">
         <name>.debug_info</name>
         <load_address>0x282d7</load_address>
         <run_address>0x282d7</run_address>
         <size>0x22c</size>
         <input_file_ref idref="fl-21"/>
      </object_component>
      <object_component id="oc-1d3">
         <name>.debug_info</name>
         <load_address>0x28503</load_address>
         <run_address>0x28503</run_address>
         <size>0x3de</size>
         <input_file_ref idref="fl-21"/>
      </object_component>
      <object_component id="oc-2ad">
         <name>.debug_info</name>
         <load_address>0x288e1</load_address>
         <run_address>0x288e1</run_address>
         <size>0x537</size>
         <input_file_ref idref="fl-22"/>
      </object_component>
      <object_component id="oc-1ce">
         <name>.debug_info</name>
         <load_address>0x28e18</load_address>
         <run_address>0x28e18</run_address>
         <size>0x212</size>
         <input_file_ref idref="fl-22"/>
      </object_component>
      <object_component id="oc-1c2">
         <name>.debug_info</name>
         <load_address>0x2902a</load_address>
         <run_address>0x2902a</run_address>
         <size>0x210</size>
         <input_file_ref idref="fl-22"/>
      </object_component>
      <object_component id="oc-1e8">
         <name>.debug_info</name>
         <load_address>0x2923a</load_address>
         <run_address>0x2923a</run_address>
         <size>0x4f1</size>
         <input_file_ref idref="fl-23"/>
      </object_component>
      <object_component id="oc-d9">
         <name>.debug_info</name>
         <load_address>0x2972b</load_address>
         <run_address>0x2972b</run_address>
         <size>0x226</size>
         <input_file_ref idref="fl-23"/>
      </object_component>
      <object_component id="oc-1c7">
         <name>.debug_info</name>
         <load_address>0x29951</load_address>
         <run_address>0x29951</run_address>
         <size>0x1fa</size>
         <input_file_ref idref="fl-23"/>
      </object_component>
      <object_component id="oc-2a5">
         <name>.debug_info</name>
         <load_address>0x29b4b</load_address>
         <run_address>0x29b4b</run_address>
         <size>0x4b6</size>
         <input_file_ref idref="fl-24"/>
      </object_component>
      <object_component id="oc-299">
         <name>.debug_info</name>
         <load_address>0x2a001</load_address>
         <run_address>0x2a001</run_address>
         <size>0x1c1</size>
         <input_file_ref idref="fl-24"/>
      </object_component>
      <object_component id="oc-1bb">
         <name>.debug_info</name>
         <load_address>0x2a1c2</load_address>
         <run_address>0x2a1c2</run_address>
         <size>0x426</size>
         <input_file_ref idref="fl-24"/>
      </object_component>
      <object_component id="oc-35">
         <name>.debug_info</name>
         <load_address>0x2a5e8</load_address>
         <run_address>0x2a5e8</run_address>
         <size>0x11c</size>
         <input_file_ref idref="fl-da"/>
      </object_component>
      <object_component id="oc-83">
         <name>.debug_info</name>
         <load_address>0x2a704</load_address>
         <run_address>0x2a704</run_address>
         <size>0x31e</size>
         <input_file_ref idref="fl-db"/>
      </object_component>
      <object_component id="oc-49">
         <name>.debug_info</name>
         <load_address>0x2aa22</load_address>
         <run_address>0x2aa22</run_address>
         <size>0x1b5</size>
         <input_file_ref idref="fl-db"/>
      </object_component>
      <object_component id="oc-7e">
         <name>.debug_info</name>
         <load_address>0x2abd7</load_address>
         <run_address>0x2abd7</run_address>
         <size>0x46</size>
         <input_file_ref idref="fl-db"/>
      </object_component>
      <object_component id="oc-b7">
         <name>.debug_info</name>
         <load_address>0x2ac1d</load_address>
         <run_address>0x2ac1d</run_address>
         <size>0x2c</size>
         <input_file_ref idref="fl-db"/>
      </object_component>
      <object_component id="oc-3f">
         <name>.debug_info</name>
         <load_address>0x2ac49</load_address>
         <run_address>0x2ac49</run_address>
         <size>0x2a8</size>
         <input_file_ref idref="fl-dc"/>
      </object_component>
      <object_component id="oc-1b">
         <name>.debug_info</name>
         <load_address>0x2aef1</load_address>
         <run_address>0x2aef1</run_address>
         <size>0x1ea</size>
         <input_file_ref idref="fl-dc"/>
      </object_component>
      <object_component id="oc-3a">
         <name>.debug_info</name>
         <load_address>0x2b0db</load_address>
         <run_address>0x2b0db</run_address>
         <size>0x46</size>
         <input_file_ref idref="fl-dc"/>
      </object_component>
      <object_component id="oc-76">
         <name>.debug_info</name>
         <load_address>0x2b121</load_address>
         <run_address>0x2b121</run_address>
         <size>0x2c</size>
         <input_file_ref idref="fl-dc"/>
      </object_component>
      <object_component id="oc-74">
         <name>.debug_info</name>
         <load_address>0x2b14d</load_address>
         <run_address>0x2b14d</run_address>
         <size>0x29e</size>
         <input_file_ref idref="fl-dd"/>
      </object_component>
      <object_component id="oc-16">
         <name>.debug_info</name>
         <load_address>0x2b3eb</load_address>
         <run_address>0x2b3eb</run_address>
         <size>0x250</size>
         <input_file_ref idref="fl-dd"/>
      </object_component>
      <object_component id="oc-2a">
         <name>.debug_info</name>
         <load_address>0x2b63b</load_address>
         <run_address>0x2b63b</run_address>
         <size>0x60</size>
         <input_file_ref idref="fl-dd"/>
      </object_component>
      <object_component id="oc-b0">
         <name>.debug_info</name>
         <load_address>0x2b69b</load_address>
         <run_address>0x2b69b</run_address>
         <size>0x46</size>
         <input_file_ref idref="fl-dd"/>
      </object_component>
      <object_component id="oc-6f">
         <name>.debug_info</name>
         <load_address>0x2b6e1</load_address>
         <run_address>0x2b6e1</run_address>
         <size>0x39</size>
         <input_file_ref idref="fl-dd"/>
      </object_component>
      <object_component id="oc-27">
         <name>.debug_info</name>
         <load_address>0x2b71a</load_address>
         <run_address>0x2b71a</run_address>
         <size>0x10b</size>
         <input_file_ref idref="fl-de"/>
      </object_component>
      <object_component id="oc-53">
         <name>.debug_info</name>
         <load_address>0x2b825</load_address>
         <run_address>0x2b825</run_address>
         <size>0x1af</size>
         <input_file_ref idref="fl-de"/>
      </object_component>
      <object_component id="oc-11c">
         <name>.debug_info</name>
         <load_address>0x2b9d4</load_address>
         <run_address>0x2b9d4</run_address>
         <size>0x122</size>
         <input_file_ref idref="fl-df"/>
      </object_component>
      <object_component id="oc-86">
         <name>.debug_info</name>
         <load_address>0x2baf6</load_address>
         <run_address>0x2baf6</run_address>
         <size>0x14a</size>
         <input_file_ref idref="fl-e2"/>
      </object_component>
      <object_component id="oc-234">
         <name>.debug_info</name>
         <load_address>0x2bc40</load_address>
         <run_address>0x2bc40</run_address>
         <size>0x552</size>
         <input_file_ref idref="fl-e3"/>
      </object_component>
      <object_component id="oc-12a">
         <name>.debug_info</name>
         <load_address>0x2c192</load_address>
         <run_address>0x2c192</run_address>
         <size>0x1a6</size>
         <input_file_ref idref="fl-e3"/>
      </object_component>
      <object_component id="oc-312">
         <name>.debug_info</name>
         <load_address>0x2c338</load_address>
         <run_address>0x2c338</run_address>
         <size>0x39</size>
         <input_file_ref idref="fl-e3"/>
      </object_component>
      <object_component id="oc-36e">
         <name>.debug_info</name>
         <load_address>0x2c371</load_address>
         <run_address>0x2c371</run_address>
         <size>0x39</size>
         <input_file_ref idref="fl-e3"/>
      </object_component>
      <object_component id="oc-317">
         <name>.debug_info</name>
         <load_address>0x2c3aa</load_address>
         <run_address>0x2c3aa</run_address>
         <size>0x39</size>
         <input_file_ref idref="fl-e3"/>
      </object_component>
      <object_component id="oc-31c">
         <name>.debug_info</name>
         <load_address>0x2c3e3</load_address>
         <run_address>0x2c3e3</run_address>
         <size>0xcd</size>
         <input_file_ref idref="fl-e3"/>
      </object_component>
      <object_component id="oc-8b">
         <name>.debug_info</name>
         <load_address>0x2c4b0</load_address>
         <run_address>0x2c4b0</run_address>
         <size>0x153</size>
         <input_file_ref idref="fl-e4"/>
      </object_component>
      <object_component id="oc-3d0">
         <name>.debug_info</name>
         <load_address>0x2c603</load_address>
         <run_address>0x2c603</run_address>
         <size>0x9f</size>
      </object_component>
      <object_component id="oc-24c">
         <name>.debug_line</name>
         <load_address>0x0</load_address>
         <run_address>0x0</run_address>
         <size>0xd7</size>
         <input_file_ref idref="fl-2"/>
      </object_component>
      <object_component id="oc-207">
         <name>.debug_line</name>
         <load_address>0xd7</load_address>
         <run_address>0xd7</run_address>
         <size>0x557</size>
         <input_file_ref idref="fl-2"/>
      </object_component>
      <object_component id="oc-250">
         <name>.debug_line</name>
         <load_address>0x62e</load_address>
         <run_address>0x62e</run_address>
         <size>0x36</size>
         <input_file_ref idref="fl-2"/>
      </object_component>
      <object_component id="oc-ae">
         <name>.debug_line</name>
         <load_address>0x664</load_address>
         <run_address>0x664</run_address>
         <size>0x83</size>
         <input_file_ref idref="fl-2"/>
      </object_component>
      <object_component id="oc-227">
         <name>.debug_line</name>
         <load_address>0x6e7</load_address>
         <run_address>0x6e7</run_address>
         <size>0x78</size>
         <input_file_ref idref="fl-2"/>
      </object_component>
      <object_component id="oc-255">
         <name>.debug_line</name>
         <load_address>0x75f</load_address>
         <run_address>0x75f</run_address>
         <size>0x7b</size>
         <input_file_ref idref="fl-2"/>
      </object_component>
      <object_component id="oc-103">
         <name>.debug_line</name>
         <load_address>0x7da</load_address>
         <run_address>0x7da</run_address>
         <size>0x20</size>
         <input_file_ref idref="fl-2"/>
      </object_component>
      <object_component id="oc-15f">
         <name>.debug_line</name>
         <load_address>0x7fa</load_address>
         <run_address>0x7fa</run_address>
         <size>0x87</size>
         <input_file_ref idref="fl-2"/>
      </object_component>
      <object_component id="oc-18b">
         <name>.debug_line</name>
         <load_address>0x881</load_address>
         <run_address>0x881</run_address>
         <size>0x83</size>
         <input_file_ref idref="fl-2"/>
      </object_component>
      <object_component id="oc-118">
         <name>.debug_line</name>
         <load_address>0x904</load_address>
         <run_address>0x904</run_address>
         <size>0x84</size>
         <input_file_ref idref="fl-2"/>
      </object_component>
      <object_component id="oc-346">
         <name>.debug_line</name>
         <load_address>0x988</load_address>
         <run_address>0x988</run_address>
         <size>0x79</size>
         <input_file_ref idref="fl-2"/>
      </object_component>
      <object_component id="oc-112">
         <name>.debug_line</name>
         <load_address>0xa01</load_address>
         <run_address>0xa01</run_address>
         <size>0x7a</size>
         <input_file_ref idref="fl-2"/>
      </object_component>
      <object_component id="oc-2d4">
         <name>.debug_line</name>
         <load_address>0xa7b</load_address>
         <run_address>0xa7b</run_address>
         <size>0x20</size>
         <input_file_ref idref="fl-3"/>
      </object_component>
      <object_component id="oc-cd">
         <name>.debug_line</name>
         <load_address>0xa9b</load_address>
         <run_address>0xa9b</run_address>
         <size>0x57</size>
         <input_file_ref idref="fl-3"/>
      </object_component>
      <object_component id="oc-10d">
         <name>.debug_line</name>
         <load_address>0xaf2</load_address>
         <run_address>0xaf2</run_address>
         <size>0x2d</size>
         <input_file_ref idref="fl-3"/>
      </object_component>
      <object_component id="oc-32">
         <name>.debug_line</name>
         <load_address>0xb1f</load_address>
         <run_address>0xb1f</run_address>
         <size>0x20</size>
         <input_file_ref idref="fl-3"/>
      </object_component>
      <object_component id="oc-301">
         <name>.debug_line</name>
         <load_address>0xb3f</load_address>
         <run_address>0xb3f</run_address>
         <size>0x20</size>
         <input_file_ref idref="fl-4"/>
      </object_component>
      <object_component id="oc-2ff">
         <name>.debug_line</name>
         <load_address>0xb5f</load_address>
         <run_address>0xb5f</run_address>
         <size>0x2e</size>
         <input_file_ref idref="fl-4"/>
      </object_component>
      <object_component id="oc-2fd">
         <name>.debug_line</name>
         <load_address>0xb8d</load_address>
         <run_address>0xb8d</run_address>
         <size>0x2e</size>
         <input_file_ref idref="fl-4"/>
      </object_component>
      <object_component id="oc-21b">
         <name>.debug_line</name>
         <load_address>0xbbb</load_address>
         <run_address>0xbbb</run_address>
         <size>0x2e</size>
         <input_file_ref idref="fl-4"/>
      </object_component>
      <object_component id="oc-108">
         <name>.debug_line</name>
         <load_address>0xbe9</load_address>
         <run_address>0xbe9</run_address>
         <size>0x64</size>
         <input_file_ref idref="fl-4"/>
      </object_component>
      <object_component id="oc-2fb">
         <name>.debug_line</name>
         <load_address>0xc4d</load_address>
         <run_address>0xc4d</run_address>
         <size>0xa0</size>
         <input_file_ref idref="fl-5"/>
      </object_component>
      <object_component id="oc-e5">
         <name>.debug_line</name>
         <load_address>0xced</load_address>
         <run_address>0xced</run_address>
         <size>0x44d</size>
         <input_file_ref idref="fl-5"/>
      </object_component>
      <object_component id="oc-21e">
         <name>.debug_line</name>
         <load_address>0x113a</load_address>
         <run_address>0x113a</run_address>
         <size>0x137</size>
         <input_file_ref idref="fl-6"/>
      </object_component>
      <object_component id="oc-20c">
         <name>.debug_line</name>
         <load_address>0x1271</load_address>
         <run_address>0x1271</run_address>
         <size>0x33</size>
         <input_file_ref idref="fl-6"/>
      </object_component>
      <object_component id="oc-20e">
         <name>.debug_line</name>
         <load_address>0x12a4</load_address>
         <run_address>0x12a4</run_address>
         <size>0x33</size>
         <input_file_ref idref="fl-6"/>
      </object_component>
      <object_component id="oc-210">
         <name>.debug_line</name>
         <load_address>0x12d7</load_address>
         <run_address>0x12d7</run_address>
         <size>0x33</size>
         <input_file_ref idref="fl-6"/>
      </object_component>
      <object_component id="oc-212">
         <name>.debug_line</name>
         <load_address>0x130a</load_address>
         <run_address>0x130a</run_address>
         <size>0x33</size>
         <input_file_ref idref="fl-6"/>
      </object_component>
      <object_component id="oc-95">
         <name>.debug_line</name>
         <load_address>0x133d</load_address>
         <run_address>0x133d</run_address>
         <size>0x1a3</size>
         <input_file_ref idref="fl-6"/>
      </object_component>
      <object_component id="oc-222">
         <name>.debug_line</name>
         <load_address>0x14e0</load_address>
         <run_address>0x14e0</run_address>
         <size>0x7b</size>
         <input_file_ref idref="fl-6"/>
      </object_component>
      <object_component id="oc-2e0">
         <name>.debug_line</name>
         <load_address>0x155b</load_address>
         <run_address>0x155b</run_address>
         <size>0x7d</size>
[...]
         <name>SystemCoreClockUpdate</name>
         <value>0x40a1</value>
         <object_component_ref idref="oc-a2"/>
      </symbol>
      <symbol id="sm-2ed">
         <name>SystemCoreClock</name>
         <value>0x2000041c</value>
         <object_component_ref idref="oc-158"/>
      </symbol>
      <symbol id="sm-354">
         <name>Lcd_Orientation</name>
         <value>0x20000408</value>
      </symbol>
      <symbol id="sm-355">
         <name>Lcd_ScreenWidth</name>
         <value>0x20000402</value>
      </symbol>
      <symbol id="sm-356">
         <name>Lcd_ScreenHeigth</name>
         <value>0x20000400</value>
      </symbol>
      <symbol id="sm-357">
         <name>Lcd_PenSolid</name>
         <value>0x20000409</value>
      </symbol>
      <symbol id="sm-358">
         <name>Lcd_FontSolid</name>
         <value>0x20000407</value>
      </symbol>
      <symbol id="sm-359">
         <name>Lcd_FlagRead</name>
         <value>0x20000406</value>
      </symbol>
      <symbol id="sm-35a">
         <name>Lcd_TouchTrim</name>
         <value>0x20000404</value>
      </symbol>
      <symbol id="sm-35b">
         <name>Crystalfontz128x128_SetDrawFrame</name>
         <value>0x2f01</value>
         <object_component_ref idref="oc-18d"/>
      </symbol>
      <symbol id="sm-35c">
         <name>Crystalfontz128x128_SetOrientation</name>
         <value>0x302f</value>
         <object_component_ref idref="oc-18d"/>
      </symbol>
      <symbol id="sm-35d">
         <name>g_sCrystalfontz128x128_funcs</name>
         <value>0xa4c4</value>
         <object_component_ref idref="oc-1ae"/>
      </symbol>
      <symbol id="sm-35e">
         <name>g_sCrystalfontz128x128</name>
         <value>0x2000040c</value>
         <object_component_ref idref="oc-1ab"/>
      </symbol>
      <symbol id="sm-35f">
         <name>Crystalfontz128x128_Init</name>
         <value>0x2ded</value>
         <object_component_ref idref="oc-18d"/>
      </symbol>
      <symbol id="sm-37f">
         <name>HAL_LCD_writeData</name>
         <value>0x4e57</value>
         <object_component_ref idref="oc-263"/>
      </symbol>
      <symbol id="sm-380">
         <name>HAL_LCD_SpiInit</name>
         <value>0x4df1</value>
         <object_component_ref idref="oc-263"/>
      </symbol>
      <symbol id="sm-381">
         <name>HAL_LCD_PortInit</name>
         <value>0x4dc1</value>
         <object_component_ref idref="oc-263"/>
      </symbol>
      <symbol id="sm-382">
         <name>HAL_LCD_writeCommand</name>
         <value>0x4e27</value>
         <object_component_ref idref="oc-263"/>
      </symbol>
      <symbol id="sm-397">
         <name>Reset_Handler</name>
         <value>0x5a85</value>
         <object_component_ref idref="oc-64"/>
      </symbol>
      <symbol id="sm-398">
         <name>Default_Handler</name>
         <value>0x5a91</value>
         <object_component_ref idref="oc-64"/>
      </symbol>
      <symbol id="sm-399">
         <name>interruptVectors</name>
         <value>0x0</value>
         <object_component_ref idref="oc-23"/>
      </symbol>
      <symbol id="sm-407">
         <name>GPIO_setOutputHighOnPin</name>
         <value>0x58ad</value>
         <object_component_ref idref="oc-26f"/>
      </symbol>
      <symbol id="sm-408">
         <name>GPIO_setAsInputPinWithPullUpResistor</name>
         <value>0x54e9</value>
         <object_component_ref idref="oc-2ed"/>
      </symbol>
      <symbol id="sm-409">
         <name>GPIO_setAsOutputPin</name>
         <value>0x561d</value>
         <object_component_ref idref="oc-2e1"/>
      </symbol>
      <symbol id="sm-40a">
         <name>GPIO_setOutputLowOnPin</name>
         <value>0x58d5</value>
         <object_component_ref idref="oc-269"/>
      </symbol>
      <symbol id="sm-40b">
         <name>GPIO_toggleOutputOnPin</name>
         <value>0x58fd</value>
         <object_component_ref idref="oc-2e7"/>
      </symbol>
      <symbol id="sm-40c">
         <name>GPIO_setAsPeripheralModuleFunctionOutputPin</name>
         <value>0x523d</value>
         <object_component_ref idref="oc-32d"/>
      </symbol>
      <symbol id="sm-40d">
         <name>GPIO_getInputPinValue</name>
         <value>0x5821</value>
         <object_component_ref idref="oc-2f3"/>
      </symbol>
      <symbol id="sm-40e">
         <name>GPIO_setAsPeripheralModuleFunctionInputPin</name>
         <value>0x51b5</value>
         <object_component_ref idref="oc-16e"/>
      </symbol>
      <symbol id="sm-449">
         <name>EUSCI_B_SPI_enable</name>
         <value>0x59ff</value>
         <object_component_ref idref="oc-38b"/>
      </symbol>
      <symbol id="sm-44a">
         <name>SPI_enableModule</name>
         <value>0x5967</value>
         <object_component_ref idref="oc-339"/>
      </symbol>
      <symbol id="sm-44b">
         <name>EUSCI_A_SPI_enable</name>
         <value>0x59e9</value>
         <object_component_ref idref="oc-385"/>
      </symbol>
      <symbol id="sm-44c">
         <name>SPI_initMaster</name>
         <value>0x4e8d</value>
         <object_component_ref idref="oc-333"/>
      </symbol>
      <symbol id="sm-47d">
         <name>Timer32_startTimer</name>
         <value>0x56dd</value>
         <object_component_ref idref="oc-1ef"/>
      </symbol>
      <symbol id="sm-47e">
         <name>Timer32_setCount</name>
         <value>0x57b9</value>
         <object_component_ref idref="oc-1e9"/>
      </symbol>
      <symbol id="sm-47f">
         <name>Timer32_getValue</name>
         <value>0x5a69</value>
         <object_component_ref idref="oc-1fb"/>
      </symbol>
      <symbol id="sm-480">
         <name>Timer32_initModule</name>
         <value>0x5419</value>
         <object_component_ref idref="oc-1f5"/>
      </symbol>
      <symbol id="sm-4c5">
         <name>UART_receiveData</name>
         <value>0x5851</value>
         <object_component_ref idref="oc-17a"/>
      </symbol>
      <symbol id="sm-4c6">
         <name>UART_enableModule</name>
         <value>0x5a41</value>
         <object_component_ref idref="oc-168"/>
      </symbol>
      <symbol id="sm-4c7">
         <name>UART_transmitData</name>
         <value>0x57ed</value>
         <object_component_ref idref="oc-180"/>
      </symbol>
      <symbol id="sm-4c8">
         <name>UART_getInterruptStatus</name>
         <value>0x59d1</value>
         <object_component_ref idref="oc-174"/>
      </symbol>
      <symbol id="sm-4c9">
         <name>UART_initModule</name>
         <value>0x4cc5</value>
         <object_component_ref idref="oc-162"/>
      </symbol>
      <symbol id="sm-4d5">
         <name>WDT_A_holdTimer</name>
         <value>0x5925</value>
         <object_component_ref idref="oc-f6"/>
      </symbol>
      <symbol id="sm-4f4">
         <name>Graphics_fillCircle</name>
         <value>0x4751</value>
         <object_component_ref idref="oc-1b4"/>
      </symbol>
      <symbol id="sm-521">
         <name>Graphics_setBackgroundColor</name>
         <value>0x599d</value>
         <object_component_ref idref="oc-199"/>
      </symbol>
      <symbol id="sm-522">
         <name>Graphics_setFont</name>
         <value>0x59b7</value>
         <object_component_ref idref="oc-19f"/>
      </symbol>
      <symbol id="sm-523">
         <name>Graphics_initContext</name>
         <value>0x5541</value>
         <object_component_ref idref="oc-193"/>
      </symbol>
      <symbol id="sm-524">
         <name>Graphics_setForegroundColor</name>
         <value>0x5a15</value>
         <object_component_ref idref="oc-d2"/>
      </symbol>
      <symbol id="sm-525">
         <name>Graphics_clearDisplay</name>
         <value>0x5a57</value>
         <object_component_ref idref="oc-1a5"/>
      </symbol>
      <symbol id="sm-562">
         <name>Graphics_clearDisplayOnDisplay</name>
         <value>0x5983</value>
         <object_component_ref idref="oc-285"/>
      </symbol>
      <symbol id="sm-563">
         <name>Graphics_drawPixelOnDisplay</name>
         <value>0x5881</value>
         <object_component_ref idref="oc-29e"/>
      </symbol>
      <symbol id="sm-564">
         <name>Graphics_translateColorOnDisplay</name>
         <value>0x5a2b</value>
         <object_component_ref idref="oc-1df"/>
      </symbol>
      <symbol id="sm-565">
         <name>Graphics_drawHorizontalLineOnDisplay</name>
         <value>0x574d</value>
         <object_component_ref idref="oc-2b5"/>
      </symbol>
      <symbol id="sm-566">
         <name>Graphics_drawVerticalLineOnDisplay</name>
         <value>0x5783</value>
         <object_component_ref idref="oc-2a6"/>
      </symbol>
      <symbol id="sm-567">
         <name>Graphics_drawMultiplePixelsOnDisplay</name>
         <value>0x5593</value>
         <object_component_ref idref="oc-2c2"/>
      </symbol>
      <symbol id="sm-568">
         <name>Graphics_fillRectangleOnDisplay</name>
         <value>0x5949</value>
         <object_component_ref idref="oc-2ae"/>
      </symbol>
      <symbol id="sm-57a">
         <name>g_sFontCmtt12</name>
         <value>0xa3cc</value>
         <object_component_ref idref="oc-1b1"/>
      </symbol>
      <symbol id="sm-5b0">
         <name>Graphics_drawImage</name>
         <value>0x3d11</value>
         <object_component_ref idref="oc-1d2"/>
      </symbol>
      <symbol id="sm-5d1">
         <name>Graphics_drawLineH</name>
         <value>0x4fdf</value>
         <object_component_ref idref="oc-1cc"/>
      </symbol>
      <symbol id="sm-5d2">
         <name>Graphics_drawLineV</name>
         <value>0x507b</value>
         <object_component_ref idref="oc-1c0"/>
      </symbol>
      <symbol id="sm-5f2">
         <name>Graphics_drawRectangle</name>
         <value>0x4f3d</value>
         <object_component_ref idref="oc-d8"/>
      </symbol>
      <symbol id="sm-5f3">
         <name>Graphics_fillRectangle</name>
         <value>0x4bb1</value>
         <object_component_ref idref="oc-1c6"/>
      </symbol>
      <symbol id="sm-633">
         <name>Graphics_drawString</name>
         <value>0x346d</value>
         <object_component_ref idref="oc-1ba"/>
      </symbol>
      <symbol id="sm-64e">
         <name>memcpy</name>
         <value>0x5117</value>
         <object_component_ref idref="oc-34"/>
      </symbol>
      <symbol id="sm-64f">
         <name>__aeabi_memcpy</name>
         <value>0x5117</value>
         <object_component_ref idref="oc-34"/>
      </symbol>
      <symbol id="sm-650">
         <name>__aeabi_memcpy8</name>
         <value>0x5117</value>
         <object_component_ref idref="oc-34"/>
      </symbol>
      <symbol id="sm-651">
         <name>__aeabi_memcpy4</name>
         <value>0x5117</value>
         <object_component_ref idref="oc-34"/>
      </symbol>
      <symbol id="sm-668">
         <name>__TI_zero_init</name>
         <value>0x5a93</value>
         <object_component_ref idref="oc-46"/>
      </symbol>
      <symbol id="sm-67f">
         <name>__TI_decompress_none</name>
         <value>0x5a77</value>
         <object_component_ref idref="oc-1a"/>
      </symbol>
      <symbol id="sm-6a2">
         <name>__TI_decompress_lzss</name>
         <value>0x5481</value>
         <object_component_ref idref="oc-14"/>
      </symbol>
      <symbol id="sm-6b5">
         <name>__stack</name>
         <value>0x2000fe00</value>
         <object_component_ref idref="oc-26"/>
      </symbol>
      <symbol id="sm-6b6">
         <name>_c_int00_noargs</name>
         <value>0x5715</value>
         <object_component_ref idref="oc-52"/>
      </symbol>
      <symbol id="sm-6c1">
         <name>C$$EXIT</name>
         <value>0x5aa3</value>
         <object_component_ref idref="oc-11a"/>
      </symbol>
      <symbol id="sm-6c2">
         <name>abort</name>
         <value>0x5aa3</value>
         <object_component_ref idref="oc-11a"/>
      </symbol>
      <symbol id="sm-6d3">
         <name>__aeabi_memset</name>
         <value>0x52c7</value>
         <object_component_ref idref="oc-84"/>
      </symbol>
      <symbol id="sm-6d4">
         <name>memset</name>
         <value>0x52cd</value>
         <object_component_ref idref="oc-84"/>
      </symbol>
      <symbol id="sm-6d5">
         <name>__aeabi_memset8</name>
         <value>0x52c7</value>
         <object_component_ref idref="oc-84"/>
      </symbol>
      <symbol id="sm-6d6">
         <name>__aeabi_memset4</name>
         <value>0x52c7</value>
         <object_component_ref idref="oc-84"/>
      </symbol>
      <symbol id="sm-6d7">
         <name>__aeabi_memclr8</name>
         <value>0x52c5</value>
         <object_component_ref idref="oc-84"/>
      </symbol>
      <symbol id="sm-6d8">
         <name>__aeabi_memclr4</name>
         <value>0x52c5</value>
         <object_component_ref idref="oc-84"/>
      </symbol>
      <symbol id="sm-6d9">
         <name>__aeabi_memclr</name>
         <value>0x52c5</value>
         <object_component_ref idref="oc-84"/>
      </symbol>
      <symbol id="sm-701">
         <name>__TI_auto_init_nobinit_nopinit</name>
         <value>0x55d9</value>
         <object_component_ref idref="oc-126"/>
      </symbol>
      <symbol id="sm-70b">
         <name>_system_pre_init</name>
         <value>0x5a9f</value>
         <object_component_ref idref="oc-8a"/>
      </symbol>
      <symbol id="sm-70d">
         <name>__TI_static_base__</name>
         <value>0x0</value>
      </symbol>
      <symbol id="sm-710">
         <name>__mpu_init</name>
         <value>0x0</value>
      </symbol>
      <symbol id="sm-711">
         <name>_system_post_cinit</name>
         <value>0x0</value>
      </symbol>
      <symbol id="sm-712">
         <name>NMI_Handler</name>
         <value>0x5a91</value>
      </symbol>
      <symbol id="sm-713">
         <name>HardFault_Handler</name>
         <value>0x5a91</value>
      </symbol>
      <symbol id="sm-714">
         <name>MemManage_Handler</name>
         <value>0x5a91</value>
      </symbol>
      <symbol id="sm-715">
         <name>BusFault_Handler</name>
         <value>0x5a91</value>
      </symbol>
      <symbol id="sm-716">
         <name>UsageFault_Handler</name>
         <value>0x5a91</value>
      </symbol>
      <symbol id="sm-717">
         <name>SVC_Handler</name>
         <value>0x5a91</value>
      </symbol>
      <symbol id="sm-718">
         <name>DebugMon_Handler</name>
         <value>0x5a91</value>
      </symbol>
      <symbol id="sm-719">
         <name>PendSV_Handler</name>
         <value>0x5a91</value>
      </symbol>
      <symbol id="sm-71a">
         <name>SysTick_Handler</name>
         <value>0x5a91</value>
      </symbol>
      <symbol id="sm-71b">
         <name>PSS_IRQHandler</name>
         <value>0x5a91</value>
      </symbol>
      <symbol id="sm-71c">
         <name>CS_IRQHandler</name>
         <value>0x5a91</value>
      </symbol>
      <symbol id="sm-71d">
         <name>PCM_IRQHandler</name>
         <value>0x5a91</value>
      </symbol>
      <symbol id="sm-71e">
         <name>WDT_A_IRQHandler</name>
         <value>0x5a91</value>
      </symbol>
      <symbol id="sm-71f">
         <name>FPU_IRQHandler</name>
         <value>0x5a91</value>
      </symbol>
      <symbol id="sm-720">
         <name>FLCTL_IRQHandler</name>
         <value>0x5a91</value>
      </symbol>
      <symbol id="sm-721">
         <name>COMP_E0_IRQHandler</name>
         <value>0x5a91</value>
      </symbol>
      <symbol id="sm-722">
         <name>COMP_E1_IRQHandler</name>
         <value>0x5a91</value>
      </symbol>
      <symbol id="sm-723">
         <name>TA0_0_IRQHandler</name>
         <value>0x5a91</value>
      </symbol>
      <symbol id="sm-724">
         <name>TA0_N_IRQHandler</name>
         <value>0x5a91</value>
      </symbol>
      <symbol id="sm-725">
         <name>TA1_0_IRQHandler</name>
         <value>0x5a91</value>
      </symbol>
      <symbol id="sm-726">
         <name>TA1_N_IRQHandler</name>
         <value>0x5a91</value>
      </symbol>
      <symbol id="sm-727">
         <name>TA2_0_IRQHandler</name>
         <value>0x5a91</value>
      </symbol>
      <symbol id="sm-728">
         <name>TA2_N_IRQHandler</name>
         <value>0x5a91</value>
      </symbol>
      <symbol id="sm-729">
         <name>TA3_0_IRQHandler</name>
         <value>0x5a91</value>
      </symbol>
      <symbol id="sm-72a">
         <name>TA3_N_IRQHandler</name>
         <value>0x5a91</value>
      </symbol>
      <symbol id="sm-72b">
         <name>EUSCIA0_IRQHandler</name>
         <value>0x5a91</value>
      </symbol>
      <symbol id="sm-72c">
         <name>EUSCIA1_IRQHandler</name>
         <value>0x5a91</value>
      </symbol>
      <symbol id="sm-72d">
         <name>EUSCIA2_IRQHandler</name>
         <value>0x5a91</value>
      </symbol>
      <symbol id="sm-72e">
         <name>EUSCIA3_IRQHandler</name>
         <value>0x5a91</value>
      </symbol>
      <symbol id="sm-72f">
         <name>EUSCIB0_IRQHandler</name>
         <value>0x5a91</value>
      </symbol>
      <symbol id="sm-730">
         <name>EUSCIB1_IRQHandler</name>
         <value>0x5a91</value>
      </symbol>
      <symbol id="sm-731">
         <name>EUSCIB2_IRQHandler</name>
         <value>0x5a91</value>
      </symbol>
      <symbol id="sm-732">
         <name>EUSCIB3_IRQHandler</name>
         <value>0x5a91</value>
      </symbol>
      <symbol id="sm-733">
         <name>ADC14_IRQHandler</name>
         <value>0x5a91</value>
      </symbol>
      <symbol id="sm-734">
         <name>T32_INT1_IRQHandler</name>
         <value>0x5a91</value>
      </symbol>
      <symbol id="sm-735">
         <name>T32_INT2_IRQHandler</name>
         <value>0x5a91</value>
      </symbol>
      <symbol id="sm-736">
         <name>T32_INTC_IRQHandler</name>
         <value>0x5a91</value>
      </symbol>
      <symbol id="sm-737">
         <name>AES256_IRQHandler</name>
         <value>0x5a91</value>
      </symbol>
      <symbol id="sm-738">
         <name>RTC_C_IRQHandler</name>
         <value>0x5a91</value>
      </symbol>
      <symbol id="sm-739">
         <name>DMA_ERR_IRQHandler</name>
         <value>0x5a91</value>
      </symbol>
      <symbol id="sm-73a">
         <name>DMA_INT3_IRQHandler</name>
         <value>0x5a91</value>
      </symbol>
      <symbol id="sm-73b">
         <name>DMA_INT2_IRQHandler</name>
         <value>0x5a91</value>
      </symbol>
      <symbol id="sm-73c">
         <name>DMA_INT1_IRQHandler</name>
         <value>0x5a91</value>
      </symbol>
      <symbol id="sm-73d">
         <name>DMA_INT0_IRQHandler</name>
         <value>0x5a91</value>
      </symbol>
      <symbol id="sm-73e">
         <name>PORT1_IRQHandler</name>
         <value>0x5a91</value>
      </symbol>
      <symbol id="sm-73f">
         <name>PORT2_IRQHandler</name>
         <value>0x5a91</value>
      </symbol>
      <symbol id="sm-740">
         <name>PORT3_IRQHandler</name>
         <value>0x5a91</value>
      </symbol>
      <symbol id="sm-741">
         <name>PORT4_IRQHandler</name>
         <value>0x5a91</value>
      </symbol>
      <symbol id="sm-742">
         <name>PORT5_IRQHandler</name>
         <value>0x5a91</value>
      </symbol>
      <symbol id="sm-743">
         <name>PORT6_IRQHandler</name>
         <value>0x5a91</value>
      </symbol>
   </symbol_table>
   <title>Link successful</title>
</link_info>
